Component: ARM Compiler 5.06 update 7 (build 960) Tool: armlink [4d3601]

==============================================================================

Section Cross References

    main.o(i.main) refers to misc.o(i.NVIC_PriorityGroupConfig) for NVIC_PriorityGroupConfig
    main.o(i.main) refers to delay.o(i.delay_init) for delay_init
    main.o(i.main) refers to usart.o(i.uart1_init) for uart1_init
    main.o(i.main) refers to action.o(i.Action_Init) for Action_Init
    main.o(i.main) refers to chassis.o(i.CAN_motor_init) for CAN_motor_init
    main.o(i.main) refers to remove_control.o(i.TIM2_GET_TIM_Init) for TIM2_GET_TIM_Init
    main.o(i.main) refers to remove_control.o(i.PPM_Init) for PPM_Init
    main.o(i.main) refers to tasks.o(i.xTaskCreate) for xTaskCreate
    main.o(i.main) refers to tasks.o(i.vTaskStartScheduler) for vTaskStartScheduler
    main.o(i.main) refers to main.o(.data) for .data
    main.o(i.main) refers to main.o(i.start_task) for start_task
    main.o(i.start_task) refers to port.o(i.vPortEnterCritical) for vPortEnterCritical
    main.o(i.start_task) refers to tasks.o(i.xTaskCreate) for xTaskCreate
    main.o(i.start_task) refers to tasks.o(i.vTaskDelete) for vTaskDelete
    main.o(i.start_task) refers to port.o(i.vPortExitCritical) for vPortExitCritical
    main.o(i.start_task) refers to main.o(.data) for .data
    main.o(i.start_task) refers to move_task.o(i.move_task) for move_task
    system_stm32f4xx.o(i.SystemCoreClockUpdate) refers to system_stm32f4xx.o(.data) for .data
    system_stm32f4xx.o(i.SystemInit) refers to system_stm32f4xx.o(i.SetSysClock) for SetSysClock
    can.o(i.CAN1_RX0_IRQHandler) refers to stm32f4xx_can.o(i.CAN_GetITStatus) for CAN_GetITStatus
    can.o(i.CAN1_RX0_IRQHandler) refers to stm32f4xx_can.o(i.CAN_Receive) for CAN_Receive
    can.o(i.CAN1_RX0_IRQHandler) refers to move.o(i.m3508_update_m3508_info) for m3508_update_m3508_info
    can.o(i.CAN1_RX0_IRQHandler) refers to can.o(i.M3508AngleIntegral) for M3508AngleIntegral
    can.o(i.CAN1_RX0_IRQHandler) refers to can.o(i.M3508AngleIntegral4) for M3508AngleIntegral4
    can.o(i.CAN1_RX0_IRQHandler) refers to stm32f4xx_can.o(i.CAN_ClearITPendingBit) for CAN_ClearITPendingBit
    can.o(i.CAN1_RX0_IRQHandler) refers to move.o(.bss) for M3508_CHASSIS_MOTOR_REAL_INFO
    can.o(i.CAN1_TX_IRQHandler) refers to stm32f4xx_can.o(i.CAN_GetITStatus) for CAN_GetITStatus
    can.o(i.CAN1_TX_IRQHandler) refers to stm32f4xx_can.o(i.CAN_ClearITPendingBit) for CAN_ClearITPendingBit
    can.o(i.CAN1_TX_IRQHandler) refers to can.o(.data) for .data
    can.o(i.CAN1_init) refers to stm32f4xx_rcc.o(i.RCC_AHB1PeriphClockCmd) for RCC_AHB1PeriphClockCmd
    can.o(i.CAN1_init) refers to stm32f4xx_rcc.o(i.RCC_APB1PeriphClockCmd) for RCC_APB1PeriphClockCmd
    can.o(i.CAN1_init) refers to stm32f4xx_gpio.o(i.GPIO_PinAFConfig) for GPIO_PinAFConfig
    can.o(i.CAN1_init) refers to stm32f4xx_gpio.o(i.GPIO_Init) for GPIO_Init
    can.o(i.CAN1_init) refers to stm32f4xx_can.o(i.CAN_DeInit) for CAN_DeInit
    can.o(i.CAN1_init) refers to stm32f4xx_can.o(i.CAN_StructInit) for CAN_StructInit
    can.o(i.CAN1_init) refers to stm32f4xx_can.o(i.CAN_Init) for CAN_Init
    can.o(i.CAN1_init) refers to stm32f4xx_can.o(i.CAN_FilterInit) for CAN_FilterInit
    can.o(i.CAN1_init) refers to misc.o(i.NVIC_Init) for NVIC_Init
    can.o(i.CAN1_init) refers to stm32f4xx_can.o(i.CAN_ITConfig) for CAN_ITConfig
    chassis.o(i.CAN_motor_init) refers to can.o(i.CAN1_init) for CAN1_init
    chassis.o(i.CAN_motor_init) refers to pid.o(i.PID_Parameter_Speed_Init) for PID_Parameter_Speed_Init
    chassis.o(i.CAN_motor_init) refers to pid.o(.bss) for M3508_PID
    chassis.o(i.Set_World_Speed_Trans) refers to f2d.o(x$fpl$f2d) for __aeabi_f2d
    chassis.o(i.Set_World_Speed_Trans) refers to dmul.o(x$fpl$dmul) for __aeabi_dmul
    chassis.o(i.Set_World_Speed_Trans) refers to daddsub_clz.o(x$fpl$dadd) for __aeabi_dadd
    chassis.o(i.Set_World_Speed_Trans) refers to d2f.o(x$fpl$d2f) for __aeabi_d2f
    chassis.o(i.Set_World_Speed_Trans) refers to daddsub_clz.o(x$fpl$dsub) for __aeabi_dsub
    chassis.o(i.Set_World_Speed_Trans) refers to pid.o(i.PID_Speed_Calculate) for PID_Speed_Calculate
    chassis.o(i.Set_World_Speed_Trans) refers to move.o(.data) for Speed_w
    chassis.o(i.Set_World_Speed_Trans) refers to move.o(.bss) for M3508_CHASSIS_MOTOR_REAL_INFO
    chassis.o(i.Set_World_Speed_Trans) refers to pid.o(.bss) for M3508_PID
    led.o(i.LED_Init) refers to stm32f4xx_rcc.o(i.RCC_AHB1PeriphClockCmd) for RCC_AHB1PeriphClockCmd
    led.o(i.LED_Init) refers to stm32f4xx_gpio.o(i.GPIO_Init) for GPIO_Init
    led.o(i.LED_Init) refers to stm32f4xx_gpio.o(i.GPIO_SetBits) for GPIO_SetBits
    move.o(i.M3508_Send_Motor_Currents1) refers to stm32f4xx_can.o(i.CAN_Transmit) for CAN_Transmit
    move.o(i.M3508_Send_Motor_Currents1) refers to move.o(.bss) for .bss
    move.o(i.M3508_Send_Motor_Currents2) refers to stm32f4xx_can.o(i.CAN_Transmit) for CAN_Transmit
[...]
    x$fpl$fretinf                            0x0800573c   Section       10  fretinf.o(x$fpl$fretinf)
    $v0                                      0x0800573c   Number         0  fretinf.o(x$fpl$fretinf)
    x$fpl$usenofp                            0x08005746   Section        0  usenofp.o(x$fpl$usenofp)
    .constdata                               0x08005748   Section       48  cos_i.o(.constdata)
    C                                        0x08005748   Data          48  cos_i.o(.constdata)
    .constdata                               0x08005778   Section      200  rred.o(.constdata)
    pio2s                                    0x08005778   Data          48  rred.o(.constdata)
    twooverpi                                0x080057a8   Data         152  rred.o(.constdata)
    .constdata                               0x08005840   Section       40  sin_i.o(.constdata)
    S                                        0x08005840   Data          40  sin_i.o(.constdata)
    .data                                    0x20000000   Section        8  main.o(.data)
    .data                                    0x20000008   Section        1  main.o(.data)
    .data                                    0x2000000c   Section       20  system_stm32f4xx.o(.data)
    .data                                    0x20000020   Section        1  can.o(.data)
    .data                                    0x20000024   Section       12  move.o(.data)
    .data                                    0x20000030   Section       28  communication.o(.data)
    checkSum                                 0x20000031   Data           1  communication.o(.data)
    USARTBufferIndex                         0x20000032   Data           1  communication.o(.data)
    USARTReceiveFront                        0x20000033   Data           1  communication.o(.data)
    Start_Flag                               0x20000034   Data           1  communication.o(.data)
    j                                        0x20000036   Data           2  communication.o(.data)
    k                                        0x20000038   Data           2  communication.o(.data)
    datalength                               0x2000003a   Data           2  communication.o(.data)
    length                                   0x2000003c   Data           4  communication.o(.data)
    .data                                    0x2000004c   Section       16  action.o(.data)
    ch                                       0x2000004c   Data           1  action.o(.data)
    count                                    0x2000004d   Data           1  action.o(.data)
    i                                        0x2000004e   Data           1  action.o(.data)
    .data                                    0x2000005c   Section       32  remove_control.o(.data)
    ppm_ready                                0x2000005d   Data           1  remove_control.o(.data)
    ppm_sample_cnt                           0x2000005e   Data           1  remove_control.o(.data)
    ppm_time_delta                           0x20000066   Data           2  remove_control.o(.data)
    last_ppm_time                            0x2000006c   Data           4  remove_control.o(.data)
    now_ppm_time                             0x20000070   Data           4  remove_control.o(.data)
    .data                                    0x2000007c   Section       12  upper.o(.data)
    .data                                    0x20000088   Section        4  delay.o(.data)
    fac_us                                   0x20000088   Data           1  delay.o(.data)
    fac_ms                                   0x2000008a   Data           2  delay.o(.data)
    .data                                    0x2000008c   Section        4  usart.o(.data)
    .data                                    0x20000090   Section       16  stm32f4xx_rcc.o(.data)
    APBAHBPrescTable                         0x20000090   Data          16  stm32f4xx_rcc.o(.data)
    .data                                    0x200000a0   Section       60  tasks.o(.data)
    uxDeletedTasksWaitingCleanUp             0x200000a4   Data           4  tasks.o(.data)
    uxCurrentNumberOfTasks                   0x200000a8   Data           4  tasks.o(.data)
    xTickCount                               0x200000ac   Data           4  tasks.o(.data)
    uxTopReadyPriority                       0x200000b0   Data           4  tasks.o(.data)
    xSchedulerRunning                        0x200000b4   Data           4  tasks.o(.data)
    uxPendedTicks                            0x200000b8   Data           4  tasks.o(.data)
    xYieldPending                            0x200000bc   Data           4  tasks.o(.data)
    xNumOfOverflows                          0x200000c0   Data           4  tasks.o(.data)
    uxTaskNumber                             0x200000c4   Data           4  tasks.o(.data)
    xNextTaskUnblockTime                     0x200000c8   Data           4  tasks.o(.data)
    xIdleTaskHandle                          0x200000cc   Data           4  tasks.o(.data)
    uxSchedulerSuspended                     0x200000d0   Data           4  tasks.o(.data)
    pxDelayedTaskList                        0x200000d4   Data           4  tasks.o(.data)
    pxOverflowDelayedTaskList                0x200000d8   Data           4  tasks.o(.data)
    .data                                    0x200000dc   Section       20  timers.o(.data)
    xTimerQueue                              0x200000dc   Data           4  timers.o(.data)
    xTimerTaskHandle                         0x200000e0   Data           4  timers.o(.data)
    xLastTime                                0x200000e4   Data           4  timers.o(.data)
    pxCurrentTimerList                       0x200000e8   Data           4  timers.o(.data)
    pxOverflowTimerList                      0x200000ec   Data           4  timers.o(.data)
    .data                                    0x200000f0   Section       12  port.o(.data)
    ucMaxSysCallPriority                     0x200000f0   Data           1  port.o(.data)
    uxCriticalNesting                        0x200000f4   Data           4  port.o(.data)
    ulMaxPRIGROUPValue                       0x200000f8   Data           4  port.o(.data)
    .data                                    0x200000fc   Section       24  heap_4.o(.data)
    pxEnd                                    0x200000fc   Data           4  heap_4.o(.data)
    xFreeBytesRemaining                      0x20000100   Data           4  heap_4.o(.data)
    xMinimumEverFreeBytesRemaining           0x20000104   Data           4  heap_4.o(.data)
    xBlockAllocatedBit                       0x20000108   Data           4  heap_4.o(.data)
    xStart                                   0x2000010c   Data           8  heap_4.o(.data)
    .bss                                     0x20000114   Section      512  move.o(.bss)
    .bss                                     0x20000314   Section      448  pid.o(.bss)
    .bss                                     0x200004d4   Section       56  communication.o(.bss)
    cmd_vel                                  0x200004e8   Data          12  communication.o(.bss)
    posture                                  0x200004f4   Data          24  communication.o(.bss)
    .bss                                     0x2000050c   Section       72  action.o(.bss)
    posture                                  0x2000053c   Data          24  action.o(.bss)
    .bss                                     0x20000554   Section       40  remove_control.o(.bss)
    PPM_buf                                  0x20000554   Data          20  remove_control.o(.bss)
    .bss                                     0x2000057c   Section       64  queue.o(.bss)
    .bss                                     0x200005bc   Section      740  tasks.o(.bss)
    pxReadyTasksLists                        0x200005bc   Data         640  tasks.o(.bss)
    xDelayedTaskList1                        0x2000083c   Data          20  tasks.o(.bss)
    xDelayedTaskList2                        0x20000850   Data          20  tasks.o(.bss)
    xPendingReadyList                        0x20000864   Data          20  tasks.o(.bss)
    xTasksWaitingTermination                 0x20000878   Data          20  tasks.o(.bss)
    xSuspendedTaskList                       0x2000088c   Data          20  tasks.o(.bss)
    .bss                                     0x200008a0   Section       40  timers.o(.bss)
    xActiveTimerList1                        0x200008a0   Data          20  timers.o(.bss)
    xActiveTimerList2                        0x200008b4   Data          20  timers.o(.bss)
    .bss                                     0x200008c8   Section    20480  heap_4.o(.bss)
    ucHeap                                   0x200008c8   Data       20480  heap_4.o(.bss)
    .bss                                     0x200058c8   Section       96  libspace.o(.bss)
    HEAP                                     0x20005928   Section      512  startup_stm32f40_41xxx.o(HEAP)
    Heap_Mem                                 0x20005928   Data         512  startup_stm32f40_41xxx.o(HEAP)
    STACK                                    0x20005b28   Section     1024  startup_stm32f40_41xxx.o(STACK)
    Stack_Mem                                0x20005b28   Data        1024  startup_stm32f40_41xxx.o(STACK)
    __initial_sp                             0x20005f28   Data           0  startup_stm32f40_41xxx.o(STACK)

    Global Symbols

    Symbol Name                              Value     Ov Type        Size  Object(Section)

    BuildAttributes$$THM_ISAv4$E$P$D$K$B$S$7EM$VFPi3$EXTD16$VFPS$VFMA$PE$A:L22UL41UL21$X:L11$S22US41US21$IEEE1$IW$USESV6$~STKCKD$USESV7$~SHL$OTIME$ROPI$IEEEX$EBA8$UX$STANDARDLIB$REQ8$PRES8$EABIv2 0x00000000   Number         0  anon$$obj.o ABSOLUTE
    __ARM_use_no_argv                        0x00000000   Number         0  main.o ABSOLUTE
    __ARM_exceptions_init                     - Undefined Weak Reference
    __alloca_initialize                       - Undefined Weak Reference
    __arm_fini_                               - Undefined Weak Reference
    __arm_preinit_                            - Undefined Weak Reference
    __cpp_initialize__aeabi_                  - Undefined Weak Reference
    __cxa_finalize                            - Undefined Weak Reference
    __rt_locale                               - Undefined Weak Reference
    __sigvec_lookup                           - Undefined Weak Reference
    _atexit_init                              - Undefined Weak Reference
    _call_atexit_fns                          - Undefined Weak Reference
    _clock_init                               - Undefined Weak Reference
    _fp_trap_init                             - Undefined Weak Reference
    _fp_trap_shutdown                         - Undefined Weak Reference
    _get_lc_collate                           - Undefined Weak Reference
    _get_lc_ctype                             - Undefined Weak Reference
    _get_lc_monetary                          - Undefined Weak Reference
    _get_lc_numeric                           - Undefined Weak Reference
    _get_lc_time                              - Undefined Weak Reference
    _getenv_init                              - Undefined Weak Reference
    _handle_redirection                       - Undefined Weak Reference
    _init_alloc                               - Undefined Weak Reference
    _init_user_alloc                          - Undefined Weak Reference
    _initio                                   - Undefined Weak Reference
    _mutex_acquire                            - Undefined Weak Reference
    _mutex_release                            - Undefined Weak Reference
    _printf_mbtowc                            - Undefined Weak Reference
    _printf_post_padding                      - Undefined Weak Reference
    _printf_pre_padding                       - Undefined Weak Reference
    _printf_truncate_signed                   - Undefined Weak Reference
    _printf_truncate_unsigned                 - Undefined Weak Reference
    _rand_init                                - Undefined Weak Reference
    _signal_finish                            - Undefined Weak Reference
    _signal_init                              - Undefined Weak Reference
    _terminate_alloc                          - Undefined Weak Reference
    _terminate_user_alloc                     - Undefined Weak Reference
    _terminateio                              - Undefined Weak Reference
    __Vectors_Size                           0x00000188   Number         0  startup_stm32f40_41xxx.o ABSOLUTE
    __Vectors                                0x08000000   Data           4  startup_stm32f40_41xxx.o(RESET)
    __Vectors_End                            0x08000188   Data           0  startup_stm32f40_41xxx.o(RESET)
    __main                                   0x08000189   Thumb Code     8  __main.o(!!!main)
    __scatterload                            0x08000191   Thumb Code     0  __scatter.o(!!!scatter)
    __scatterload_rt2                        0x08000191   Thumb Code    44  __scatter.o(!!!scatter)
    __scatterload_rt2_thumb_only             0x08000191   Thumb Code     0  __scatter.o(!!!scatter)
    __scatterload_null                       0x0800019f   Thumb Code     0  __scatter.o(!!!scatter)
    __scatterload_copy                       0x080001c5   Thumb Code    26  __scatter_copy.o(!!handler_copy)
    __scatterload_zeroinit                   0x080001e1   Thumb Code    28  __scatter_zi.o(!!handler_zi)
    _printf_d                                0x080001fd   Thumb Code     0  _printf_d.o(.ARM.Collect$$_printf_percent$$00000009)
    _printf_percent                          0x080001fd   Thumb Code     0  _printf_percent.o(.ARM.Collect$$_printf_percent$$00000000)
    _printf_s                                0x08000203   Thumb Code     0  _printf_s.o(.ARM.Collect$$_printf_percent$$00000014)
    _printf_percent_end                      0x08000209   Thumb Code     0  _printf_percent_end.o(.ARM.Collect$$_printf_percent$$00000017)
    __rt_lib_init                            0x0800020d   Thumb Code     0  libinit.o(.ARM.Collect$$libinit$$00000000)
    __rt_lib_init_fp_1                       0x0800020f   Thumb Code     0  libinit2.o(.ARM.Collect$$libinit$$00000001)
    __rt_lib_init_alloca_1                   0x08000213   Thumb Code     0  libinit2.o(.ARM.Collect$$libinit$$0000002E)
    __rt_lib_init_argv_1                     0x08000213   Thumb Code     0  libinit2.o(.ARM.Collect$$libinit$$0000002C)
    __rt_lib_init_atexit_1                   0x08000213   Thumb Code     0  libinit2.o(.ARM.Collect$$libinit$$0000001B)
    __rt_lib_init_clock_1                    0x08000213   Thumb Code     0  libinit2.o(.ARM.Collect$$libinit$$00000021)
    __rt_lib_init_cpp_1                      0x08000213   Thumb Code     0  libinit2.o(.ARM.Collect$$libinit$$00000032)
    __rt_lib_init_exceptions_1               0x08000213   Thumb Code     0  libinit2.o(.ARM.Collect$$libinit$$00000030)
    __rt_lib_init_fp_trap_1                  0x08000213   Thumb Code     0  libinit2.o(.ARM.Collect$$libinit$$0000001F)
    __rt_lib_init_getenv_1                   0x08000213   Thumb Code     0  libinit2.o(.ARM.Collect$$libinit$$00000023)
    __rt_lib_init_heap_1                     0x08000213   Thumb Code     0  libinit2.o(.ARM.Collect$$libinit$$0000000A)
    __rt_lib_init_lc_collate_1               0x08000213   Thumb Code     0  libinit2.o(.ARM.Collect$$libinit$$00000011)
    __rt_lib_init_lc_ctype_1                 0x08000213   Thumb Code     0  libinit2.o(.ARM.Collect$$libinit$$00000013)
    __rt_lib_init_lc_monetary_1              0x08000213   Thumb Code     0  libinit2.o(.ARM.Collect$$libinit$$00000015)
    __rt_lib_init_lc_numeric_1               0x08000213   Thumb Code     0  libinit2.o(.ARM.Collect$$libinit$$00000017)
    __rt_lib_init_lc_time_1                  0x08000213   Thumb Code     0  libinit2.o(.ARM.Collect$$libinit$$00000019)
    __rt_lib_init_preinit_1                  0x08000213   Thumb Code     0  libinit2.o(.ARM.Collect$$libinit$$00000004)
    __rt_lib_init_rand_1                     0x08000213   Thumb Code     0  libinit2.o(.ARM.Collect$$libinit$$0000000E)
    __rt_lib_init_return                     0x08000213   Thumb Code     0  libinit2.o(.ARM.Collect$$libinit$$00000033)
    __rt_lib_init_signal_1                   0x08000213   Thumb Code     0  libinit2.o(.ARM.Collect$$libinit$$0000001D)
    __rt_lib_init_stdio_1                    0x08000213   Thumb Code     0  libinit2.o(.ARM.Collect$$libinit$$00000025)
    __rt_lib_init_user_alloc_1               0x08000213   Thumb Code     0  libinit2.o(.ARM.Collect$$libinit$$0000000C)
    __rt_lib_shutdown                        0x08000215   Thumb Code     0  libshutdown.o(.ARM.Collect$$libshutdown$$00000000)
    __rt_lib_shutdown_cpp_1                  0x08000217   Thumb Code     0  libshutdown2.o(.ARM.Collect$$libshutdown$$00000004)
    __rt_lib_shutdown_fini_1                 0x08000217   Thumb Code     0  libshutdown2.o(.ARM.Collect$$libshutdown$$00000002)
    __rt_lib_shutdown_fp_trap_1              0x08000217   Thumb Code     0  libshutdown2.o(.ARM.Collect$$libshutdown$$00000009)
    __rt_lib_shutdown_heap_1                 0x08000217   Thumb Code     0  libshutdown2.o(.ARM.Collect$$libshutdown$$00000011)
    __rt_lib_shutdown_return                 0x08000217   Thumb Code     0  libshutdown2.o(.ARM.Collect$$libshutdown$$00000012)
    __rt_lib_shutdown_signal_1               0x08000217   Thumb Code     0  libshutdown2.o(.ARM.Collect$$libshutdown$$0000000C)
    __rt_lib_shutdown_stdio_1                0x08000217   Thumb Code     0  libshutdown2.o(.ARM.Collect$$libshutdown$$00000006)
    __rt_lib_shutdown_user_alloc_1           0x08000217   Thumb Code     0  libshutdown2.o(.ARM.Collect$$libshutdown$$0000000E)
    __rt_entry                               0x08000219   Thumb Code     0  __rtentry.o(.ARM.Collect$$rtentry$$00000000)
    __rt_entry_presh_1                       0x08000219   Thumb Code     0  __rtentry2.o(.ARM.Collect$$rtentry$$00000002)
    __rt_entry_sh                            0x08000219   Thumb Code     0  __rtentry4.o(.ARM.Collect$$rtentry$$00000004)
    __rt_entry_li                            0x0800021f   Thumb Code     0  __rtentry2.o(.ARM.Collect$$rtentry$$0000000A)
    __rt_entry_postsh_1                      0x0800021f   Thumb Code     0  __rtentry2.o(.ARM.Collect$$rtentry$$00000009)
    __rt_entry_main                          0x08000223   Thumb Code     0  __rtentry2.o(.ARM.Collect$$rtentry$$0000000D)
    __rt_entry_postli_1                      0x08000223   Thumb Code     0  __rtentry2.o(.ARM.Collect$$rtentry$$0000000C)
    __rt_exit                                0x0800022b   Thumb Code     0  rtexit.o(.ARM.Collect$$rtexit$$00000000)
    __rt_exit_ls                             0x0800022d   Thumb Code     0  rtexit2.o(.ARM.Collect$$rtexit$$00000003)
    __rt_exit_prels_1                        0x0800022d   Thumb Code     0  rtexit2.o(.ARM.Collect$$rtexit$$00000002)
    __rt_exit_exit                           0x08000231   Thumb Code     0  rtexit2.o(.ARM.Collect$$rtexit$$00000004)
    SVC_Handler                              0x08000239   Thumb Code    28  port.o(.emb_text)
    __asm___6_port_c_39a90d8d__prvStartFirstTask 0x08000259   Thumb Code    28  port.o(.emb_text)
    __asm___6_port_c_39a90d8d__prvEnableVFP  0x08000279   Thumb Code    16  port.o(.emb_text)
    PendSV_Handler                           0x0800028d   Thumb Code    88  port.o(.emb_text)
    vPortGetIPSR                             0x080002e9   Thumb Code     6  port.o(.emb_text)
    Reset_Handler                            0x080002f1   Thumb Code     8  startup_stm32f40_41xxx.o(.text)
    ADC_IRQHandler                           0x0800030b   Thumb Code     0  startup_stm32f40_41xxx.o(.text)
    CAN1_RX1_IRQHandler                      0x0800030b   Thumb Code     0  startup_stm32f40_41xxx.o(.text)
    CAN1_SCE_IRQHandler                      0x0800030b   Thumb Code     0  startup_stm32f40_41xxx.o(.text)
    CAN2_RX0_IRQHandler                      0x0800030b   Thumb Code     0  startup_stm32f40_41xxx.o(.text)
    CAN2_RX1_IRQHandler                      0x0800030b   Thumb Code     0  startup_stm32f40_41xxx.o(.text)
    CAN2_SCE_IRQHandler                      0x0800030b   Thumb Code     0  startup_stm32f40_41xxx.o(.text)
    CAN2_TX_IRQHandler                       0x0800030b   Thumb Code     0  startup_stm32f40_41xxx.o(.text)
    CRYP_IRQHandler                          0x0800030b   Thumb Code     0  startup_stm32f40_41xxx.o(.text)
    DCMI_IRQHandler                          0x0800030b   Thumb Code     0  startup_stm32f40_41xxx.o(.text)
    DMA1_Stream0_IRQHandler                  0x0800030b   Thumb Code     0  startup_stm32f40_41xxx.o(.text)
    DMA1_Stream1_IRQHandler                  0x0800030b   Thumb Code     0  startup_stm32f40_41xxx.o(.text)
    DMA1_Stream2_IRQHandler                  0x0800030b   Thumb Code     0  startup_stm32f40_41xxx.o(.text)
    DMA1_Stream3_IRQHandler                  0x0800030b   Thumb Code     0  startup_stm32f40_41xxx.o(.text)
    DMA1_Stream4_IRQHandler                  0x0800030b   Thumb Code     0  startup_stm32f40_41xxx.o(.text)
    DMA1_Stream5_IRQHandler                  0x0800030b   Thumb Code     0  startup_stm32f40_41xxx.o(.text)
    DMA1_Stream6_IRQHandler                  0x0800030b   Thumb Code     0  startup_stm32f40_41xxx.o(.text)
    DMA1_Stream7_IRQHandler                  0x0800030b   Thumb Code     0  startup_stm32f40_41xxx.o(.text)
    DMA2_Stream0_IRQHandler                  0x0800030b   Thumb Code     0  startup_stm32f40_41xxx.o(.text)
    DMA2_Stream1_IRQHandler                  0x0800030b   Thumb Code     0  startup_stm32f40_41xxx.o(.text)
    DMA2_Stream2_IRQHandler                  0x0800030b   Thumb Code     0  startup_stm32f40_41xxx.o(.text)
    DMA2_Stream3_IRQHandler                  0x0800030b   Thumb Code     0  startup_stm32f40_41xxx.o(.text)
    DMA2_Stream4_IRQHandler                  0x0800030b   Thumb Code     0  startup_stm32f40_41xxx.o(.text)
    DMA2_Stream5_IRQHandler                  0x0800030b   Thumb Code     0  startup_stm32f40_41xxx.o(.text)
    DMA2_Stream6_IRQHandler                  0x0800030b   Thumb Code     0  startup_stm32f40_41xxx.o(.text)
    DMA2_Stream7_IRQHandler                  0x0800030b   Thumb Code     0  startup_stm32f40_41xxx.o(.text)
    ETH_IRQHandler                           0x0800030b   Thumb Code     0  startup_stm32f40_41xxx.o(.text)
    ETH_WKUP_IRQHandler                      0x0800030b   Thumb Code     0  startup_stm32f40_41xxx.o(.text)
    EXTI0_IRQHandler                         0x0800030b   Thumb Code     0  startup_stm32f40_41xxx.o(.text)
    EXTI15_10_IRQHandler                     0x0800030b   Thumb Code     0  startup_stm32f40_41xxx.o(.text)
    EXTI1_IRQHandler                         0x0800030b   Thumb Code     0  startup_stm32f40_41xxx.o(.text)
    EXTI2_IRQHandler                         0x0800030b   Thumb Code     0  startup_stm32f40_41xxx.o(.text)
    EXTI3_IRQHandler                         0x0800030b   Thumb Code     0  startup_stm32f40_41xxx.o(.text)
    EXTI4_IRQHandler                         0x0800030b   Thumb Code     0  startup_stm32f40_41xxx.o(.text)
    FLASH_IRQHandler                         0x0800030b   Thumb Code     0  startup_stm32f40_41xxx.o(.text)
    FPU_IRQHandler                           0x0800030b   Thumb Code     0  startup_stm32f40_41xxx.o(.text)
    FSMC_IRQHandler                          0x0800030b   Thumb Code     0  startup_stm32f40_41xxx.o(.text)
    HASH_RNG_IRQHandler                      0x0800030b   Thumb Code     0  startup_stm32f40_41xxx.o(.text)
    I2C1_ER_IRQHandler                       0x0800030b   Thumb Code     0  startup_stm32f40_41xxx.o(.text)
    I2C1_EV_IRQHandler                       0x0800030b   Thumb Code     0  startup_stm32f40_41xxx.o(.text)
    I2C2_ER_IRQHandler                       0x0800030b   Thumb Code     0  startup_stm32f40_41xxx.o(.text)
    I2C2_EV_IRQHandler                       0x0800030b   Thumb Code     0  startup_stm32f40_41xxx.o(.text)
    I2C3_ER_IRQHandler                       0x0800030b   Thumb Code     0  startup_stm32f40_41xxx.o(.text)
    I2C3_EV_IRQHandler                       0x0800030b   Thumb Code     0  startup_stm32f40_41xxx.o(.text)
    OTG_FS_IRQHandler                        0x0800030b   Thumb Code     0  startup_stm32f40_41xxx.o(.text)
    OTG_FS_WKUP_IRQHandler                   0x0800030b   Thumb Code     0  startup_stm32f40_41xxx.o(.text)
    OTG_HS_EP1_IN_IRQHandler                 0x0800030b   Thumb Code     0  startup_stm32f40_41xxx.o(.text)
    OTG_HS_EP1_OUT_IRQHandler                0x0800030b   Thumb Code     0  startup_stm32f40_41xxx.o(.text)
    OTG_HS_IRQHandler                        0x0800030b   Thumb Code     0  startup_stm32f40_41xxx.o(.text)
    OTG_HS_WKUP_IRQHandler                   0x0800030b   Thumb Code     0  startup_stm32f40_41xxx.o(.text)
    PVD_IRQHandler                           0x0800030b   Thumb Code     0  startup_stm32f40_41xxx.o(.text)
    RCC_IRQHandler                           0x0800030b   Thumb Code     0  startup_stm32f40_41xxx.o(.text)
    RTC_Alarm_IRQHandler                     0x0800030b   Thumb Code     0  startup_stm32f40_41xxx.o(.text)
    RTC_WKUP_IRQHandler                      0x0800030b   Thumb Code     0  startup_stm32f40_41xxx.o(.text)
    SDIO_IRQHandler                          0x0800030b   Thumb Code     0  startup_stm32f40_41xxx.o(.text)
    SPI1_IRQHandler                          0x0800030b   Thumb Code     0  startup_stm32f40_41xxx.o(.text)
    SPI2_IRQHandler                          0x0800030b   Thumb Code     0  startup_stm32f40_41xxx.o(.text)
    SPI3_IRQHandler                          0x0800030b   Thumb Code     0  startup_stm32f40_41xxx.o(.text)
    TAMP_STAMP_IRQHandler                    0x0800030b   Thumb Code     0  startup_stm32f40_41xxx.o(.text)
    TIM1_BRK_TIM9_IRQHandler                 0x0800030b   Thumb Code     0  startup_stm32f40_41xxx.o(.text)
    TIM1_CC_IRQHandler                       0x0800030b   Thumb Code     0  startup_stm32f40_41xxx.o(.text)
    TIM1_TRG_COM_TIM11_IRQHandler            0x0800030b   Thumb Code     0  startup_stm32f40_41xxx.o(.text)
    TIM1_UP_TIM10_IRQHandler                 0x0800030b   Thumb Code     0  startup_stm32f40_41xxx.o(.text)
    TIM3_IRQHandler                          0x0800030b   Thumb Code     0  startup_stm32f40_41xxx.o(.text)
    TIM4_IRQHandler                          0x0800030b   Thumb Code     0  startup_stm32f40_41xxx.o(.text)
    TIM5_IRQHandler                          0x0800030b   Thumb Code     0  startup_stm32f40_41xxx.o(.text)
    TIM6_DAC_IRQHandler                      0x0800030b   Thumb Code     0  startup_stm32f40_41xxx.o(.text)
    TIM7_IRQHandler                          0x0800030b   Thumb Code     0  startup_stm32f40_41xxx.o(.text)
    TIM8_BRK_TIM12_IRQHandler                0x0800030b   Thumb Code     0  startup_stm32f40_41xxx.o(.text)
    TIM8_CC_IRQHandler                       0x0800030b   Thumb Code     0  startup_stm32f40_41xxx.o(.text)
    TIM8_TRG_COM_TIM14_IRQHandler            0x0800030b   Thumb Code     0  startup_stm32f40_41xxx.o(.text)
    TIM8_UP_TIM13_IRQHandler                 0x0800030b   Thumb Code     0  startup_stm32f40_41xxx.o(.text)
    UART5_IRQHandler                         0x0800030b   Thumb Code     0  startup_stm32f40_41xxx.o(.text)
    USART2_IRQHandler                        0x0800030b   Thumb Code     0  startup_stm32f40_41xxx.o(.text)
    USART3_IRQHandler                        0x0800030b   Thumb Code     0  startup_stm32f40_41xxx.o(.text)
    USART6_IRQHandler                        0x0800030b   Thumb Code     0  startup_stm32f40_41xxx.o(.text)
    WWDG_IRQHandler                          0x0800030b   Thumb Code     0  startup_stm32f40_41xxx.o(.text)
    __user_initial_stackheap                 0x0800030d   Thumb Code     0  startup_stm32f40_41xxx.o(.text)
    __use_no_semihosting                     0x08000331   Thumb Code     2  use_no_semi_2.o(.text)
    __2printf                                0x08000335   Thumb Code    20  noretval__2printf.o(.text)
    __printf                                 0x0800034d   Thumb Code   104  __printf.o(.text)
    _printf_str                              0x080003b5   Thumb Code    82  _printf_str.o(.text)
    _printf_int_dec                          0x08000409   Thumb Code   104  _printf_dec.o(.text)
    __aeabi_memcpy                           0x08000481   Thumb Code     0  rt_memcpy_v6.o(.text)
    __rt_memcpy                              0x08000481   Thumb Code   138  rt_memcpy_v6.o(.text)
    _memcpy_lastbytes                        0x080004e7   Thumb Code     0  rt_memcpy_v6.o(.text)
    __aeabi_memcpy4                          0x0800050b   Thumb Code     0  rt_memcpy_w.o(.text)
    __aeabi_memcpy8                          0x0800050b   Thumb Code     0  rt_memcpy_w.o(.text)
    __rt_memcpy_w                            0x0800050b   Thumb Code   100  rt_memcpy_w.o(.text)
    _memcpy_lastbytes_aligned                0x08000553   Thumb Code     0  rt_memcpy_w.o(.text)
    __aeabi_memset                           0x0800056f   Thumb Code    16  aeabi_memset.o(.text)
    __use_two_region_memory                  0x0800057f   Thumb Code     2  heapauxi.o(.text)
    __rt_heap_escrow$2region                 0x08000581   Thumb Code     2  heapauxi.o(.text)
    __rt_heap_expand$2region                 0x08000583   Thumb Code     2  heapauxi.o(.text)
    __I$use$semihosting                      0x08000585   Thumb Code     0  use_no_semi.o(.text)
    __use_no_semihosting_swi                 0x08000585   Thumb Code     2  use_no_semi.o(.text)
    __read_errno                             0x08000587   Thumb Code    10  _rserrno.o(.text)
    __set_errno                              0x08000591   Thumb Code    12  _rserrno.o(.text)
    _printf_int_common                       0x0800059d   Thumb Code   178  _printf_intcommon.o(.text)
    _printf_char_common                      0x0800065b   Thumb Code    32  _printf_char_common.o(.text)
    _printf_cs_common                        0x08000681   Thumb Code    20  _printf_char.o(.text)
    _printf_char                             0x08000695   Thumb Code    16  _printf_char.o(.text)
    _printf_string                           0x080006a5   Thumb Code     8  _printf_char.o(.text)
    _printf_char_file                        0x080006ad   Thumb Code    32  _printf_char_file.o(.text)
    __aeabi_memclr                           0x080006d1   Thumb Code     0  rt_memclr.o(.text)
    __rt_memclr                              0x080006d1   Thumb Code    68  rt_memclr.o(.text)
    _memset                                  0x080006d5   Thumb Code     0  rt_memclr.o(.text)
    __aeabi_errno_addr                       0x08000715   Thumb Code     8  rt_errno_addr_intlibspace.o(.text)
    __errno$intlibspace                      0x08000715   Thumb Code     0  rt_errno_addr_intlibspace.o(.text)
    __rt_errno_addr$intlibspace              0x08000715   Thumb Code     0  rt_errno_addr_intlibspace.o(.text)
    ferror                                   0x0800071d   Thumb Code     8  ferror.o(.text)
    __aeabi_memclr4                          0x08000725   Thumb Code     0  rt_memclr_w.o(.text)
    __aeabi_memclr8                          0x08000725   Thumb Code     0  rt_memclr_w.o(.text)
    __rt_memclr_w                            0x08000725   Thumb Code    78  rt_memclr_w.o(.text)
    _memset_w                                0x08000729   Thumb Code     0  rt_memclr_w.o(.text)
    __user_libspace                          0x08000775   Thumb Code     8  libspace.o(.text)
    __user_perproc_libspace                  0x08000775   Thumb Code     0  libspace.o(.text)
    __user_perthread_libspace                0x08000775   Thumb Code     0  libspace.o(.text)
    __user_setup_stackheap                   0x0800077d   Thumb Code    74  sys_stackheap_outer.o(.text)
    exit                                     0x080007c7   Thumb Code    18  exit.o(.text)
    Action_Init                              0x080007d9   Thumb Code    26  action.o(i.Action_Init)
    BusFault_Handler                         0x080007fd   Thumb Code     2  stm32f4xx_it.o(i.BusFault_Handler)
    CAN1_RX0_IRQHandler                      0x08000801   Thumb Code    98  can.o(i.CAN1_RX0_IRQHandler)
    CAN1_TX_IRQHandler                       0x08000871   Thumb Code    32  can.o(i.CAN1_TX_IRQHandler)
    CAN1_init                                0x08000899   Thumb Code   250  can.o(i.CAN1_init)
    CAN_ClearITPendingBit                    0x0800099d   Thumb Code   116  stm32f4xx_can.o(i.CAN_ClearITPendingBit)
    CAN_DeInit                               0x08000a15   Thumb Code    38  stm32f4xx_can.o(i.CAN_DeInit)
    CAN_FilterInit                           0x08000a41   Thumb Code   194  stm32f4xx_can.o(i.CAN_FilterInit)
    CAN_GetITStatus                          0x08000b0d   Thumb Code   162  stm32f4xx_can.o(i.CAN_GetITStatus)
    CAN_ITConfig                             0x08000bb5   Thumb Code    16  stm32f4xx_can.o(i.CAN_ITConfig)
    CAN_Init                                 0x08000bc5   Thumb Code   232  stm32f4xx_can.o(i.CAN_Init)
    CAN_Receive                              0x08000cad   Thumb Code   142  stm32f4xx_can.o(i.CAN_Receive)
    CAN_StructInit                           0x08000d3b   Thumb Code    32  stm32f4xx_can.o(i.CAN_StructInit)
    CAN_Transmit                             0x08000d5b   Thumb Code   190  stm32f4xx_can.o(i.CAN_Transmit)
    CAN_motor_init                           0x08000e19   Thumb Code   322  chassis.o(i.CAN_motor_init)
    DebugMon_Handler                         0x08000f8d   Thumb Code     2  stm32f4xx_it.o(i.DebugMon_Handler)
    EXTI9_5_IRQHandler                       0x08000f91   Thumb Code   140  remove_control.o(i.EXTI9_5_IRQHandler)
    EXTI_ClearITPendingBit                   0x08001025   Thumb Code     6  stm32f4xx_exti.o(i.EXTI_ClearITPendingBit)
    EXTI_GetITStatus                         0x08001031   Thumb Code    16  stm32f4xx_exti.o(i.EXTI_GetITStatus)
    EXTI_Init                                0x08001045   Thumb Code   108  stm32f4xx_exti.o(i.EXTI_Init)
    GPIO_Init                                0x080010b5   Thumb Code   120  stm32f4xx_gpio.o(i.GPIO_Init)
    GPIO_PinAFConfig                         0x0800112d   Thumb Code    32  stm32f4xx_gpio.o(i.GPIO_PinAFConfig)
    HardFault_Handler                        0x0800114d   Thumb Code     2  stm32f4xx_it.o(i.HardFault_Handler)
    M3508AngleIntegral                       0x08001151   Thumb Code   174  can.o(i.M3508AngleIntegral)
    M3508AngleIntegral4                      0x0800120d   Thumb Code   174  can.o(i.M3508AngleIntegral4)
    M3508_Send_Motor_Currents1               0x080012c9   Thumb Code    92  move.o(i.M3508_Send_Motor_Currents1)
    M3508_Send_Motor_Currents2               0x0800132d   Thumb Code    96  move.o(i.M3508_Send_Motor_Currents2)
    MemManage_Handler                        0x08001395   Thumb Code     2  stm32f4xx_it.o(i.MemManage_Handler)
    NMI_Handler                              0x08001397   Thumb Code     2  stm32f4xx_it.o(i.NMI_Handler)
    NVIC_Init                                0x08001399   Thumb Code    96  misc.o(i.NVIC_Init)
    NVIC_PriorityGroupConfig                 0x080013fd   Thumb Code    10  misc.o(i.NVIC_PriorityGroupConfig)
    PID_Parameter_Speed_Init                 0x08001411   Thumb Code    54  pid.o(i.PID_Parameter_Speed_Init)
    PID_Speed_Calculate                      0x0800144d   Thumb Code   196  pid.o(i.PID_Speed_Calculate)
    PPM_Init                                 0x08001515   Thumb Code   102  remove_control.o(i.PPM_Init)
    RCC_AHB1PeriphClockCmd                   0x08001581   Thumb Code    18  stm32f4xx_rcc.o(i.RCC_AHB1PeriphClockCmd)
    RCC_APB1PeriphClockCmd                   0x08001599   Thumb Code    18  stm32f4xx_rcc.o(i.RCC_APB1PeriphClockCmd)
    RCC_APB1PeriphResetCmd                   0x080015b1   Thumb Code    18  stm32f4xx_rcc.o(i.RCC_APB1PeriphResetCmd)
    RCC_APB2PeriphClockCmd                   0x080015c9   Thumb Code    18  stm32f4xx_rcc.o(i.RCC_APB2PeriphClockCmd)
    RCC_GetClocksFreq                        0x080015e1   Thumb Code   132  stm32f4xx_rcc.o(i.RCC_GetClocksFreq)
    SYSCFG_EXTILineConfig                    0x08001671   Thumb Code    42  stm32f4xx_syscfg.o(i.SYSCFG_EXTILineConfig)
    Set_World_Speed_Trans                    0x08001755   Thumb Code   448  chassis.o(i.Set_World_Speed_Trans)
    Speed_Chassis_Calculate                  0x08001931   Thumb Code   136  move.o(i.Speed_Chassis_Calculate)
    SysTick_CLKSourceConfig                  0x080019e5   Thumb Code    24  misc.o(i.SysTick_CLKSourceConfig)
    SysTick_Handler                          0x080019fd   Thumb Code    20  delay.o(i.SysTick_Handler)
    SystemInit                               0x08001a11   Thumb Code    74  system_stm32f4xx.o(i.SystemInit)
    TIM2_GET_TIM_Init                        0x08001a6d   Thumb Code    92  remove_control.o(i.TIM2_GET_TIM_Init)
    TIM2_IRQHandler                          0x08001ac9   Thumb Code   102  remove_control.o(i.TIM2_IRQHandler)
    TIM_ClearITPendingBit                    0x08001b35   Thumb Code     6  stm32f4xx_tim.o(i.TIM_ClearITPendingBit)
    TIM_Cmd                                  0x08001b3b   Thumb Code    20  stm32f4xx_tim.o(i.TIM_Cmd)
    TIM_GetITStatus                          0x08001b4f   Thumb Code    24  stm32f4xx_tim.o(i.TIM_GetITStatus)
    TIM_ITConfig                             0x08001b67   Thumb Code    16  stm32f4xx_tim.o(i.TIM_ITConfig)
    TIM_TimeBaseInit                         0x08001b79   Thumb Code    96  stm32f4xx_tim.o(i.TIM_TimeBaseInit)
    UART4_IRQHandler                         0x08001bf5   Thumb Code   138  action.o(i.UART4_IRQHandler)
    USART1_IRQHandler                        0x08001c8d   Thumb Code    38  communication.o(i.USART1_IRQHandler)
    USART_ClearFlag                          0x08001cb9   Thumb Code     6  stm32f4xx_usart.o(i.USART_ClearFlag)
    USART_ClearITPendingBit                  0x08001cbf   Thumb Code    12  stm32f4xx_usart.o(i.USART_ClearITPendingBit)
    USART_Cmd                                0x08001ccb   Thumb Code    20  stm32f4xx_usart.o(i.USART_Cmd)
    USART_GetITStatus                        0x08001cdf   Thumb Code    62  stm32f4xx_usart.o(i.USART_GetITStatus)
    USART_ITConfig                           0x08001d1d   Thumb Code    48  stm32f4xx_usart.o(i.USART_ITConfig)
    USART_Init                               0x08001d4d   Thumb Code   164  stm32f4xx_usart.o(i.USART_Init)
    USART_ReceiveData                        0x08001df9   Thumb Code     8  stm32f4xx_usart.o(i.USART_ReceiveData)
    Update_Angle_gl_position                 0x08001e01   Thumb Code   244  action.o(i.Update_Angle_gl_position)
    UsageFault_Handler                       0x08001f11   Thumb Code     2  stm32f4xx_it.o(i.UsageFault_Handler)
    __ARM_fpclassify                         0x08001f13   Thumb Code    48  fpclassify.o(i.__ARM_fpclassify)
    __hardfp_cos                             0x08001f49   Thumb Code   180  cos.o(i.__hardfp_cos)
    __hardfp_sin                             0x08002011   Thumb Code   180  sin.o(i.__hardfp_sin)
    __ieee754_rem_pio2                       0x080020d9   Thumb Code   938  rred.o(i.__ieee754_rem_pio2)
    __kernel_cos                             0x08002511   Thumb Code   322  cos_i.o(i.__kernel_cos)
    __kernel_poly                            0x08002681   Thumb Code   248  poly.o(i.__kernel_poly)
    __kernel_sin                             0x08002779   Thumb Code   280  sin_i.o(i.__kernel_sin)
    __mathlib_dbl_infnan                     0x080028a9   Thumb Code    20  dunder.o(i.__mathlib_dbl_infnan)
    __mathlib_dbl_invalid                    0x080028c1   Thumb Code    24  dunder.o(i.__mathlib_dbl_invalid)
    __mathlib_dbl_underflow                  0x080028e1   Thumb Code    24  dunder.o(i.__mathlib_dbl_underflow)
    _sys_exit                                0x08002901   Thumb Code     2  usart.o(i._sys_exit)
    delay_init                               0x08002905   Thumb Code    50  delay.o(i.delay_init)
    fabs                                     0x0800293d   Thumb Code    24  fabs.o(i.fabs)
    fputc                                    0x08002955   Thumb Code    14  usart.o(i.fputc)
    getCrc8                                  0x08002969   Thumb Code    46  communication.o(i.getCrc8)
    m3508_update_m3508_info                  0x08002999   Thumb Code   194  move.o(i.m3508_update_m3508_info)
    main                                     0x08002a61   Thumb Code    68  main.o(i.main)
    move_task                                0x08002ab9   Thumb Code    88  move_task.o(i.move_task)
    pvPortMalloc                             0x08003395   Thumb Code   214  heap_4.o(i.pvPortMalloc)
    pvTaskIncrementMutexHeldCount            0x080034a9   Thumb Code    18  tasks.o(i.pvTaskIncrementMutexHeldCount)
    pxPortInitialiseStack                    0x080034c1   Thumb Code    40  port.o(i.pxPortInitialiseStack)
    start_task                               0x080034ed   Thumb Code    46  main.o(i.start_task)
    test_rise_time                           0x08003531   Thumb Code    36  upper.o(i.test_rise_time)
    test_rise_time_up                        0x08003559   Thumb Code    36  upper.o(i.test_rise_time_up)
    uart1_init                               0x08003581   Thumb Code   164  usart.o(i.uart1_init)
    uart4_init                               0x0800362d   Thumb Code   176  usart.o(i.uart4_init)
    upper_control                            0x080036e5   Thumb Code   572  upper.o(i.upper_control)
    usartReceiveData                         0x08003959   Thumb Code   250  communication.o(i.usartReceiveData)
    uxListRemove                             0x08003a61   Thumb Code    36  list.o(i.uxListRemove)
    vListInitialise                          0x08003a85   Thumb Code    22  list.o(i.vListInitialise)
    vListInitialiseItem                      0x08003a9b   Thumb Code     6  list.o(i.vListInitialiseItem)
    vListInsert                              0x08003aa1   Thumb Code    48  list.o(i.vListInsert)
    vListInsertEnd                           0x08003ad1   Thumb Code    24  list.o(i.vListInsertEnd)
    vPortEnterCritical                       0x08003ae9   Thumb Code    50  port.o(i.vPortEnterCritical)
    vPortExitCritical                        0x08003b61   Thumb Code    34  port.o(i.vPortExitCritical)
    vPortFree                                0x08003bc5   Thumb Code    94  heap_4.o(i.vPortFree)
    vPortSetupTimerInterrupt                 0x08003c61   Thumb Code    26  port.o(i.vPortSetupTimerInterrupt)
    vPortValidateInterruptPriority           0x08003c81   Thumb Code    70  port.o(i.vPortValidateInterruptPriority)
    vQueueAddToRegistry                      0x08003d0d   Thumb Code    32  queue.o(i.vQueueAddToRegistry)
    vQueueWaitForMessageRestricted           0x08003d31   Thumb Code    68  queue.o(i.vQueueWaitForMessageRestricted)
    vTaskDelay                               0x08003d75   Thumb Code    62  tasks.o(i.vTaskDelay)
    vTaskDelete                              0x08003de1   Thumb Code   152  tasks.o(i.vTaskDelete)
    vTaskMissedYield                         0x08003ead   Thumb Code     8  tasks.o(i.vTaskMissedYield)
    vTaskPlaceOnEventList                    0x08003eb9   Thumb Code    44  tasks.o(i.vTaskPlaceOnEventList)
    vTaskPlaceOnEventListRestricted          0x08003f0d   Thumb Code    52  tasks.o(i.vTaskPlaceOnEventListRestricted)
    vTaskPriorityInherit                     0x08003f69   Thumb Code   124  tasks.o(i.vTaskPriorityInherit)
    vTaskSetTimeOutState                     0x08003fed   Thumb Code    30  tasks.o(i.vTaskSetTimeOutState)
    vTaskStartScheduler                      0x08004035   Thumb Code    96  tasks.o(i.vTaskStartScheduler)
    vTaskSuspendAll                          0x080040c9   Thumb Code    10  tasks.o(i.vTaskSuspendAll)
    vTaskSwitchContext                       0x080040d9   Thumb Code    80  tasks.o(i.vTaskSwitchContext)
    xPortStartScheduler                      0x08004155   Thumb Code   196  port.o(i.xPortStartScheduler)
    xPortSysTickHandler                      0x08004269   Thumb Code    38  port.o(i.xPortSysTickHandler)
    xQueueGenericCreate                      0x08004295   Thumb Code    82  queue.o(i.xQueueGenericCreate)
    xQueueGenericReceive                     0x0800430d   Thumb Code   348  queue.o(i.xQueueGenericReceive)
    xQueueGenericReset                       0x08004491   Thumb Code   128  queue.o(i.xQueueGenericReset)
    xQueueGenericSend                        0x08004539   Thumb Code   350  queue.o(i.xQueueGenericSend)
    xQueueGenericSendFromISR                 0x080046c1   Thumb Code   188  queue.o(i.xQueueGenericSendFromISR)
    xTaskCheckForTimeOut                     0x080047a1   Thumb Code    94  tasks.o(i.xTaskCheckForTimeOut)
    xTaskCreate                              0x08004829   Thumb Code    86  tasks.o(i.xTaskCreate)
    xTaskGetSchedulerState                   0x08004881   Thumb Code    22  tasks.o(i.xTaskGetSchedulerState)
    xTaskGetTickCount                        0x0800489d   Thumb Code     6  tasks.o(i.xTaskGetTickCount)
    xTaskIncrementTick                       0x080048a9   Thumb Code   188  tasks.o(i.xTaskIncrementTick)
    xTaskPriorityDisinherit                  0x08004991   Thumb Code   136  tasks.o(i.xTaskPriorityDisinherit)
    xTaskRemoveFromEventList                 0x08004a45   Thumb Code   102  tasks.o(i.xTaskRemoveFromEventList)
    xTaskResumeAll                           0x08004add   Thumb Code   180  tasks.o(i.xTaskResumeAll)
    xTimerCreate                             0x08004bc1   Thumb Code    74  timers.o(i.xTimerCreate)
    xTimerCreateTimerTask                    0x08004c35   Thumb Code    58  timers.o(i.xTimerCreateTimerTask)
    xTimerGenericCommand                     0x08004ca9   Thumb Code    98  timers.o(i.xTimerGenericCommand)
    __aeabi_dneg                             0x08004d39   Thumb Code     0  basic.o(x$fpl$basic)
    _dneg                                    0x08004d39   Thumb Code     6  basic.o(x$fpl$basic)
    __aeabi_fneg                             0x08004d3f   Thumb Code     0  basic.o(x$fpl$basic)
    _fneg                                    0x08004d3f   Thumb Code     6  basic.o(x$fpl$basic)
    _dabs                                    0x08004d45   Thumb Code     6  basic.o(x$fpl$basic)
    _fabs                                    0x08004d4b   Thumb Code     6  basic.o(x$fpl$basic)
    __aeabi_d2f                              0x08004d51   Thumb Code     0  d2f.o(x$fpl$d2f)
    _d2f                                     0x08004d51   Thumb Code    98  d2f.o(x$fpl$d2f)
    __aeabi_dadd                             0x08004db5   Thumb Code     0  daddsub_clz.o(x$fpl$dadd)
    _dadd                                    0x08004db5   Thumb Code   332  daddsub_clz.o(x$fpl$dadd)
    __aeabi_ddiv                             0x08004f05   Thumb Code     0  ddiv.o(x$fpl$ddiv)
    _ddiv                                    0x08004f05   Thumb Code   552  ddiv.o(x$fpl$ddiv)
    __aeabi_d2iz                             0x080051b5   Thumb Code     0  dfix.o(x$fpl$dfix)
    _dfix                                    0x080051b5   Thumb Code    94  dfix.o(x$fpl$dfix)
    __aeabi_i2d                              0x08005213   Thumb Code     0  dflt_clz.o(x$fpl$dflt)
    _dflt                                    0x08005213   Thumb Code    46  dflt_clz.o(x$fpl$dflt)
    __aeabi_ui2d                             0x08005241   Thumb Code     0  dflt_clz.o(x$fpl$dfltu)
    _dfltu                                   0x08005241   Thumb Code    38  dflt_clz.o(x$fpl$dfltu)
    __aeabi_dmul                             0x08005269   Thumb Code     0  dmul.o(x$fpl$dmul)
    _dmul                                    0x08005269   Thumb Code   332  dmul.o(x$fpl$dmul)
    __fpl_dnaninf                            0x080053bd   Thumb Code   156  dnaninf.o(x$fpl$dnaninf)
    __fpl_dretinf                            0x08005459   Thumb Code    12  dretinf.o(x$fpl$dretinf)
    __aeabi_drsub                            0x08005465   Thumb Code     0  daddsub_clz.o(x$fpl$drsb)
    _drsb                                    0x08005465   Thumb Code    22  daddsub_clz.o(x$fpl$drsb)
    __aeabi_dsub                             0x0800547d   Thumb Code     0  daddsub_clz.o(x$fpl$dsub)
    _dsub                                    0x0800547d   Thumb Code   464  daddsub_clz.o(x$fpl$dsub)
    __aeabi_f2d                              0x08005651   Thumb Code     0  f2d.o(x$fpl$f2d)
    _f2d                                     0x08005651   Thumb Code    86  f2d.o(x$fpl$f2d)
    __fpl_fnaninf                            0x080056a7   Thumb Code   140  fnaninf.o(x$fpl$fnaninf)
    _fp_init                                 0x08005733   Thumb Code    10  fpinit.o(x$fpl$fpinit)
    __fplib_config_fpu_vfp                   0x0800573b   Thumb Code     0  fpinit.o(x$fpl$fpinit)
    __fplib_config_pureend_doubles           0x0800573b   Thumb Code     0  fpinit.o(x$fpl$fpinit)
    __fpl_fretinf                            0x0800573d   Thumb Code    10  fretinf.o(x$fpl$fretinf)
    __I$use$fp                               0x08005746   Number         0  usenofp.o(x$fpl$usenofp)
    Region$$Table$$Base                      0x08005868   Number         0  anon$$obj.o(Region$$Table)
    Region$$Table$$Limit                     0x08005888   Number         0  anon$$obj.o(Region$$Table)
    StartTask_Handler                        0x20000000   Data           4  main.o(.data)
    moveTask_Handler                         0x20000004   Data           4  main.o(.data)
    Mode                                     0x20000008   Data           1  main.o(.data)
    SystemCoreClock                          0x2000000c   Data           4  system_stm32f4xx.o(.data)
    AHBPrescTable                            0x20000010   Data          16  system_stm32f4xx.o(.data)
    can1_tx_success_flag                     0x20000020   Data           1  can.o(.data)
    Speed_x                                  0x20000024   Data           4  move.o(.data)
    Speed_y                                  0x20000028   Data           4  move.o(.data)
    Speed_w                                  0x2000002c   Data           4  move.o(.data)
    USART_Receiver                           0x20000030   Data           1  communication.o(.data)
    cmd_flag                                 0x20000035   Data           1  communication.o(.data)
    Cmd_x                                    0x20000040   Data           4  communication.o(.data)
    Cmd_y                                    0x20000044   Data           4  communication.o(.data)
    Cmd_w                                    0x20000048   Data           4  communication.o(.data)
    pos_x                                    0x20000050   Data           4  action.o(.data)
    pos_y                                    0x20000054   Data           4  action.o(.data)
    zangle                                   0x20000058   Data           4  action.o(.data)
    ppm_update_flag                          0x2000005c   Data           1  remove_control.o(.data)
    Microsecond_Cnt                          0x20000060   Data           2  remove_control.o(.data)
    TIME_ISR_CNT                             0x20000062   Data           2  remove_control.o(.data)
    LAST_TIME_ISR_CNT                        0x20000064   Data           2  remove_control.o(.data)
    now_ppm_time_send                        0x20000068   Data           4  remove_control.o(.data)
    Time_Sys                                 0x20000074   Data           8  remove_control.o(.data)
    is_have_b_flag                           0x2000007c   Data           1  upper.o(.data)
    is_set_b_flag                            0x2000007d   Data           1  upper.o(.data)
    is_shoot_b_flag                          0x2000007e   Data           1  upper.o(.data)
    time_up                                  0x20000080   Data           2  upper.o(.data)
    time                                     0x20000082   Data           2  upper.o(.data)
    p                                        0x20000084   Data           4  upper.o(.data)
    __stdout                                 0x2000008c   Data           4  usart.o(.data)
    pxCurrentTCB                             0x200000a0   Data           4  tasks.o(.data)
    M3508_CHASSIS_MOTOR_REAL_INFO            0x20000114   Data         512  move.o(.bss)
    M3508_PID                                0x20000314   Data         448  pid.o(.bss)
    receiveBuff                              0x200004d4   Data          19  communication.o(.bss)
    ACTION_GL_POS_DATA                       0x2000050c   Data          48  action.o(.bss)
    PPM_Databuf                              0x20000568   Data          20  remove_control.o(.bss)
    xQueueRegistry                           0x2000057c   Data          64  queue.o(.bss)
    __libspace_start                         0x200058c8   Data          96  libspace.o(.bss)
    __temporary_stack_top$libspace           0x20005928   Data           0  libspace.o(.bss)



==============================================================================

Memory Map of the image

  Image Entry point : 0x08000189

  Load Region LR_IROM1 (Base: 0x08000000, Size: 0x0000599c, Max: 0x00100000, ABSOLUTE)

    Execution Region ER_IROM1 (Exec base: 0x08000000, Load base: 0x08000000, Size: 0x00005888, Max: 0x00100000, ABSOLUTE)

    Exec Addr    Load Addr    Size         Type   Attr      Idx    E Section Name        Object

    0x08000000   0x08000000   0x00000188   Data   RO          850    RESET               startup_stm32f40_41xxx.o
    0x08000188   0x08000188   0x00000008   Code   RO         6724  * !!!main             c_w.l(__main.o)
    0x08000190   0x08000190   0x00000034   Code   RO         7026    !!!scatter          c_w.l(__scatter.o)
    0x080001c4   0x080001c4   0x0000001a   Code   RO         7028    !!handler_copy      c_w.l(__scatter_copy.o)
    0x080001de   0x080001de   0x00000002   PAD
    0x080001e0   0x080001e0   0x0000001c   Code   RO         7030    !!handler_zi        c_w.l(__scatter_zi.o)
    0x080001fc   0x080001fc   0x00000000   Code   RO         6711    .ARM.Collect$$_printf_percent$$00000000  c_w.l(_printf_percent.o)
    0x080001fc   0x080001fc   0x00000006   Code   RO         6709    .ARM.Collect$$_printf_percent$$00000009  c_w.l(_printf_d.o)
    0x08000202   0x08000202   0x00000006   Code   RO         6708    .ARM.Collect$$_printf_percent$$00000014  c_w.l(_printf_s.o)
    0x08000208   0x08000208   0x00000004   Code   RO         6793    .ARM.Collect$$_printf_percent$$00000017  c_w.l(_printf_percent_end.o)
    0x0800020c   0x0800020c   0x00000002   Code   RO         6901    .ARM.Collect$$libinit$$00000000  c_w.l(libinit.o)
    0x0800020e   0x0800020e   0x00000004   Code   RO         6904    .ARM.Collect$$libinit$$00000001  c_w.l(libinit2.o)
    0x08000212   0x08000212   0x00000000   Code   RO         6907    .ARM.Collect$$libinit$$00000004  c_w.l(libinit2.o)
    0x08000212   0x08000212   0x00000000   Code   RO         6910    .ARM.Collect$$libinit$$0000000A  c_w.l(libinit2.o)
    0x08000212   0x08000212   0x00000000   Code   RO         6912    .ARM.Collect$$libinit$$0000000C  c_w.l(libinit2.o)
    0x08000212   0x08000212   0x00000000   Code   RO         6914    .ARM.Collect$$libinit$$0000000E  c_w.l(libinit2.o)
    0x08000212   0x08000212   0x00000000   Code   RO         6917    .ARM.Collect$$libinit$$00000011  c_w.l(libinit2.o)
    0x08000212   0x08000212   0x00000000   Code   RO         6919    .ARM.Collect$$libinit$$00000013  c_w.l(libinit2.o)
    0x08000212   0x08000212   0x00000000   Code   RO         6921    .ARM.Collect$$libinit$$00000015  c_w.l(libinit2.o)
    0x08000212   0x08000212   0x00000000   Code   RO         6923    .ARM.Collect$$libinit$$00000017  c_w.l(libinit2.o)
    0x08000212   0x08000212   0x00000000   Code   RO         6925    .ARM.Collect$$libinit$$00000019  c_w.l(libinit2.o)
    0x08000212   0x08000212   0x00000000   Code   RO         6927    .ARM.Collect$$libinit$$0000001B  c_w.l(libinit2.o)
    0x08000212   0x08000212   0x00000000   Code   RO         6929    .ARM.Collect$$libinit$$0000001D  c_w.l(libinit2.o)
    0x08000212   0x08000212   0x00000000   Code   RO         6931    .ARM.Collect$$libinit$$0000001F  c_w.l(libinit2.o)
    0x08000212   0x08000212   0x00000000   Code   RO         6933    .ARM.Collect$$libinit$$00000021  c_w.l(libinit2.o)
    0x08000212   0x08000212   0x00000000   Code   RO         6935    .ARM.Collect$$libinit$$00000023  c_w.l(libinit2.o)
    0x08000212   0x08000212   0x00000000   Code   RO         6937    .ARM.Collect$$libinit$$00000025  c_w.l(libinit2.o)
    0x08000212   0x08000212   0x00000000   Code   RO         6941    .ARM.Collect$$libinit$$0000002C  c_w.l(libinit2.o)
    0x08000212   0x08000212   0x00000000   Code   RO         6943    .ARM.Collect$$libinit$$0000002E  c_w.l(libinit2.o)
    0x08000212   0x08000212   0x00000000   Code   RO         6945    .ARM.Collect$$libinit$$00000030  c_w.l(libinit2.o)
    0x08000212   0x08000212   0x00000000   Code   RO         6947    .ARM.Collect$$libinit$$00000032  c_w.l(libinit2.o)
    0x08000212   0x08000212   0x00000002   Code   RO         6948    .ARM.Collect$$libinit$$00000033  c_w.l(libinit2.o)
    0x08000214   0x08000214   0x00000002   Code   RO         6966    .ARM.Collect$$libshutdown$$00000000  c_w.l(libshutdown.o)
    0x08000216   0x08000216   0x00000000   Code   RO         6976    .ARM.Collect$$libshutdown$$00000002  c_w.l(libshutdown2.o)
    0x08000216   0x08000216   0x00000000   Code   RO         6978    .ARM.Collect$$libshutdown$$00000004  c_w.l(libshutdown2.o)
    0x08000216   0x08000216   0x00000000   Code   RO         6980    .ARM.Collect$$libshutdown$$00000006  c_w.l(libshutdown2.o)
    0x08000216   0x08000216   0x00000000   Code   RO         6983    .ARM.Collect$$libshutdown$$00000009  c_w.l(libshutdown2.o)
    0x08000216   0x08000216   0x00000000   Code   RO         6986    .ARM.Collect$$libshutdown$$0000000C  c_w.l(libshutdown2.o)
    0x08000216   0x08000216   0x00000000   Code   RO         6988    .ARM.Collect$$libshutdown$$0000000E  c_w.l(libshutdown2.o)
    0x08000216   0x08000216   0x00000000   Code   RO         6991    .ARM.Collect$$libshutdown$$00000011  c_w.l(libshutdown2.o)
    0x08000216   0x08000216   0x00000002   Code   RO         6992    .ARM.Collect$$libshutdown$$00000012  c_w.l(libshutdown2.o)
    0x08000218   0x08000218   0x00000000   Code   RO         6780    .ARM.Collect$$rtentry$$00000000  c_w.l(__rtentry.o)
    0x08000218   0x08000218   0x00000000   Code   RO         6840    .ARM.Collect$$rtentry$$00000002  c_w.l(__rtentry2.o)
    0x08000218   0x08000218   0x00000006   Code   RO         6852    .ARM.Collect$$rtentry$$00000004  c_w.l(__rtentry4.o)
    0x0800021e   0x0800021e   0x00000000   Code   RO         6842    .ARM.Collect$$rtentry$$00000009  c_w.l(__rtentry2.o)
    0x0800021e   0x0800021e   0x00000004   Code   RO         6843    .ARM.Collect$$rtentry$$0000000A  c_w.l(__rtentry2.o)
    0x08000222   0x08000222   0x00000000   Code   RO         6845    .ARM.Collect$$rtentry$$0000000C  c_w.l(__rtentry2.o)
    0x08000222   0x08000222   0x00000008   Code   RO         6846    .ARM.Collect$$rtentry$$0000000D  c_w.l(__rtentry2.o)
    0x0800022a   0x0800022a   0x00000002   Code   RO         6902    .ARM.Collect$$rtexit$$00000000  c_w.l(rtexit.o)
    0x0800022c   0x0800022c   0x00000000   Code   RO         6950    .ARM.Collect$$rtexit$$00000002  c_w.l(rtexit2.o)
    0x0800022c   0x0800022c   0x00000004   Code   RO         6951    .ARM.Collect$$rtexit$$00000003  c_w.l(rtexit2.o)
    0x08000230   0x08000230   0x00000006   Code   RO         6952    .ARM.Collect$$rtexit$$00000004  c_w.l(rtexit2.o)
    0x08000236   0x08000236   0x00000002   PAD
    0x08000238   0x08000238   0x000000b6   Code   RO         6463    .emb_text           port.o
    0x080002ee   0x080002ee   0x00000002   PAD
    0x080002f0   0x080002f0   0x00000040   Code   RO          851    .text               startup_stm32f40_41xxx.o
    0x08000330   0x08000330   0x00000002   Code   RO         6671    .text               c_w.l(use_no_semi_2.o)
    0x08000332   0x08000332   0x00000002   PAD
    0x08000334   0x08000334   0x00000018   Code   RO         6677    .text               c_w.l(noretval__2printf.o)
    0x0800034c   0x0800034c   0x00000068   Code   RO         6681    .text               c_w.l(__printf.o)
    0x080003b4   0x080003b4   0x00000052   Code   RO         6683    .text               c_w.l(_printf_str.o)
    0x08000406   0x08000406   0x00000002   PAD
    0x08000408   0x08000408   0x00000078   Code   RO         6685    .text               c_w.l(_printf_dec.o)
    0x08000480   0x08000480   0x0000008a   Code   RO         6716    .text               c_w.l(rt_memcpy_v6.o)
    0x0800050a   0x0800050a   0x00000064   Code   RO         6718    .text               c_w.l(rt_memcpy_w.o)
    0x0800056e   0x0800056e   0x00000010   Code   RO         6720    .text               c_w.l(aeabi_memset.o)
    0x0800057e   0x0800057e   0x00000006   Code   RO         6722    .text               c_w.l(heapauxi.o)
    0x08000584   0x08000584   0x00000002   Code   RO         6778    .text               c_w.l(use_no_semi.o)
    0x08000586   0x08000586   0x00000016   Code   RO         6781    .text               c_w.l(_rserrno.o)
    0x0800059c   0x0800059c   0x000000b2   Code   RO         6783    .text               c_w.l(_printf_intcommon.o)
    0x0800064e   0x0800064e   0x00000002   PAD
    0x08000650   0x08000650   0x00000030   Code   RO         6785    .text               c_w.l(_printf_char_common.o)
    0x08000680   0x08000680   0x0000002c   Code   RO         6789    .text               c_w.l(_printf_char.o)
    0x080006ac   0x080006ac   0x00000024   Code   RO         6791    .text               c_w.l(_printf_char_file.o)
    0x080006d0   0x080006d0   0x00000044   Code   RO         6794    .text               c_w.l(rt_memclr.o)
    0x08000714   0x08000714   0x00000008   Code   RO         6857    .text               c_w.l(rt_errno_addr_intlibspace.o)
    0x0800071c   0x0800071c   0x00000008   Code   RO         6861    .text               c_w.l(ferror.o)
    0x08000724   0x08000724   0x0000004e   Code   RO         6865    .text               c_w.l(rt_memclr_w.o)
    0x08000772   0x08000772   0x00000002   PAD
    0x08000774   0x08000774   0x00000008   Code   RO         6889    .text               c_w.l(libspace.o)
    0x0800077c   0x0800077c   0x0000004a   Code   RO         6892    .text               c_w.l(sys_stackheap_outer.o)
    0x080007c6   0x080007c6   0x00000012   Code   RO         6894    .text               c_w.l(exit.o)
    0x080007d8   0x080007d8   0x00000024   Code   RO          603    i.Action_Init       action.o
    0x080007fc   0x080007fc   0x00000002   Code   RO          234    i.BusFault_Handler  stm32f4xx_it.o
    0x080007fe   0x080007fe   0x00000002   PAD
    0x08000800   0x08000800   0x00000070   Code   RO          324    i.CAN1_RX0_IRQHandler  can.o
    0x08000870   0x08000870   0x00000028   Code   RO          325    i.CAN1_TX_IRQHandler  can.o
    0x08000898   0x08000898   0x00000104   Code   RO          326    i.CAN1_init         can.o
    0x0800099c   0x0800099c   0x00000078   Code   RO         1821    i.CAN_ClearITPendingBit  stm32f4xx_can.o
    0x08000a14   0x08000a14   0x0000002c   Code   RO         1823    i.CAN_DeInit        stm32f4xx_can.o
    0x08000a40   0x08000a40   0x000000cc   Code   RO         1825    i.CAN_FilterInit    stm32f4xx_can.o
    0x08000b0c   0x08000b0c   0x000000a8   Code   RO         1827    i.CAN_GetITStatus   stm32f4xx_can.o
    0x08000bb4   0x08000bb4   0x00000010   Code   RO         1831    i.CAN_ITConfig      stm32f4xx_can.o
    0x08000bc4   0x08000bc4   0x000000e8   Code   RO         1832    i.CAN_Init          stm32f4xx_can.o
    0x08000cac   0x08000cac   0x0000008e   Code   RO         1835    i.CAN_Receive       stm32f4xx_can.o
    0x08000d3a   0x08000d3a   0x00000020   Code   RO         1838    i.CAN_StructInit    stm32f4xx_can.o
    0x08000d5a   0x08000d5a   0x000000be   Code   RO         1840    i.CAN_Transmit      stm32f4xx_can.o
    0x08000e18   0x08000e18   0x00000168   Code   RO          406    i.CAN_motor_init    chassis.o
    0x08000f80   0x08000f80   0x0000000c   Code   RO         1843    i.CheckITStatus     stm32f4xx_can.o
    0x08000f8c   0x08000f8c   0x00000002   Code   RO          235    i.DebugMon_Handler  stm32f4xx_it.o
    0x08000f8e   0x08000f8e   0x00000002   PAD
    0x08000f90   0x08000f90   0x00000094   Code   RO          642    i.EXTI9_5_IRQHandler  remove_control.o
    0x08001024   0x08001024   0x0000000c   Code   RO         2780    i.EXTI_ClearITPendingBit  stm32f4xx_exti.o
    0x08001030   0x08001030   0x00000014   Code   RO         2784    i.EXTI_GetITStatus  stm32f4xx_exti.o
    0x08001044   0x08001044   0x00000070   Code   RO         2785    i.EXTI_Init         stm32f4xx_exti.o
    0x080010b4   0x080010b4   0x00000078   Code   RO          902    i.GPIO_Init         stm32f4xx_gpio.o
    0x0800112c   0x0800112c   0x00000020   Code   RO          903    i.GPIO_PinAFConfig  stm32f4xx_gpio.o
    0x0800114c   0x0800114c   0x00000002   Code   RO          236    i.HardFault_Handler  stm32f4xx_it.o
    0x0800114e   0x0800114e   0x00000002   PAD
    0x08001150   0x08001150   0x000000bc   Code   RO          327    i.M3508AngleIntegral  can.o
    0x0800120c   0x0800120c   0x000000bc   Code   RO          328    i.M3508AngleIntegral4  can.o
    0x080012c8   0x080012c8   0x00000064   Code   RO          452    i.M3508_Send_Motor_Currents1  move.o
    0x0800132c   0x0800132c   0x00000068   Code   RO          453    i.M3508_Send_Motor_Currents2  move.o
    0x08001394   0x08001394   0x00000002   Code   RO          237    i.MemManage_Handler  stm32f4xx_it.o
    0x08001396   0x08001396   0x00000002   Code   RO          238    i.NMI_Handler       stm32f4xx_it.o
    0x08001398   0x08001398   0x00000064   Code   RO          857    i.NVIC_Init         misc.o
    0x080013fc   0x080013fc   0x00000014   Code   RO          858    i.NVIC_PriorityGroupConfig  misc.o
    0x08001410   0x08001410   0x0000003c   Code   RO          501    i.PID_Parameter_Speed_Init  pid.o
    0x0800144c   0x0800144c   0x000000c8   Code   RO          502    i.PID_Speed_Calculate  pid.o
    0x08001514   0x08001514   0x0000006c   Code   RO          643    i.PPM_Init          remove_control.o
    0x08001580   0x08001580   0x00000018   Code   RO          999    i.RCC_AHB1PeriphClockCmd  stm32f4xx_rcc.o
    0x08001598   0x08001598   0x00000018   Code   RO         1008    i.RCC_APB1PeriphClockCmd  stm32f4xx_rcc.o
    0x080015b0   0x080015b0   0x00000018   Code   RO         1010    i.RCC_APB1PeriphResetCmd  stm32f4xx_rcc.o
    0x080015c8   0x080015c8   0x00000018   Code   RO         1011    i.RCC_APB2PeriphClockCmd  stm32f4xx_rcc.o
    0x080015e0   0x080015e0   0x00000090   Code   RO         1020    i.RCC_GetClocksFreq  stm32f4xx_rcc.o
    0x08001670   0x08001670   0x00000030   Code   RO         1336    i.SYSCFG_EXTILineConfig  stm32f4xx_syscfg.o
    0x080016a0   0x080016a0   0x000000b4   Code   RO          287    i.SetSysClock       system_stm32f4xx.o
    0x08001754   0x08001754   0x000001dc   Code   RO          407    i.Set_World_Speed_Trans  chassis.o
    0x08001930   0x08001930   0x000000b4   Code   RO          454    i.Speed_Chassis_Calculate  move.o
    0x080019e4   0x080019e4   0x00000018   Code   RO          861    i.SysTick_CLKSourceConfig  misc.o
    0x080019fc   0x080019fc   0x00000014   Code   RO          723    i.SysTick_Handler   delay.o
    0x08001a10   0x08001a10   0x0000005c   Code   RO          289    i.SystemInit        system_stm32f4xx.o
    0x08001a6c   0x08001a6c   0x0000005c   Code   RO          644    i.TIM2_GET_TIM_Init  remove_control.o
    0x08001ac8   0x08001ac8   0x0000006c   Code   RO          645    i.TIM2_IRQHandler   remove_control.o
    0x08001b34   0x08001b34   0x00000006   Code   RO         4972    i.TIM_ClearITPendingBit  stm32f4xx_tim.o
    0x08001b3a   0x08001b3a   0x00000014   Code   RO         4977    i.TIM_Cmd           stm32f4xx_tim.o
    0x08001b4e   0x08001b4e   0x00000018   Code   RO         4998    i.TIM_GetITStatus   stm32f4xx_tim.o
    0x08001b66   0x08001b66   0x00000010   Code   RO         5002    i.TIM_ITConfig      stm32f4xx_tim.o
    0x08001b76   0x08001b76   0x00000002   PAD
    0x08001b78   0x08001b78   0x0000007c   Code   RO         5049    i.TIM_TimeBaseInit  stm32f4xx_tim.o
    0x08001bf4   0x08001bf4   0x00000098   Code   RO          604    i.UART4_IRQHandler  action.o
    0x08001c8c   0x08001c8c   0x0000002c   Code   RO          551    i.USART1_IRQHandler  communication.o
    0x08001cb8   0x08001cb8   0x00000006   Code   RO         1389    i.USART_ClearFlag   stm32f4xx_usart.o
    0x08001cbe   0x08001cbe   0x0000000c   Code   RO         1390    i.USART_ClearITPendingBit  stm32f4xx_usart.o
    0x08001cca   0x08001cca   0x00000014   Code   RO         1393    i.USART_Cmd         stm32f4xx_usart.o
    0x08001cde   0x08001cde   0x0000003e   Code   RO         1397    i.USART_GetITStatus  stm32f4xx_usart.o
    0x08001d1c   0x08001d1c   0x00000030   Code   RO         1399    i.USART_ITConfig    stm32f4xx_usart.o
    0x08001d4c   0x08001d4c   0x000000ac   Code   RO         1400    i.USART_Init        stm32f4xx_usart.o
    0x08001df8   0x08001df8   0x00000008   Code   RO         1407    i.USART_ReceiveData  stm32f4xx_usart.o
    0x08001e00   0x08001e00   0x00000110   Code   RO          605    i.Update_Angle_gl_position  action.o
    0x08001f10   0x08001f10   0x00000002   Code   RO          239    i.UsageFault_Handler  stm32f4xx_it.o
    0x08001f12   0x08001f12   0x00000030   Code   RO         6885    i.__ARM_fpclassify  m_wm.l(fpclassify.o)
    0x08001f42   0x08001f42   0x00000006   PAD
    0x08001f48   0x08001f48   0x000000c8   Code   RO         6742    i.__hardfp_cos      m_wm.l(cos.o)
    0x08002010   0x08002010   0x000000c8   Code   RO         6754    i.__hardfp_sin      m_wm.l(sin.o)
    0x080020d8   0x080020d8   0x00000438   Code   RO         6828    i.__ieee754_rem_pio2  m_wm.l(rred.o)
    0x08002510   0x08002510   0x00000170   Code   RO         6811    i.__kernel_cos      m_wm.l(cos_i.o)
    0x08002680   0x08002680   0x000000f8   Code   RO         6887    i.__kernel_poly     m_wm.l(poly.o)
    0x08002778   0x08002778   0x00000130   Code   RO         6833    i.__kernel_sin      m_wm.l(sin_i.o)
    0x080028a8   0x080028a8   0x00000014   Code   RO         6815    i.__mathlib_dbl_infnan  m_wm.l(dunder.o)
    0x080028bc   0x080028bc   0x00000004   PAD
    0x080028c0   0x080028c0   0x00000020   Code   RO         6817    i.__mathlib_dbl_invalid  m_wm.l(dunder.o)
    0x080028e0   0x080028e0   0x00000020   Code   RO         6820    i.__mathlib_dbl_underflow  m_wm.l(dunder.o)
    0x08002900   0x08002900   0x00000002   Code   RO          797    i._sys_exit         usart.o
    0x08002902   0x08002902   0x00000002   PAD
    0x08002904   0x08002904   0x00000038   Code   RO          724    i.delay_init        delay.o
    0x0800293c   0x0800293c   0x00000018   Code   RO         6881    i.fabs              m_wm.l(fabs.o)
    0x08002954   0x08002954   0x00000014   Code   RO          798    i.fputc             usart.o
    0x08002968   0x08002968   0x0000002e   Code   RO          553    i.getCrc8           communication.o
    0x08002996   0x08002996   0x00000002   PAD
    0x08002998   0x08002998   0x000000c8   Code   RO          455    i.m3508_update_m3508_info  move.o
    0x08002a60   0x08002a60   0x00000058   Code   RO            3    i.main              main.o
    0x08002ab8   0x08002ab8   0x00000078   Code   RO         6651    i.move_task         move_task.o
    0x08002b30   0x08002b30   0x00000070   Code   RO         5982    i.prvAddCurrentTaskToDelayedList  tasks.o
    0x08002ba0   0x08002ba0   0x000000d0   Code   RO         5983    i.prvAddNewTaskToReadyList  tasks.o
    0x08002c70   0x08002c70   0x00000050   Code   RO         6335    i.prvCheckForValidListAndQueue  timers.o
    0x08002cc0   0x08002cc0   0x00000054   Code   RO         5984    i.prvCheckTasksWaitingTermination  tasks.o
    0x08002d14   0x08002d14   0x00000026   Code   RO         5756    i.prvCopyDataFromQueue  queue.o
    0x08002d3a   0x08002d3a   0x0000006c   Code   RO         5757    i.prvCopyDataToQueue  queue.o
    0x08002da6   0x08002da6   0x00000014   Code   RO         5985    i.prvDeleteTCB      tasks.o
    0x08002dba   0x08002dba   0x00000002   PAD
    0x08002dbc   0x08002dbc   0x0000004c   Code   RO         6548    i.prvHeapInit       heap_4.o
    0x08002e08   0x08002e08   0x00000028   Code   RO         5986    i.prvIdleTask       tasks.o
    0x08002e30   0x08002e30   0x000000c0   Code   RO         5987    i.prvInitialiseNewTask  tasks.o
    0x08002ef0   0x08002ef0   0x0000004c   Code   RO         6549    i.prvInsertBlockIntoFreeList  heap_4.o
    0x08002f3c   0x08002f3c   0x00000038   Code   RO         6336    i.prvInsertTimerInActiveList  timers.o
    0x08002f74   0x08002f74   0x0000001a   Code   RO         5758    i.prvIsQueueEmpty   queue.o
    0x08002f8e   0x08002f8e   0x00000002   PAD
    0x08002f90   0x08002f90   0x00000090   Code   RO         5759    i.prvNotifyQueueSetContainer  queue.o
    0x08003020   0x08003020   0x00000060   Code   RO         6337    i.prvProcessExpiredTimer  timers.o
    0x08003080   0x08003080   0x000000f0   Code   RO         6338    i.prvProcessReceivedCommands  timers.o
    0x08003170   0x08003170   0x0000006c   Code   RO         6339    i.prvProcessTimerOrBlockTask  timers.o
    0x080031dc   0x080031dc   0x00000020   Code   RO         5989    i.prvResetNextTaskUnblockTime  tasks.o
    0x080031fc   0x080031fc   0x00000028   Code   RO         6340    i.prvSampleTimeNow  timers.o
    0x08003224   0x08003224   0x0000006c   Code   RO         6341    i.prvSwitchTimerLists  timers.o
    0x08003290   0x08003290   0x00000064   Code   RO         6464    i.prvTaskExitError  port.o
    0x080032f4   0x080032f4   0x00000028   Code   RO         6342    i.prvTimerTask      timers.o
    0x0800331c   0x0800331c   0x00000078   Code   RO         5760    i.prvUnlockQueue    queue.o
    0x08003394   0x08003394   0x00000114   Code   RO         6550    i.pvPortMalloc      heap_4.o
    0x080034a8   0x080034a8   0x00000018   Code   RO         5991    i.pvTaskIncrementMutexHeldCount  tasks.o
    0x080034c0   0x080034c0   0x0000002c   Code   RO         6465    i.pxPortInitialiseStack  port.o
    0x080034ec   0x080034ec   0x00000044   Code   RO            4    i.start_task        main.o
    0x08003530   0x08003530   0x00000028   Code   RO          688    i.test_rise_time    upper.o
    0x08003558   0x08003558   0x00000028   Code   RO          689    i.test_rise_time_up  upper.o
    0x08003580   0x08003580   0x000000ac   Code   RO          799    i.uart1_init        usart.o
    0x0800362c   0x0800362c   0x000000b8   Code   RO          800    i.uart4_init        usart.o
    0x080036e4   0x080036e4   0x00000274   Code   RO          690    i.upper_control     upper.o
    0x08003958   0x08003958   0x00000108   Code   RO          554    i.usartReceiveData  communication.o
    0x08003a60   0x08003a60   0x00000024   Code   RO         5711    i.uxListRemove      list.o
    0x08003a84   0x08003a84   0x00000016   Code   RO         5712    i.vListInitialise   list.o
    0x08003a9a   0x08003a9a   0x00000006   Code   RO         5713    i.vListInitialiseItem  list.o
    0x08003aa0   0x08003aa0   0x00000030   Code   RO         5714    i.vListInsert       list.o
    0x08003ad0   0x08003ad0   0x00000018   Code   RO         5715    i.vListInsertEnd    list.o
    0x08003ae8   0x08003ae8   0x00000078   Code   RO         6467    i.vPortEnterCritical  port.o
    0x08003b60   0x08003b60   0x00000064   Code   RO         6468    i.vPortExitCritical  port.o
    0x08003bc4   0x08003bc4   0x0000009c   Code   RO         6551    i.vPortFree         heap_4.o
    0x08003c60   0x08003c60   0x00000020   Code   RO         6469    i.vPortSetupTimerInterrupt  port.o
    0x08003c80   0x08003c80   0x0000008c   Code   RO         6470    i.vPortValidateInterruptPriority  port.o
    0x08003d0c   0x08003d0c   0x00000024   Code   RO         5766    i.vQueueAddToRegistry  queue.o
    0x08003d30   0x08003d30   0x00000044   Code   RO         5770    i.vQueueWaitForMessageRestricted  queue.o
    0x08003d74   0x08003d74   0x0000006c   Code   RO         5999    i.vTaskDelay        tasks.o
    0x08003de0   0x08003de0   0x000000cc   Code   RO         6001    i.vTaskDelete       tasks.o
    0x08003eac   0x08003eac   0x0000000c   Code   RO         6005    i.vTaskMissedYield  tasks.o
    0x08003eb8   0x08003eb8   0x00000054   Code   RO         6007    i.vTaskPlaceOnEventList  tasks.o
    0x08003f0c   0x08003f0c   0x0000005c   Code   RO         6008    i.vTaskPlaceOnEventListRestricted  tasks.o
    0x08003f68   0x08003f68   0x00000084   Code   RO         6010    i.vTaskPriorityInherit  tasks.o
    0x08003fec   0x08003fec   0x00000048   Code   RO         6014    i.vTaskSetTimeOutState  tasks.o
    0x08004034   0x08004034   0x00000094   Code   RO         6015    i.vTaskStartScheduler  tasks.o
    0x080040c8   0x080040c8   0x00000010   Code   RO         6017    i.vTaskSuspendAll   tasks.o
    0x080040d8   0x080040d8   0x0000007c   Code   RO         6018    i.vTaskSwitchContext  tasks.o
    0x08004154   0x08004154   0x00000114   Code   RO         6471    i.xPortStartScheduler  port.o
    0x08004268   0x08004268   0x0000002c   Code   RO         6472    i.xPortSysTickHandler  port.o
    0x08004294   0x08004294   0x00000078   Code   RO         5775    i.xQueueGenericCreate  queue.o
    0x0800430c   0x0800430c   0x00000184   Code   RO         5776    i.xQueueGenericReceive  queue.o
    0x08004490   0x08004490   0x000000a8   Code   RO         5777    i.xQueueGenericReset  queue.o
    0x08004538   0x08004538   0x00000188   Code   RO         5778    i.xQueueGenericSend  queue.o
    0x080046c0   0x080046c0   0x000000e0   Code   RO         5779    i.xQueueGenericSendFromISR  queue.o
    0x080047a0   0x080047a0   0x00000088   Code   RO         6019    i.xTaskCheckForTimeOut  tasks.o
    0x08004828   0x08004828   0x00000056   Code   RO         6020    i.xTaskCreate       tasks.o
    0x0800487e   0x0800487e   0x00000002   PAD
    0x08004880   0x08004880   0x0000001c   Code   RO         6024    i.xTaskGetSchedulerState  tasks.o
    0x0800489c   0x0800489c   0x0000000c   Code   RO         6025    i.xTaskGetTickCount  tasks.o
    0x080048a8   0x080048a8   0x000000e8   Code   RO         6027    i.xTaskIncrementTick  tasks.o
    0x08004990   0x08004990   0x000000b4   Code   RO         6030    i.xTaskPriorityDisinherit  tasks.o
    0x08004a44   0x08004a44   0x00000098   Code   RO         6031    i.xTaskRemoveFromEventList  tasks.o
    0x08004adc   0x08004adc   0x000000e4   Code   RO         6033    i.xTaskResumeAll    tasks.o
    0x08004bc0   0x08004bc0   0x00000074   Code   RO         6345    i.xTimerCreate      timers.o
    0x08004c34   0x08004c34   0x00000074   Code   RO         6346    i.xTimerCreateTimerTask  timers.o
    0x08004ca8   0x08004ca8   0x00000090   Code   RO         6347    i.xTimerGenericCommand  timers.o
    0x08004d38   0x08004d38   0x00000018   Code   RO         6796    x$fpl$basic         fz_wm.l(basic.o)
    0x08004d50   0x08004d50   0x00000062   Code   RO         6726    x$fpl$d2f           fz_wm.l(d2f.o)
    0x08004db2   0x08004db2   0x00000002   PAD
    0x08004db4   0x08004db4   0x00000150   Code   RO         6728    x$fpl$dadd          fz_wm.l(daddsub_clz.o)
    0x08004f04   0x08004f04   0x000002b0   Code   RO         6870    x$fpl$ddiv          fz_wm.l(ddiv.o)
    0x080051b4   0x080051b4   0x0000005e   Code   RO         6734    x$fpl$dfix          fz_wm.l(dfix.o)
    0x08005212   0x08005212   0x0000002e   Code   RO         6874    x$fpl$dflt          fz_wm.l(dflt_clz.o)
    0x08005240   0x08005240   0x00000026   Code   RO         6873    x$fpl$dfltu         fz_wm.l(dflt_clz.o)
    0x08005266   0x08005266   0x00000002   PAD
    0x08005268   0x08005268   0x00000154   Code   RO         6738    x$fpl$dmul          fz_wm.l(dmul.o)
    0x080053bc   0x080053bc   0x0000009c   Code   RO         6800    x$fpl$dnaninf       fz_wm.l(dnaninf.o)
    0x08005458   0x08005458   0x0000000c   Code   RO         6802    x$fpl$dretinf       fz_wm.l(dretinf.o)
    0x08005464   0x08005464   0x00000016   Code   RO         6729    x$fpl$drsb          fz_wm.l(daddsub_clz.o)
    0x0800547a   0x0800547a   0x00000002   PAD
    0x0800547c   0x0800547c   0x000001d4   Code   RO         6730    x$fpl$dsub          fz_wm.l(daddsub_clz.o)
    0x08005650   0x08005650   0x00000056   Code   RO         6740    x$fpl$f2d           fz_wm.l(f2d.o)
    0x080056a6   0x080056a6   0x0000008c   Code   RO         6806    x$fpl$fnaninf       fz_wm.l(fnaninf.o)
    0x08005732   0x08005732   0x0000000a   Code   RO         6958    x$fpl$fpinit        fz_wm.l(fpinit.o)
    0x0800573c   0x0800573c   0x0000000a   Code   RO         6808    x$fpl$fretinf       fz_wm.l(fretinf.o)
    0x08005746   0x08005746   0x00000000   Code   RO         6810    x$fpl$usenofp       fz_wm.l(usenofp.o)
    0x08005746   0x08005746   0x00000002   PAD
    0x08005748   0x08005748   0x00000030   Data   RO         6812    .constdata          m_wm.l(cos_i.o)
    0x08005778   0x08005778   0x000000c8   Data   RO         6830    .constdata          m_wm.l(rred.o)
    0x08005840   0x08005840   0x00000028   Data   RO         6834    .constdata          m_wm.l(sin_i.o)
    0x08005868   0x08005868   0x00000020   Data   RO         7024    Region$$Table       anon$$obj.o


    Execution Region RW_IRAM1 (Exec base: 0x20000000, Load base: 0x08005888, Size: 0x00005f28, Max: 0x00020000, ABSOLUTE)

    Exec Addr    Load Addr    Size         Type   Attr      Idx    E Section Name        Object

    0x20000000   0x08005888   0x00000008   Data   RW            5    .data               main.o
    0x20000008   0x08005890   0x00000001   Data   RW            9    .data               main.o
    0x20000009   0x08005891   0x00000003   PAD
    0x2000000c   0x08005894   0x00000014   Data   RW          290    .data               system_stm32f4xx.o
    0x20000020   0x080058a8   0x00000001   Data   RW          329    .data               can.o
    0x20000021   0x080058a9   0x00000003   PAD
    0x20000024   0x080058ac   0x0000000c   Data   RW          457    .data               move.o
    0x20000030   0x080058b8   0x0000001c   Data   RW          557    .data               communication.o
    0x2000004c   0x080058d4   0x00000010   Data   RW          607    .data               action.o
    0x2000005c   0x080058e4   0x00000020   Data   RW          647    .data               remove_control.o
    0x2000007c   0x08005904   0x0000000c   Data   RW          691    .data               upper.o
    0x20000088   0x08005910   0x00000004   Data   RW          728    .data               delay.o
    0x2000008c   0x08005914   0x00000004   Data   RW          803    .data               usart.o
    0x20000090   0x08005918   0x00000010   Data   RW         1052    .data               stm32f4xx_rcc.o
    0x200000a0   0x08005928   0x0000003c   Data   RW         6036    .data               tasks.o
    0x200000dc   0x08005964   0x00000014   Data   RW         6355    .data               timers.o
    0x200000f0   0x08005978   0x0000000c   Data   RW         6473    .data               port.o
    0x200000fc   0x08005984   0x00000018   Data   RW         6556    .data               heap_4.o
    0x20000114        -       0x00000200   Zero   RW          456    .bss                move.o
    0x20000314        -       0x000001c0   Zero   RW          504    .bss                pid.o
    0x200004d4        -       0x00000038   Zero   RW          555    .bss                communication.o
    0x2000050c        -       0x00000048   Zero   RW          606    .bss                action.o
    0x20000554        -       0x00000028   Zero   RW          646    .bss                remove_control.o
    0x2000057c        -       0x00000040   Zero   RW         5790    .bss                queue.o
    0x200005bc        -       0x000002e4   Zero   RW         6035    .bss                tasks.o
    0x200008a0        -       0x00000028   Zero   RW         6354    .bss                timers.o
    0x200008c8        -       0x00005000   Zero   RW         6555    .bss                heap_4.o
    0x200058c8        -       0x00000060   Zero   RW         6890    .bss                c_w.l(libspace.o)
    0x20005928        -       0x00000200   Zero   RW          849    HEAP                startup_stm32f40_41xxx.o
    0x20005b28        -       0x00000400   Zero   RW          848    STACK               startup_stm32f40_41xxx.o


==============================================================================

Image component sizes


      Code (inc. data)   RO Data    RW Data    ZI Data      Debug   Object Name

       460         58          0         16         72       2808   action.o
       788         60          0          1          0     243634   can.o
       836         66          0          0          0       1293   chassis.o
       354         20          0         28         56       4421   communication.o
        76          6          0          4          0       1295   delay.o
         0          0          0          0          0      11692   event_groups.o
       584        138          0         24      20480       4035   heap_4.o
       136          0          0          0          0       3102   list.o
       156         42          0          9          0      69286   main.o
       144         14          0          0          0       2049   misc.o
       584         74          0         12        512       4294   move.o
       120         32          0          0          0        576   move_task.o
       260         10          0          0        448       2631   pid.o
      1038        382          0         12          0      10653   port.o
      1832        236          0          0         64      13193   queue.o
       456         20          0         32         40       3426   remove_control.o
        64         26        392          0       1536        824   startup_stm32f40_41xxx.o
      1160         26          0          0          0       7836   stm32f4xx_can.o
       144         14          0          0          0       2136   stm32f4xx_exti.o
       152          0          0          0          0       1723   stm32f4xx_gpio.o
        12          0          0          0          0       2609   stm32f4xx_it.o
       240         36          0         16          0       5216   stm32f4xx_rcc.o
        48          6          0          0          0        660   stm32f4xx_syscfg.o
       190         28          0          0          0       4665   stm32f4xx_tim.o
       328          8          0          0          0       5502   stm32f4xx_usart.o
       272         36          0         20          0       1705   system_stm32f4xx.o
      2758        670          0         60        740      29363   tasks.o
      1144        260          0         20         40       9794   timers.o
       708         64          0         12          0       2519   upper.o
       378         22          0          4          0       4362   usart.o

    ----------------------------------------------------------------------
     15442       2354        424        276      23988     457302   Object Totals
         0          0         32          0          0          0   (incl. Generated)
        20          0          0          6          0          0   (incl. Padding)

    ----------------------------------------------------------------------

      Code (inc. data)   RO Data    RW Data    ZI Data      Debug   Library Member Name

         8          0          0          0          0         68   __main.o
       104          0          0          0          0         84   __printf.o
         0          0          0          0          0          0   __rtentry.o
        12          0          0          0          0          0   __rtentry2.o
         6          0          0          0          0          0   __rtentry4.o
        52          8          0          0          0          0   __scatter.o
        26          0          0          0          0          0   __scatter_copy.o
        28          0          0          0          0          0   __scatter_zi.o
        44          0          0          0          0        108   _printf_char.o
        48          6          0          0          0         96   _printf_char_common.o
        36          4          0          0          0         80   _printf_char_file.o
         6          0          0          0          0          0   _printf_d.o
       120         16          0          0          0         92   _printf_dec.o
       178          0          0          0          0         88   _printf_intcommon.o
         0          0          0          0          0          0   _printf_percent.o
         4          0          0          0          0          0   _printf_percent_end.o
         6          0          0          0          0          0   _printf_s.o
        82          0          0          0          0         80   _printf_str.o
        22          0          0          0          0        100   _rserrno.o
        16          0          0          0          0         68   aeabi_memset.o
        18          0          0          0          0         80   exit.o
         8          0          0          0          0         68   ferror.o
         6          0          0          0          0        152   heapauxi.o
         2          0          0          0          0          0   libinit.o
         6          0          0          0          0          0   libinit2.o
         2          0          0          0          0          0   libshutdown.o
         2          0          0          0          0          0   libshutdown2.o
         8          4          0          0         96         68   libspace.o
        24          4          0          0          0         84   noretval__2printf.o
         8          4          0          0          0         68   rt_errno_addr_intlibspace.o
        68          0          0          0          0         68   rt_memclr.o
        78          0          0          0          0         80   rt_memclr_w.o
       138          0          0          0          0         68   rt_memcpy_v6.o
       100          0          0          0          0         80   rt_memcpy_w.o
         2          0          0          0          0          0   rtexit.o
        10          0          0          0          0          0   rtexit2.o
        74          0          0          0          0         80   sys_stackheap_outer.o
         2          0          0          0          0         68   use_no_semi.o
         2          0          0          0          0         68   use_no_semi_2.o
        24          0          0          0          0        164   basic.o
        98          4          0          0          0        140   d2f.o
       826         16          0          0          0        492   daddsub_clz.o
       688        140          0          0          0        256   ddiv.o
        94          4          0          0          0        140   dfix.o
        84          0          0          0          0        232   dflt_clz.o
       340         12          0          0          0        152   dmul.o
       156          4          0          0          0        140   dnaninf.o
        12          0          0          0          0        116   dretinf.o
        86          4          0          0          0        132   f2d.o
       140          4          0          0          0        132   fnaninf.o
        10          0          0          0          0        116   fpinit.o
        10          0          0          0          0        116   fretinf.o
         0          0          0          0          0          0   usenofp.o
       200         20          0          0          0        164   cos.o
       368         46         48          0          0        200   cos_i.o
        84         16          0          0          0        372   dunder.o
        24          0          0          0          0        124   fabs.o
        48          0          0          0          0        124   fpclassify.o
       248          0          0          0          0        152   poly.o
      1080        142        200          0          0        188   rred.o
       200         20          0          0          0        164   sin.o
       304         24         40          0          0        208   sin_i.o

    ----------------------------------------------------------------------
      6510        502        288          0         96       5920   Library Totals
        30          0          0          0          0          0   (incl. Padding)

    ----------------------------------------------------------------------

      Code (inc. data)   RO Data    RW Data    ZI Data      Debug   Library Name

      1356         46          0          0         96       1896   c_w.l
      2568        188          0          0          0       2328   fz_wm.l
      2556        268        288          0          0       1696   m_wm.l

    ----------------------------------------------------------------------
      6510        502        288          0         96       5920   Library Totals

    ----------------------------------------------------------------------

==============================================================================


      Code (inc. data)   RO Data    RW Data    ZI Data      Debug   

     21952       2856        712        276      24084     446034   Grand Totals
     21952       2856        712        276      24084     446034   ELF Image Totals
     21952       2856        712        276          0          0   ROM Totals

==============================================================================

    Total RO  Size (Code + RO Data)                22664 (  22.13kB)
    Total RW  Size (RW Data + ZI Data)             24360 (  23.79kB)
    Total ROM Size (Code + RO Data + RW Data)      22940 (  22.40kB)

==============================================================================

