Component: ARM Compiler 5.06 update 7 (build 960) Tool: armlink [4d3601]

==============================================================================

Section Cross References

    startup_stm32f407xx.o(RESET) refers to startup_stm32f407xx.o(STACK) for __initial_sp
    startup_stm32f407xx.o(RESET) refers to startup_stm32f407xx.o(.text) for Reset_Handler
    startup_stm32f407xx.o(RESET) refers to stm32f4xx_it.o(i.NMI_Handler) for NMI_Handler
    startup_stm32f407xx.o(RESET) refers to stm32f4xx_it.o(i.HardFault_Handler) for HardFault_Handler
    startup_stm32f407xx.o(RESET) refers to stm32f4xx_it.o(i.MemManage_Handler) for MemManage_Handler
    startup_stm32f407xx.o(RESET) refers to stm32f4xx_it.o(i.BusFault_Handler) for BusFault_Handler
    startup_stm32f407xx.o(RESET) refers to stm32f4xx_it.o(i.UsageFault_Handler) for UsageFault_Handler
    startup_stm32f407xx.o(RESET) refers to port.o(.emb_text) for SVC_Handler
    startup_stm32f407xx.o(RESET) refers to stm32f4xx_it.o(i.DebugMon_Handler) for DebugMon_Handler
    startup_stm32f407xx.o(RESET) refers to cmsis_os2.o(i.SysTick_Handler) for SysTick_Handler
    startup_stm32f407xx.o(RESET) refers to stm32f4xx_it.o(i.DMA1_Stream0_IRQHandler) for DMA1_Stream0_IRQHandler
    startup_stm32f407xx.o(RESET) refers to stm32f4xx_it.o(i.CAN1_TX_IRQHandler) for CAN1_TX_IRQHandler
    startup_stm32f407xx.o(RESET) refers to stm32f4xx_it.o(i.CAN1_RX0_IRQHandler) for CAN1_RX0_IRQHandler
    startup_stm32f407xx.o(RESET) refers to stm32f4xx_it.o(i.CAN1_RX1_IRQHandler) for CAN1_RX1_IRQHandler
    startup_stm32f407xx.o(RESET) refers to stm32f4xx_it.o(i.CAN1_SCE_IRQHandler) for CAN1_SCE_IRQHandler
    startup_stm32f407xx.o(RESET) refers to stm32f4xx_it.o(i.EXTI9_5_IRQHandler) for EXTI9_5_IRQHandler
    startup_stm32f407xx.o(RESET) refers to stm32f4xx_it.o(i.TIM2_IRQHandler) for TIM2_IRQHandler
    startup_stm32f407xx.o(RESET) refers to stm32f4xx_it.o(i.TIM3_IRQHandler) for TIM3_IRQHandler
    startup_stm32f407xx.o(RESET) refers to stm32f4xx_it.o(i.UART4_IRQHandler) for UART4_IRQHandler
    startup_stm32f407xx.o(RESET) refers to stm32f4xx_it.o(i.UART5_IRQHandler) for UART5_IRQHandler
    startup_stm32f407xx.o(RESET) refers to stm32f4xx_it.o(i.CAN2_TX_IRQHandler) for CAN2_TX_IRQHandler
    startup_stm32f407xx.o(RESET) refers to stm32f4xx_it.o(i.CAN2_RX0_IRQHandler) for CAN2_RX0_IRQHandler
    startup_stm32f407xx.o(RESET) refers to stm32f4xx_it.o(i.CAN2_RX1_IRQHandler) for CAN2_RX1_IRQHandler
    startup_stm32f407xx.o(RESET) refers to stm32f4xx_it.o(i.CAN2_SCE_IRQHandler) for CAN2_SCE_IRQHandler
    startup_stm32f407xx.o(RESET) refers to stm32f4xx_it.o(i.USART6_IRQHandler) for USART6_IRQHandler
    startup_stm32f407xx.o(.text) refers to system_stm32f4xx.o(i.SystemInit) for SystemInit
    startup_stm32f407xx.o(.text) refers to entry.o(.ARM.Collect$$$$00000000) for __main
    main.o(i.HAL_TIM_PeriodElapsedCallback) refers to stm32f4xx_hal.o(i.HAL_IncTick) for HAL_IncTick
    main.o(i.HAL_TIM_PeriodElapsedCallback) refers to air_joy.o(.data) for TIME_ISR_CNT
    main.o(i.HAL_TIM_PeriodElapsedCallback) refers to air_joy.o(.data) for LAST_TIME_ISR_CNT
    main.o(i.HAL_TIM_PeriodElapsedCallback) refers to air_joy.o(.data) for Microsecond_Cnt
    main.o(i.HAL_TIM_PeriodElapsedCallback) refers to body_controllers.o(.bss) for R2_CONTROLLER
    main.o(i.HAL_TIM_PeriodElapsedCallback) refers to air_joy.o(.data) for Time_Sys
    main.o(i.SystemClock_Config) refers to memseta.o(.text) for __aeabi_memclr4
    main.o(i.SystemClock_Config) refers to stm32f4xx_hal_rcc.o(i.HAL_RCC_OscConfig) for HAL_RCC_OscConfig
    main.o(i.SystemClock_Config) refers to stm32f4xx_hal_rcc.o(i.HAL_RCC_ClockConfig) for HAL_RCC_ClockConfig
    main.o(i.main) refers to stm32f4xx_hal.o(i.HAL_Init) for HAL_Init
    main.o(i.main) refers to main.o(i.SystemClock_Config) for SystemClock_Config
    main.o(i.main) refers to gpio.o(i.MX_GPIO_Init) for MX_GPIO_Init
    main.o(i.main) refers to dma.o(i.MX_DMA_Init) for MX_DMA_Init
    main.o(i.main) refers to can.o(i.MX_CAN1_Init) for MX_CAN1_Init
    main.o(i.main) refers to can.o(i.MX_CAN2_Init) for MX_CAN2_Init
    main.o(i.main) refers to tim.o(i.MX_TIM2_Init) for MX_TIM2_Init
    main.o(i.main) refers to usart.o(i.MX_UART5_Init) for MX_UART5_Init
    main.o(i.main) refers to tim.o(i.MX_TIM7_Init) for MX_TIM7_Init
    main.o(i.main) refers to usart.o(i.MX_UART4_Init) for MX_UART4_Init
    main.o(i.main) refers to tim.o(i.MX_TIM13_Init) for MX_TIM13_Init
    main.o(i.main) refers to usart.o(i.MX_USART6_UART_Init) for MX_USART6_UART_Init
    main.o(i.main) refers to usart.o(i.MX_USART3_UART_Init) for MX_USART3_UART_Init
    main.o(i.main) refers to user_can_init.o(i.User_Open_Can1) for User_Open_Can1
    main.o(i.main) refers to user_can_init.o(i.User_Open_Can2) for User_Open_Can2
    main.o(i.main) refers to stm32f4xx_hal_tim.o(i.HAL_TIM_PWM_Start) for HAL_TIM_PWM_Start
    main.o(i.main) refers to sensor.o(i.huidu_init) for huidu_init
[...]
    DCMI_IRQHandler                          0x0800027b   Thumb Code     0  startup_stm32f407xx.o(.text)
    DMA1_Stream1_IRQHandler                  0x0800027b   Thumb Code     0  startup_stm32f407xx.o(.text)
    DMA1_Stream2_IRQHandler                  0x0800027b   Thumb Code     0  startup_stm32f407xx.o(.text)
    DMA1_Stream3_IRQHandler                  0x0800027b   Thumb Code     0  startup_stm32f407xx.o(.text)
    DMA1_Stream4_IRQHandler                  0x0800027b   Thumb Code     0  startup_stm32f407xx.o(.text)
    DMA1_Stream5_IRQHandler                  0x0800027b   Thumb Code     0  startup_stm32f407xx.o(.text)
    DMA1_Stream6_IRQHandler                  0x0800027b   Thumb Code     0  startup_stm32f407xx.o(.text)
    DMA1_Stream7_IRQHandler                  0x0800027b   Thumb Code     0  startup_stm32f407xx.o(.text)
    DMA2_Stream0_IRQHandler                  0x0800027b   Thumb Code     0  startup_stm32f407xx.o(.text)
    DMA2_Stream1_IRQHandler                  0x0800027b   Thumb Code     0  startup_stm32f407xx.o(.text)
    DMA2_Stream2_IRQHandler                  0x0800027b   Thumb Code     0  startup_stm32f407xx.o(.text)
    DMA2_Stream3_IRQHandler                  0x0800027b   Thumb Code     0  startup_stm32f407xx.o(.text)
    DMA2_Stream4_IRQHandler                  0x0800027b   Thumb Code     0  startup_stm32f407xx.o(.text)
    DMA2_Stream5_IRQHandler                  0x0800027b   Thumb Code     0  startup_stm32f407xx.o(.text)
    DMA2_Stream6_IRQHandler                  0x0800027b   Thumb Code     0  startup_stm32f407xx.o(.text)
    DMA2_Stream7_IRQHandler                  0x0800027b   Thumb Code     0  startup_stm32f407xx.o(.text)
    ETH_IRQHandler                           0x0800027b   Thumb Code     0  startup_stm32f407xx.o(.text)
    ETH_WKUP_IRQHandler                      0x0800027b   Thumb Code     0  startup_stm32f407xx.o(.text)
    EXTI0_IRQHandler                         0x0800027b   Thumb Code     0  startup_stm32f407xx.o(.text)
    EXTI15_10_IRQHandler                     0x0800027b   Thumb Code     0  startup_stm32f407xx.o(.text)
    EXTI1_IRQHandler                         0x0800027b   Thumb Code     0  startup_stm32f407xx.o(.text)
    EXTI2_IRQHandler                         0x0800027b   Thumb Code     0  startup_stm32f407xx.o(.text)
    EXTI3_IRQHandler                         0x0800027b   Thumb Code     0  startup_stm32f407xx.o(.text)
    EXTI4_IRQHandler                         0x0800027b   Thumb Code     0  startup_stm32f407xx.o(.text)
    FLASH_IRQHandler                         0x0800027b   Thumb Code     0  startup_stm32f407xx.o(.text)
    FMC_IRQHandler                           0x0800027b   Thumb Code     0  startup_stm32f407xx.o(.text)
    FPU_IRQHandler                           0x0800027b   Thumb Code     0  startup_stm32f407xx.o(.text)
    HASH_RNG_IRQHandler                      0x0800027b   Thumb Code     0  startup_stm32f407xx.o(.text)
    I2C1_ER_IRQHandler                       0x0800027b   Thumb Code     0  startup_stm32f407xx.o(.text)
    I2C1_EV_IRQHandler                       0x0800027b   Thumb Code     0  startup_stm32f407xx.o(.text)
    I2C2_ER_IRQHandler                       0x0800027b   Thumb Code     0  startup_stm32f407xx.o(.text)
    I2C2_EV_IRQHandler                       0x0800027b   Thumb Code     0  startup_stm32f407xx.o(.text)
    I2C3_ER_IRQHandler                       0x0800027b   Thumb Code     0  startup_stm32f407xx.o(.text)
    I2C3_EV_IRQHandler                       0x0800027b   Thumb Code     0  startup_stm32f407xx.o(.text)
    OTG_FS_IRQHandler                        0x0800027b   Thumb Code     0  startup_stm32f407xx.o(.text)
    OTG_FS_WKUP_IRQHandler                   0x0800027b   Thumb Code     0  startup_stm32f407xx.o(.text)
    OTG_HS_EP1_IN_IRQHandler                 0x0800027b   Thumb Code     0  startup_stm32f407xx.o(.text)
    OTG_HS_EP1_OUT_IRQHandler                0x0800027b   Thumb Code     0  startup_stm32f407xx.o(.text)
    OTG_HS_IRQHandler                        0x0800027b   Thumb Code     0  startup_stm32f407xx.o(.text)
    OTG_HS_WKUP_IRQHandler                   0x0800027b   Thumb Code     0  startup_stm32f407xx.o(.text)
    PVD_IRQHandler                           0x0800027b   Thumb Code     0  startup_stm32f407xx.o(.text)
    RCC_IRQHandler                           0x0800027b   Thumb Code     0  startup_stm32f407xx.o(.text)
    RTC_Alarm_IRQHandler                     0x0800027b   Thumb Code     0  startup_stm32f407xx.o(.text)
    RTC_WKUP_IRQHandler                      0x0800027b   Thumb Code     0  startup_stm32f407xx.o(.text)
    SDIO_IRQHandler                          0x0800027b   Thumb Code     0  startup_stm32f407xx.o(.text)
    SPI1_IRQHandler                          0x0800027b   Thumb Code     0  startup_stm32f407xx.o(.text)
    SPI2_IRQHandler                          0x0800027b   Thumb Code     0  startup_stm32f407xx.o(.text)
    SPI3_IRQHandler                          0x0800027b   Thumb Code     0  startup_stm32f407xx.o(.text)
    TAMP_STAMP_IRQHandler                    0x0800027b   Thumb Code     0  startup_stm32f407xx.o(.text)
    TIM1_BRK_TIM9_IRQHandler                 0x0800027b   Thumb Code     0  startup_stm32f407xx.o(.text)
    TIM1_CC_IRQHandler                       0x0800027b   Thumb Code     0  startup_stm32f407xx.o(.text)
    TIM1_TRG_COM_TIM11_IRQHandler            0x0800027b   Thumb Code     0  startup_stm32f407xx.o(.text)
    TIM1_UP_TIM10_IRQHandler                 0x0800027b   Thumb Code     0  startup_stm32f407xx.o(.text)
    TIM4_IRQHandler                          0x0800027b   Thumb Code     0  startup_stm32f407xx.o(.text)
    TIM5_IRQHandler                          0x0800027b   Thumb Code     0  startup_stm32f407xx.o(.text)
    TIM6_DAC_IRQHandler                      0x0800027b   Thumb Code     0  startup_stm32f407xx.o(.text)
    TIM7_IRQHandler                          0x0800027b   Thumb Code     0  startup_stm32f407xx.o(.text)
    TIM8_BRK_TIM12_IRQHandler                0x0800027b   Thumb Code     0  startup_stm32f407xx.o(.text)
    TIM8_CC_IRQHandler                       0x0800027b   Thumb Code     0  startup_stm32f407xx.o(.text)
    TIM8_TRG_COM_TIM14_IRQHandler            0x0800027b   Thumb Code     0  startup_stm32f407xx.o(.text)
    TIM8_UP_TIM13_IRQHandler                 0x0800027b   Thumb Code     0  startup_stm32f407xx.o(.text)
    USART1_IRQHandler                        0x0800027b   Thumb Code     0  startup_stm32f407xx.o(.text)
    USART2_IRQHandler                        0x0800027b   Thumb Code     0  startup_stm32f407xx.o(.text)
    USART3_IRQHandler                        0x0800027b   Thumb Code     0  startup_stm32f407xx.o(.text)
    WWDG_IRQHandler                          0x0800027b   Thumb Code     0  startup_stm32f407xx.o(.text)
    __aeabi_uldivmod                         0x08000285   Thumb Code    98  uldiv.o(.text)
    __aeabi_memcpy                           0x080002e7   Thumb Code    36  memcpya.o(.text)
    __aeabi_memcpy4                          0x080002e7   Thumb Code     0  memcpya.o(.text)
    __aeabi_memcpy8                          0x080002e7   Thumb Code     0  memcpya.o(.text)
    __aeabi_memset                           0x0800030b   Thumb Code    14  memseta.o(.text)
    __aeabi_memset4                          0x0800030b   Thumb Code     0  memseta.o(.text)
    __aeabi_memset8                          0x0800030b   Thumb Code     0  memseta.o(.text)
    __aeabi_memclr                           0x08000319   Thumb Code     4  memseta.o(.text)
    __aeabi_memclr4                          0x08000319   Thumb Code     0  memseta.o(.text)
    __aeabi_memclr8                          0x08000319   Thumb Code     0  memseta.o(.text)
    memset                                   0x0800031d   Thumb Code    18  memseta.o(.text)
    __aeabi_f2d                              0x0800032f   Thumb Code    38  f2d.o(.text)
    __aeabi_d2f                              0x08000355   Thumb Code    56  d2f.o(.text)
    __aeabi_llsl                             0x0800038d   Thumb Code    30  llshl.o(.text)
    _ll_shift_l                              0x0800038d   Thumb Code     0  llshl.o(.text)
    __aeabi_llsr                             0x080003ab   Thumb Code    32  llushr.o(.text)
    _ll_ushift_r                             0x080003ab   Thumb Code     0  llushr.o(.text)
    __I$use$fp                               0x080003cb   Thumb Code     0  iusefp.o(.text)
    _float_round                             0x080003cb   Thumb Code    18  fepilogue.o(.text)
    _float_epilogue                          0x080003dd   Thumb Code    92  fepilogue.o(.text)
    _double_round                            0x08000439   Thumb Code    30  depilogue.o(.text)
    _double_epilogue                         0x08000457   Thumb Code   156  depilogue.o(.text)
    _dsqrt                                   0x080004f3   Thumb Code   162  dsqrt.o(.text)
    __scatterload                            0x08000595   Thumb Code    28  init.o(.text)
    __scatterload_rt2                        0x08000595   Thumb Code     0  init.o(.text)
    __decompress                             0x080005b9   Thumb Code     0  __dczerorl2.o(.text)
    __decompress1                            0x080005b9   Thumb Code    86  __dczerorl2.o(.text)
    BusFault_Handler                         0x0800060f   Thumb Code     2  stm32f4xx_it.o(i.BusFault_Handler)
    CAN1_RX0_IRQHandler                      0x08000611   Thumb Code     6  stm32f4xx_it.o(i.CAN1_RX0_IRQHandler)
    CAN1_RX1_IRQHandler                      0x0800061d   Thumb Code     6  stm32f4xx_it.o(i.CAN1_RX1_IRQHandler)
    CAN1_SCE_IRQHandler                      0x08000629   Thumb Code     6  stm32f4xx_it.o(i.CAN1_SCE_IRQHandler)
    CAN1_TX_IRQHandler                       0x08000635   Thumb Code     6  stm32f4xx_it.o(i.CAN1_TX_IRQHandler)
    CAN2_RX0_IRQHandler                      0x08000641   Thumb Code     6  stm32f4xx_it.o(i.CAN2_RX0_IRQHandler)
    CAN2_RX1_IRQHandler                      0x0800064d   Thumb Code     6  stm32f4xx_it.o(i.CAN2_RX1_IRQHandler)
    CAN2_SCE_IRQHandler                      0x08000659   Thumb Code     6  stm32f4xx_it.o(i.CAN2_SCE_IRQHandler)
    CAN2_TX_IRQHandler                       0x08000665   Thumb Code     6  stm32f4xx_it.o(i.CAN2_TX_IRQHandler)
    Claw_PutDown                             0x08000671   Thumb Code   134  body_controllers.o(i.Claw_PutDown)
    DMA1_Stream0_IRQHandler                  0x0800070d   Thumb Code     6  stm32f4xx_it.o(i.DMA1_Stream0_IRQHandler)
    DebugMon_Handler                         0x08000795   Thumb Code     2  stm32f4xx_it.o(i.DebugMon_Handler)
    EXTI9_5_IRQHandler                       0x08000797   Thumb Code     6  stm32f4xx_it.o(i.EXTI9_5_IRQHandler)
    Error_Handler                            0x0800079d   Thumb Code     4  main.o(i.Error_Handler)
    Fsm32                                    0x080007a1   Thumb Code    62  fsm.o(i.Fsm32)
    Get_Ball                                 0x080007e9   Thumb Code   488  body_controllers.o(i.Get_Ball)
    HAL_CAN_ActivateNotification             0x080009f1   Thumb Code    36  stm32f4xx_hal_can.o(i.HAL_CAN_ActivateNotification)
    HAL_CAN_AddTxMessage                     0x08000a15   Thumb Code   220  stm32f4xx_hal_can.o(i.HAL_CAN_AddTxMessage)
    HAL_CAN_ConfigFilter                     0x08000af1   Thumb Code   262  stm32f4xx_hal_can.o(i.HAL_CAN_ConfigFilter)
    HAL_CAN_ErrorCallback                    0x08000bfd   Thumb Code     2  stm32f4xx_hal_can.o(i.HAL_CAN_ErrorCallback)
    HAL_CAN_GetRxMessage                     0x08000bff   Thumb Code   232  stm32f4xx_hal_can.o(i.HAL_CAN_GetRxMessage)
    HAL_CAN_GetTxMailboxesFreeLevel          0x08000ce7   Thumb Code    44  stm32f4xx_hal_can.o(i.HAL_CAN_GetTxMailboxesFreeLevel)
    HAL_CAN_IRQHandler                       0x08000d13   Thumb Code   508  stm32f4xx_hal_can.o(i.HAL_CAN_IRQHandler)
    HAL_CAN_Init                             0x08000f0f   Thumb Code   282  stm32f4xx_hal_can.o(i.HAL_CAN_Init)
    HAL_CAN_MspInit                          0x08001029   Thumb Code   324  can.o(i.HAL_CAN_MspInit)
    HAL_CAN_RxFifo0FullCallback              0x08001185   Thumb Code     2  stm32f4xx_hal_can.o(i.HAL_CAN_RxFifo0FullCallback)
    HAL_CAN_RxFifo0MsgPendingCallback        0x08001189   Thumb Code   110  user_can_init.o(i.HAL_CAN_RxFifo0MsgPendingCallback)
    HAL_CAN_RxFifo1FullCallback              0x08001209   Thumb Code     2  stm32f4xx_hal_can.o(i.HAL_CAN_RxFifo1FullCallback)
    HAL_CAN_RxFifo1MsgPendingCallback        0x0800120b   Thumb Code     2  stm32f4xx_hal_can.o(i.HAL_CAN_RxFifo1MsgPendingCallback)
    HAL_CAN_SleepCallback                    0x0800120d   Thumb Code     2  stm32f4xx_hal_can.o(i.HAL_CAN_SleepCallback)
    HAL_CAN_Start                            0x0800120f   Thumb Code    86  stm32f4xx_hal_can.o(i.HAL_CAN_Start)
    HAL_CAN_TxMailbox0AbortCallback          0x08001265   Thumb Code     2  stm32f4xx_hal_can.o(i.HAL_CAN_TxMailbox0AbortCallback)
    HAL_CAN_TxMailbox0CompleteCallback       0x08001267   Thumb Code     2  stm32f4xx_hal_can.o(i.HAL_CAN_TxMailbox0CompleteCallback)
    HAL_CAN_TxMailbox1AbortCallback          0x08001269   Thumb Code     2  stm32f4xx_hal_can.o(i.HAL_CAN_TxMailbox1AbortCallback)
    HAL_CAN_TxMailbox1CompleteCallback       0x0800126b   Thumb Code     2  stm32f4xx_hal_can.o(i.HAL_CAN_TxMailbox1CompleteCallback)
    HAL_CAN_TxMailbox2AbortCallback          0x0800126d   Thumb Code     2  stm32f4xx_hal_can.o(i.HAL_CAN_TxMailbox2AbortCallback)
    HAL_CAN_TxMailbox2CompleteCallback       0x0800126f   Thumb Code     2  stm32f4xx_hal_can.o(i.HAL_CAN_TxMailbox2CompleteCallback)
    HAL_CAN_WakeUpFromRxMsgCallback          0x08001271   Thumb Code     2  stm32f4xx_hal_can.o(i.HAL_CAN_WakeUpFromRxMsgCallback)
    HAL_DMA_Abort                            0x08001273   Thumb Code   146  stm32f4xx_hal_dma.o(i.HAL_DMA_Abort)
    HAL_DMA_Abort_IT                         0x08001305   Thumb Code    36  stm32f4xx_hal_dma.o(i.HAL_DMA_Abort_IT)
    HAL_DMA_DeInit                           0x08001329   Thumb Code    98  stm32f4xx_hal_dma.o(i.HAL_DMA_DeInit)
    HAL_DMA_IRQHandler                       0x0800138d   Thumb Code   412  stm32f4xx_hal_dma.o(i.HAL_DMA_IRQHandler)
    HAL_DMA_Init                             0x0800152d   Thumb Code   206  stm32f4xx_hal_dma.o(i.HAL_DMA_Init)
    HAL_Delay                                0x08001601   Thumb Code    32  stm32f4xx_hal.o(i.HAL_Delay)
    HAL_GPIO_DeInit                          0x08001625   Thumb Code   246  stm32f4xx_hal_gpio.o(i.HAL_GPIO_DeInit)
    HAL_GPIO_EXTI_Callback                   0x08001745   Thumb Code   126  air_joy.o(i.HAL_GPIO_EXTI_Callback)
    HAL_GPIO_EXTI_IRQHandler                 0x080017cd   Thumb Code    18  stm32f4xx_hal_gpio.o(i.HAL_GPIO_EXTI_IRQHandler)
    HAL_GPIO_Init                            0x080017e5   Thumb Code   418  stm32f4xx_hal_gpio.o(i.HAL_GPIO_Init)
    HAL_GPIO_ReadPin                         0x080019b5   Thumb Code    10  stm32f4xx_hal_gpio.o(i.HAL_GPIO_ReadPin)
    HAL_GPIO_WritePin                        0x080019bf   Thumb Code    10  stm32f4xx_hal_gpio.o(i.HAL_GPIO_WritePin)
    HAL_GetTick                              0x080019c9   Thumb Code     6  stm32f4xx_hal.o(i.HAL_GetTick)
    HAL_IncTick                              0x080019d5   Thumb Code    12  stm32f4xx_hal.o(i.HAL_IncTick)
    HAL_Init                                 0x080019e5   Thumb Code    48  stm32f4xx_hal.o(i.HAL_Init)
    HAL_InitTick                             0x08001a19   Thumb Code   132  stm32f4xx_hal_timebase_tim.o(i.HAL_InitTick)
    HAL_MspInit                              0x08001ab1   Thumb Code    52  stm32f4xx_hal_msp.o(i.HAL_MspInit)
    HAL_NVIC_DisableIRQ                      0x08001ae9   Thumb Code    34  stm32f4xx_hal_cortex.o(i.HAL_NVIC_DisableIRQ)
    HAL_NVIC_EnableIRQ                       0x08001b0b   Thumb Code    26  stm32f4xx_hal_cortex.o(i.HAL_NVIC_EnableIRQ)
    HAL_NVIC_SetPriority                     0x08001b25   Thumb Code    60  stm32f4xx_hal_cortex.o(i.HAL_NVIC_SetPriority)
    HAL_NVIC_SetPriorityGrouping             0x08001b65   Thumb Code    26  stm32f4xx_hal_cortex.o(i.HAL_NVIC_SetPriorityGrouping)
    HAL_RCC_ClockConfig                      0x08001b89   Thumb Code   288  stm32f4xx_hal_rcc.o(i.HAL_RCC_ClockConfig)
    HAL_RCC_GetClockConfig                   0x08001cbd   Thumb Code    54  stm32f4xx_hal_rcc.o(i.HAL_RCC_GetClockConfig)
    HAL_RCC_GetPCLK1Freq                     0x08001cfd   Thumb Code    20  stm32f4xx_hal_rcc.o(i.HAL_RCC_GetPCLK1Freq)
    HAL_RCC_GetPCLK2Freq                     0x08001d1d   Thumb Code    20  stm32f4xx_hal_rcc.o(i.HAL_RCC_GetPCLK2Freq)
    HAL_RCC_GetSysClockFreq                  0x08001d3d   Thumb Code    88  stm32f4xx_hal_rcc.o(i.HAL_RCC_GetSysClockFreq)
    HAL_RCC_OscConfig                        0x08001d9d   Thumb Code   836  stm32f4xx_hal_rcc.o(i.HAL_RCC_OscConfig)
    HAL_TIMEx_BreakCallback                  0x080020f5   Thumb Code     2  stm32f4xx_hal_tim_ex.o(i.HAL_TIMEx_BreakCallback)
    HAL_TIMEx_CommutCallback                 0x080020f7   Thumb Code     2  stm32f4xx_hal_tim_ex.o(i.HAL_TIMEx_CommutCallback)
    HAL_TIMEx_MasterConfigSynchronization    0x080020f9   Thumb Code   116  stm32f4xx_hal_tim_ex.o(i.HAL_TIMEx_MasterConfigSynchronization)
    HAL_TIM_Base_Init                        0x08002189   Thumb Code    90  stm32f4xx_hal_tim.o(i.HAL_TIM_Base_Init)
    HAL_TIM_Base_MspInit                     0x080021e5   Thumb Code    94  tim.o(i.HAL_TIM_Base_MspInit)
    HAL_TIM_Base_Start_IT                    0x08002251   Thumb Code   100  stm32f4xx_hal_tim.o(i.HAL_TIM_Base_Start_IT)
    HAL_TIM_ConfigClockSource                0x080022d1   Thumb Code   220  stm32f4xx_hal_tim.o(i.HAL_TIM_ConfigClockSource)
    HAL_TIM_IC_CaptureCallback               0x080023ad   Thumb Code     2  stm32f4xx_hal_tim.o(i.HAL_TIM_IC_CaptureCallback)
    HAL_TIM_IRQHandler                       0x080023af   Thumb Code   358  stm32f4xx_hal_tim.o(i.HAL_TIM_IRQHandler)
    HAL_TIM_MspPostInit                      0x08002515   Thumb Code    72  tim.o(i.HAL_TIM_MspPostInit)
    HAL_TIM_OC_DelayElapsedCallback          0x08002569   Thumb Code     2  stm32f4xx_hal_tim.o(i.HAL_TIM_OC_DelayElapsedCallback)
    HAL_TIM_PWM_ConfigChannel                0x0800256b   Thumb Code   204  stm32f4xx_hal_tim.o(i.HAL_TIM_PWM_ConfigChannel)
    HAL_TIM_PWM_Init                         0x08002637   Thumb Code    90  stm32f4xx_hal_tim.o(i.HAL_TIM_PWM_Init)
    HAL_TIM_PWM_MspInit                      0x08002691   Thumb Code     2  stm32f4xx_hal_tim.o(i.HAL_TIM_PWM_MspInit)
    HAL_TIM_PWM_PulseFinishedCallback        0x08002693   Thumb Code     2  stm32f4xx_hal_tim.o(i.HAL_TIM_PWM_PulseFinishedCallback)
    HAL_TIM_PWM_Start                        0x08002695   Thumb Code   178  stm32f4xx_hal_tim.o(i.HAL_TIM_PWM_Start)
    HAL_TIM_PeriodElapsedCallback            0x08002765   Thumb Code   116  main.o(i.HAL_TIM_PeriodElapsedCallback)
    HAL_TIM_TriggerCallback                  0x080027f1   Thumb Code     2  stm32f4xx_hal_tim.o(i.HAL_TIM_TriggerCallback)
    HAL_UARTEx_RxEventCallback               0x080027f3   Thumb Code     2  stm32f4xx_hal_uart.o(i.HAL_UARTEx_RxEventCallback)
    HAL_UART_ErrorCallback                   0x080027f5   Thumb Code     2  stm32f4xx_hal_uart.o(i.HAL_UART_ErrorCallback)
    HAL_UART_IRQHandler                      0x080027f9   Thumb Code   610  stm32f4xx_hal_uart.o(i.HAL_UART_IRQHandler)
    HAL_UART_Init                            0x08002a61   Thumb Code    98  stm32f4xx_hal_uart.o(i.HAL_UART_Init)
    HAL_UART_MspDeInit                       0x08002ac5   Thumb Code   138  usart.o(i.HAL_UART_MspDeInit)
    HAL_UART_MspInit                         0x08002b75   Thumb Code   420  usart.o(i.HAL_UART_MspInit)
    HAL_UART_Receive_IT                      0x08002d45   Thumb Code    42  stm32f4xx_hal_uart.o(i.HAL_UART_Receive_IT)
    HAL_UART_RxCpltCallback                  0x08002d71   Thumb Code   196  communication.o(i.HAL_UART_RxCpltCallback)
    HAL_UART_TxCpltCallback                  0x08002e51   Thumb Code     2  stm32f4xx_hal_uart.o(i.HAL_UART_TxCpltCallback)
    HardFault_Handler                        0x08002e53   Thumb Code     2  stm32f4xx_it.o(i.HardFault_Handler)
    Homeing_Mode                             0x08002e55   Thumb Code    76  motor_drive.o(i.Homeing_Mode)
    Huidu_task_f                             0x08002ea9   Thumb Code    12  freertos.o(i.Huidu_task_f)
    M3508_Send_Currents                      0x08002eb5   Thumb Code   188  rm_motor.o(i.M3508_Send_Currents)
    MX_CAN1_Init                             0x08002f79   Thumb Code    62  can.o(i.MX_CAN1_Init)
    MX_CAN2_Init                             0x08002fc1   Thumb Code    62  can.o(i.MX_CAN2_Init)
    MX_DMA_Init                              0x08003009   Thumb Code    40  dma.o(i.MX_DMA_Init)
    MX_FREERTOS_Init                         0x08003035   Thumb Code   124  freertos.o(i.MX_FREERTOS_Init)
    MX_GPIO_Init                             0x080030d9   Thumb Code   468  gpio.o(i.MX_GPIO_Init)
    MX_TIM13_Init                            0x080032c5   Thumb Code    94  tim.o(i.MX_TIM13_Init)
    MX_TIM2_Init                             0x0800332d   Thumb Code    98  tim.o(i.MX_TIM2_Init)
    MX_TIM7_Init                             0x08003395   Thumb Code    60  tim.o(i.MX_TIM7_Init)
    MX_UART4_Init                            0x080033d9   Thumb Code    48  usart.o(i.MX_UART4_Init)
    MX_UART5_Init                            0x08003411   Thumb Code    48  usart.o(i.MX_UART5_Init)
    MX_USART3_UART_Init                      0x08003449   Thumb Code    48  usart.o(i.MX_USART3_UART_Init)
    MX_USART6_UART_Init                      0x08003481   Thumb Code    48  usart.o(i.MX_USART6_UART_Init)
    Max_Value_Limit                          0x080034b9   Thumb Code    34  motor_drive.o(i.Max_Value_Limit)
    MemManage_Handler                        0x080034db   Thumb Code     2  stm32f4xx_it.o(i.MemManage_Handler)
    Motor_Control                            0x080034dd   Thumb Code   666  motor_drive.o(i.Motor_Control)
    Motor_Control_Function                   0x08003791   Thumb Code    12  freertos.o(i.Motor_Control_Function)
    Motor_Type_Init                          0x0800379d   Thumb Code    38  config.o(i.Motor_Type_Init)
    NMI_Handler                              0x080037c9   Thumb Code     2  stm32f4xx_it.o(i.NMI_Handler)
    PID_Abs_Limit                            0x080037cb   Thumb Code    34  pid.o(i.PID_Abs_Limit)
    PID_Incremental_PID_Calculation          0x080037ed   Thumb Code   180  pid.o(i.PID_Incremental_PID_Calculation)
    PID_Parameter_Init                       0x080038a5   Thumb Code    54  pid.o(i.PID_Parameter_Init)
    PID_Position_Calculate                   0x080038e1   Thumb Code   180  pid.o(i.PID_Position_Calculate)
    Pid_Init_All                             0x08003999   Thumb Code   514  config.o(i.Pid_Init_All)
    Position_Control                         0x08003bf5   Thumb Code    78  motor_drive.o(i.Position_Control)
    RM_MOTOR_Angle_Integral                  0x08003c49   Thumb Code   238  rm_motor.o(i.RM_MOTOR_Angle_Integral)
    ROS_32_Serial_Function                   0x08003d4d   Thumb Code    74  freertos.o(i.ROS_32_Serial_Function)
    ROS_Control                              0x08003da5   Thumb Code    40  body_controllers.o(i.ROS_Control)
    Robot_Control_Mode                       0x08003dd5   Thumb Code   112  fsm.o(i.Robot_Control_Mode)
    STM32_READ_FROM_ROS                      0x08003e4d   Thumb Code   290  communication.o(i.STM32_READ_FROM_ROS)
    Servo_Control                            0x08003fa5   Thumb Code   162  servo.o(i.Servo_Control)
    Speed_Control                            0x0800405d   Thumb Code    18  motor_drive.o(i.Speed_Control)
    StartDefaultTask                         0x08004071   Thumb Code    54  freertos.o(i.StartDefaultTask)
    SysTick_Handler                          0x080040b1   Thumb Code    26  cmsis_os2.o(i.SysTick_Handler)
    SystemClock_Config                       0x080040cd   Thumb Code   138  main.o(i.SystemClock_Config)
    SystemInit                               0x08004161   Thumb Code    12  system_stm32f4xx.o(i.SystemInit)
    TIM2_IRQHandler                          0x08004171   Thumb Code     6  stm32f4xx_it.o(i.TIM2_IRQHandler)
    TIM3_IRQHandler                          0x0800417d   Thumb Code     6  stm32f4xx_it.o(i.TIM3_IRQHandler)
    TIM_Base_SetConfig                       0x08004189   Thumb Code   156  stm32f4xx_hal_tim.o(i.TIM_Base_SetConfig)
    TIM_CCxChannelCmd                        0x08004251   Thumb Code    26  stm32f4xx_hal_tim.o(i.TIM_CCxChannelCmd)
    TIM_ETR_SetConfig                        0x0800426b   Thumb Code    20  stm32f4xx_hal_tim.o(i.TIM_ETR_SetConfig)
    TIM_OC2_SetConfig                        0x080042f1   Thumb Code    98  stm32f4xx_hal_tim.o(i.TIM_OC2_SetConfig)
    U8_and_VESC_Function                     0x0800445d   Thumb Code    54  freertos.o(i.U8_and_VESC_Function)
    UART4_IRQHandler                         0x0800449d   Thumb Code     6  stm32f4xx_it.o(i.UART4_IRQHandler)
    UART5_IRQHandler                         0x080044a9   Thumb Code     6  stm32f4xx_it.o(i.UART5_IRQHandler)
    UART_Servo                               0x080045d5   Thumb Code    80  servo.o(i.UART_Servo)
    UART_Start_Receive_IT                    0x08004739   Thumb Code    58  stm32f4xx_hal_uart.o(i.UART_Start_Receive_IT)
    USART3_Send_String                       0x08004775   Thumb Code    34  servo.o(i.USART3_Send_String)
    USART6_IRQHandler                        0x0800479d   Thumb Code     6  stm32f4xx_it.o(i.USART6_IRQHandler)
    USART_Send_String                        0x080047a9   Thumb Code    34  communication.o(i.USART_Send_String)
    UsageFault_Handler                       0x080047d1   Thumb Code     2  stm32f4xx_it.o(i.UsageFault_Handler)
    Usart_Send_Data                          0x080047d5   Thumb Code   128  communication.o(i.Usart_Send_Data)
    User_Open_Can1                           0x0800485d   Thumb Code    90  user_can_init.o(i.User_Open_Can1)
    User_Open_Can2                           0x080048bd   Thumb Code    92  user_can_init.o(i.User_Open_Can2)
    VESC_Control                             0x0800491d   Thumb Code    72  motor_drive.o(i.VESC_Control)
    VESC_Init                                0x08004965   Thumb Code    54  config.o(i.VESC_Init)
    Vel_Torque_Control                       0x080049a1   Thumb Code    14  motor_drive.o(i.Vel_Torque_Control)
    Velocity_Planning_MODE                   0x080049b1   Thumb Code   494  motor_drive.o(i.Velocity_Planning_MODE)
    YanSe_Judge                              0x08004ba9   Thumb Code   140  sensor.o(i.YanSe_Judge)
    __hardfp_sqrt                            0x08004c55   Thumb Code   122  sqrt.o(i.__hardfp_sqrt)
    __scatterload_copy                       0x08004ccf   Thumb Code    14  handlers.o(i.__scatterload_copy)
    __scatterload_null                       0x08004cdd   Thumb Code     2  handlers.o(i.__scatterload_null)
    __scatterload_zeroinit                   0x08004cdf   Thumb Code    14  handlers.o(i.__scatterload_zeroinit)
    __set_errno                              0x08004ced   Thumb Code     6  errno.o(i.__set_errno)
    ball_judge                               0x08004cf9   Thumb Code   236  body_controllers.o(i.ball_judge)
    buffer_append_int32                      0x08004dfd   Thumb Code    42  vesc_can.o(i.buffer_append_int32)
    buffer_get_int16                         0x08004e27   Thumb Code    16  vesc_can.o(i.buffer_get_int16)
    buffer_get_int32                         0x08004e37   Thumb Code    32  vesc_can.o(i.buffer_get_int32)
    buffer_get_uint32                        0x08004e57   Thumb Code    32  vesc_can.o(i.buffer_get_uint32)
    can_get_data                             0x08004e79   Thumb Code   218  vesc_can.o(i.can_get_data)
    comm_can_set_current                     0x08004f61   Thumb Code    48  vesc_can.o(i.comm_can_set_current)
    comm_can_set_duty                        0x08004f95   Thumb Code    46  vesc_can.o(i.comm_can_set_duty)
    comm_can_set_pos                         0x08004fc9   Thumb Code    48  vesc_can.o(i.comm_can_set_pos)
    comm_can_set_rpm                         0x08004ffd   Thumb Code    40  vesc_can.o(i.comm_can_set_rpm)
    comm_can_transmit_eid                    0x08005025   Thumb Code    62  vesc_can.o(i.comm_can_transmit_eid)
    debug_safe_printf                        0x08005069   Thumb Code     6  freertos.o(i.debug_safe_printf)
    delay_us                                 0x08005075   Thumb Code    54  sw_i2c.o(i.delay_us)
    get_motor_measure                        0x080050b1   Thumb Code   222  rm_motor.o(i.get_motor_measure)
    huidu_init                               0x08005195   Thumb Code     2  sensor.o(i.huidu_init)
    main                                     0x08005199   Thumb Code   142  main.o(i.main)
    motor_controller                         0x08005249   Thumb Code   108  body_controllers.o(i.motor_controller)
    osDelay                                  0x080052c5   Thumb Code    26  cmsis_os2.o(i.osDelay)
    osKernelInitialize                       0x080052e1   Thumb Code    32  cmsis_os2.o(i.osKernelInitialize)
    osKernelStart                            0x08005305   Thumb Code    48  cmsis_os2.o(i.osKernelStart)
    osMessageQueueNew                        0x0800533d   Thumb Code    88  cmsis_os2.o(i.osMessageQueueNew)
    osMutexNew                               0x08005395   Thumb Code   104  cmsis_os2.o(i.osMutexNew)
    osThreadNew                              0x080053fd   Thumb Code   136  cmsis_os2.o(i.osThreadNew)
    pvPortMalloc                             0x08005c25   Thumb Code   216  heap_4.o(i.pvPortMalloc)
    pxPortInitialiseStack                    0x08005d01   Thumb Code    40  port.o(i.pxPortInitialiseStack)
    scl_out1                                 0x08005d2d   Thumb Code    22  sw_i2c.o(i.scl_out1)
    scl_out2                                 0x08005d49   Thumb Code    22  sw_i2c.o(i.scl_out2)
    scl_out3                                 0x08005d65   Thumb Code    24  sw_i2c.o(i.scl_out3)
    sda_in1                                  0x08005d81   Thumb Code    22  sw_i2c.o(i.sda_in1)
    sda_in2                                  0x08005d9d   Thumb Code    22  sw_i2c.o(i.sda_in2)
    sda_in3                                  0x08005db9   Thumb Code    22  sw_i2c.o(i.sda_in3)
    sda_out1                                 0x08005dd5   Thumb Code    22  sw_i2c.o(i.sda_out1)
    sda_out2                                 0x08005df1   Thumb Code    22  sw_i2c.o(i.sda_out2)
    sda_out3                                 0x08005e0d   Thumb Code    22  sw_i2c.o(i.sda_out3)
    sensor_Fun                               0x08005e29   Thumb Code    12  freertos.o(i.sensor_Fun)
    serial_get_crc8_value                    0x08005e35   Thumb Code    46  communication.o(i.serial_get_crc8_value)
    servo_init                               0x08005e65   Thumb Code    42  servo.o(i.servo_init)
    sw_i2c_mem_read                          0x08005f8b   Thumb Code    64  sw_i2c.o(i.sw_i2c_mem_read)
    sw_i2c_read                              0x08005fcb   Thumb Code    84  sw_i2c.o(i.sw_i2c_read)
    sw_i2c_write                             0x0800601f   Thumb Code    68  sw_i2c.o(i.sw_i2c_write)
    take_ball                                0x08006065   Thumb Code   376  body_controllers.o(i.take_ball)
    upper_control_f                          0x080061f5   Thumb Code    18  freertos.o(i.upper_control_f)
    upper_controller                         0x0800620d   Thumb Code   220  body_controllers.o(i.upper_controller)
    uxListRemove                             0x08006301   Thumb Code    38  list.o(i.uxListRemove)
    vApplicationGetIdleTaskMemory            0x08006329   Thumb Code    16  cmsis_os2.o(i.vApplicationGetIdleTaskMemory)
    vApplicationGetTimerTaskMemory           0x0800633d   Thumb Code    18  cmsis_os2.o(i.vApplicationGetTimerTaskMemory)
    vListInitialise                          0x08006355   Thumb Code    22  list.o(i.vListInitialise)
    vListInitialiseItem                      0x0800636b   Thumb Code     6  list.o(i.vListInitialiseItem)
    vListInsert                              0x08006371   Thumb Code    48  list.o(i.vListInsert)
    vListInsertEnd                           0x080063a1   Thumb Code    24  list.o(i.vListInsertEnd)
    vPortEnterCritical                       0x080063b9   Thumb Code    54  port.o(i.vPortEnterCritical)
    vPortExitCritical                        0x080063f9   Thumb Code    34  port.o(i.vPortExitCritical)
    vPortFree                                0x08006421   Thumb Code    94  heap_4.o(i.vPortFree)
    vPortSetupTimerInterrupt                 0x08006485   Thumb Code    32  port.o(i.vPortSetupTimerInterrupt)
    vPortValidateInterruptPriority           0x080064a9   Thumb Code    74  port.o(i.vPortValidateInterruptPriority)
    vQueueAddToRegistry                      0x080064fd   Thumb Code    32  queue.o(i.vQueueAddToRegistry)
    vQueueWaitForMessageRestricted           0x08006521   Thumb Code    68  queue.o(i.vQueueWaitForMessageRestricted)
    vTaskDelay                               0x08006565   Thumb Code    66  tasks.o(i.vTaskDelay)
    vTaskInternalSetTimeOutState             0x080065b1   Thumb Code    12  tasks.o(i.vTaskInternalSetTimeOutState)
    vTaskMissedYield                         0x080065c1   Thumb Code     8  tasks.o(i.vTaskMissedYield)
    vTaskPlaceOnEventList                    0x080065cd   Thumb Code    44  tasks.o(i.vTaskPlaceOnEventList)
    vTaskPlaceOnEventListRestricted          0x080065fd   Thumb Code    52  tasks.o(i.vTaskPlaceOnEventListRestricted)
    vTaskStartScheduler                      0x08006635   Thumb Code   116  tasks.o(i.vTaskStartScheduler)
    vTaskSuspendAll                          0x080066b9   Thumb Code    10  tasks.o(i.vTaskSuspendAll)
    vTaskSwitchContext                       0x080066c9   Thumb Code    90  tasks.o(i.vTaskSwitchContext)
    xPortStartScheduler                      0x0800672d   Thumb Code   224  port.o(i.xPortStartScheduler)
    xPortSysTickHandler                      0x08006821   Thumb Code    38  port.o(i.xPortSysTickHandler)
    xQueueCreateMutex                        0x0800684d   Thumb Code    22  queue.o(i.xQueueCreateMutex)
    xQueueCreateMutexStatic                  0x08006863   Thumb Code    26  queue.o(i.xQueueCreateMutexStatic)
    xQueueGenericCreate                      0x0800687d   Thumb Code    66  queue.o(i.xQueueGenericCreate)
    xQueueGenericCreateStatic                0x080068bf   Thumb Code   102  queue.o(i.xQueueGenericCreateStatic)
    xQueueGenericReset                       0x08006925   Thumb Code   132  queue.o(i.xQueueGenericReset)
    xQueueGenericSend                        0x080069ad   Thumb Code   350  queue.o(i.xQueueGenericSend)
    xQueueGenericSendFromISR                 0x08006b11   Thumb Code   190  queue.o(i.xQueueGenericSendFromISR)
    xQueueReceive                            0x08006bd1   Thumb Code   308  queue.o(i.xQueueReceive)
    xTaskCheckForTimeOut                     0x08006d09   Thumb Code   112  tasks.o(i.xTaskCheckForTimeOut)
    xTaskCreate                              0x08006d7d   Thumb Code    90  tasks.o(i.xTaskCreate)
    xTaskCreateStatic                        0x08006dd7   Thumb Code    90  tasks.o(i.xTaskCreateStatic)
    xTaskGetSchedulerState                   0x08006e31   Thumb Code    22  tasks.o(i.xTaskGetSchedulerState)
    xTaskGetTickCount                        0x08006e4d   Thumb Code     6  tasks.o(i.xTaskGetTickCount)
    xTaskIncrementTick                       0x08006e59   Thumb Code   192  tasks.o(i.xTaskIncrementTick)
    xTaskPriorityDisinherit                  0x08006f21   Thumb Code   116  tasks.o(i.xTaskPriorityDisinherit)
    xTaskRemoveFromEventList                 0x08006f9d   Thumb Code    98  tasks.o(i.xTaskRemoveFromEventList)
    xTaskResumeAll                           0x0800700d   Thumb Code   180  tasks.o(i.xTaskResumeAll)
    xTimerCreateTimerTask                    0x080070cd   Thumb Code    78  timers.o(i.xTimerCreateTimerTask)
    xTimerGenericCommand                     0x0800712d   Thumb Code    94  timers.o(i.xTimerGenericCommand)
    yanse_init                               0x08007191   Thumb Code    46  sensor.o(i.yanse_init)
    yanse_read                               0x080071cd   Thumb Code   130  sensor.o(i.yanse_read)
    defaultTask_attributes                   0x08007260   Data          36  freertos.o(.constdata)
    ROS_32_Serial_attributes                 0x08007284   Data          36  freertos.o(.constdata)
    Motor_Control_attributes                 0x080072a8   Data          36  freertos.o(.constdata)
    U8_and_VESC_attributes                   0x080072cc   Data          36  freertos.o(.constdata)
    upper_control_attributes                 0x080072f0   Data          36  freertos.o(.constdata)
    Huidu_task_attributes                    0x08007314   Data          36  freertos.o(.constdata)
    sensor_task_attributes                   0x08007338   Data          36  freertos.o(.constdata)
    uart_queue_attributes                    0x0800735c   Data          24  freertos.o(.constdata)
    safe_printf_attributes                   0x08007374   Data          16  freertos.o(.constdata)
    AHBPrescTable                            0x0800738c   Data          16  system_stm32f4xx.o(.constdata)
    APBPrescTable                            0x0800739c   Data           8  system_stm32f4xx.o(.constdata)
    serial_header                            0x080073a4   Data           2  communication.o(.constdata)
    Region$$Table$$Base                      0x08007420   Number         0  anon$$obj.o(Region$$Table)
    Region$$Table$$Limit                     0x08007440   Number         0  anon$$obj.o(Region$$Table)
    c                                        0x20000004   Data           4  freertos.o(.data)
    test_c                                   0x20000008   Data           4  freertos.o(.data)
    defaultTaskHandle                        0x2000000c   Data           4  freertos.o(.data)
    ROS_32_SerialHandle                      0x20000010   Data           4  freertos.o(.data)
    Motor_ControlHandle                      0x20000014   Data           4  freertos.o(.data)
    U8_and_VESCHandle                        0x20000018   Data           4  freertos.o(.data)
    upper_controlHandle                      0x2000001c   Data           4  freertos.o(.data)
    Huidu_taskHandle                         0x20000020   Data           4  freertos.o(.data)
    sensor_taskHandle                        0x20000024   Data           4  freertos.o(.data)
    uart_queueHandle                         0x20000028   Data           4  freertos.o(.data)
    safe_printfHandle                        0x2000002c   Data           4  freertos.o(.data)
    uwTickFreq                               0x20000034   Data           1  stm32f4xx_hal.o(.data)
    uwTickPrio                               0x20000038   Data           4  stm32f4xx_hal.o(.data)
    uwTick                                   0x2000003c   Data           4  stm32f4xx_hal.o(.data)
    SystemCoreClock                          0x20000040   Data           4  system_stm32f4xx.o(.data)
    pxCurrentTCB                             0x20000044   Data           4  tasks.o(.data)
    Button                                   0x200000c4   Data           4  communication.o(.data)
    test                                     0x200000c8   Data           1  communication.o(.data)
    USART_Receiver5                          0x200000c9   Data           1  communication.o(.data)
    USART_Receiver6                          0x200000ca   Data           1  communication.o(.data)
    USART_Receiver4                          0x200000cb   Data           1  communication.o(.data)
    test_uart                                0x200000d8   Data           4  communication.o(.data)
    LADAR_YAW                                0x200000e0   Data           4  communication.o(.data)
    test_id                                  0x200000e4   Data           2  user_can_init.o(.data)
    RxData                                   0x200000e6   Data           8  user_can_init.o(.data)
    RxData2                                  0x200000ee   Data           8  user_can_init.o(.data)
    jia_Reset                                0x200000fc   Data           1  body_controllers.o(.data)
    Jia_Reset_Open                           0x200000fd   Data           1  body_controllers.o(.data)
    ball_move_flag                           0x200000fe   Data           1  body_controllers.o(.data)
    cnt2                                     0x20000100   Data           2  body_controllers.o(.data)
    ball_move_cnt                            0x20000102   Data           2  body_controllers.o(.data)
    mis_cnt                                  0x20000104   Data           2  body_controllers.o(.data)
    lock_cnt                                 0x20000106   Data           2  body_controllers.o(.data)
    clear_cnt                                0x20000108   Data           2  body_controllers.o(.data)
    wushai_cnt                               0x2000010a   Data           2  body_controllers.o(.data)
    cnt1                                     0x2000010c   Data           4  body_controllers.o(.data)
    cnt3                                     0x20000110   Data           4  body_controllers.o(.data)
    finish_flag                              0x20000114   Data           4  body_controllers.o(.data)
    jiaqiu_flag                              0x20000118   Data           4  body_controllers.o(.data)
    taishen_flag                             0x2000011c   Data           4  body_controllers.o(.data)
    Jia_cnt                                  0x20000120   Data           4  body_controllers.o(.data)
    Tai_cnt                                  0x20000124   Data           4  body_controllers.o(.data)
    Time_Sys                                 0x20000128   Data           8  air_joy.o(.data)
    Microsecond_Cnt                          0x20000130   Data           2  air_joy.o(.data)
    ppm_update_flag                          0x20000134   Data           1  air_joy.o(.data)
    now_ppm_time_send                        0x2000013c   Data           4  air_joy.o(.data)
    TIME_ISR_CNT                             0x20000140   Data           4  air_joy.o(.data)
    LAST_TIME_ISR_CNT                        0x2000014c   Data           4  air_joy.o(.data)
    arrive_flag                              0x20000150   Data           1  sensor.o(.data)
    sensor_data                              0x20000151   Data           1  sensor.o(.data)
    read_value                               0x20000152   Data           3  sensor.o(.data)
    left_hsl                                 0x20000156   Data           4  sensor.o(.data)
    right_hsl                                0x2000015a   Data           4  sensor.o(.data)
    middle_hsl                               0x2000015e   Data           4  sensor.o(.data)
    enter_ball                               0x20000162   Data           5  sensor.o(.data)
    out_ball                                 0x20000167   Data           5  sensor.o(.data)
    middle_ball                              0x2000016c   Data           5  sensor.o(.data)
    sensor                                   0x20000171   Data           8  sensor.o(.data)
    i2c1_interface                           0x2000017c   Data          16  sw_i2c.o(.data)
    i2c2_interface                           0x2000018c   Data          16  sw_i2c.o(.data)
    i2c3_interface                           0x2000019c   Data          16  sw_i2c.o(.data)
    date1                                    0x200001ac   Data           1  servo.o(.data)
    date2                                    0x200001ad   Data           1  servo.o(.data)
    date3                                    0x200001ae   Data           1  servo.o(.data)
    servo_flag                               0x200001b0   Data           2  servo.o(.data)
    servo_cnt                                0x200001b2   Data           2  servo.o(.data)
    yuguaangle                               0x200001b4   Data           4  servo.o(.data)
    angle                                    0x200001b8   Data           4  servo.o(.data)
    send_servo_buf                           0x200001c0   Data           6  servo.o(.data)
    hcan1                                    0x200001cc   Data          40  can.o(.bss)
    hcan2                                    0x200001f4   Data          40  can.o(.bss)
    htim2                                    0x2000021c   Data          72  tim.o(.bss)
    htim7                                    0x20000264   Data          72  tim.o(.bss)
    htim13                                   0x200002ac   Data          72  tim.o(.bss)
    huart4                                   0x200002f4   Data          68  usart.o(.bss)
    huart5                                   0x20000338   Data          68  usart.o(.bss)
    huart3                                   0x2000037c   Data          68  usart.o(.bss)
    huart6                                   0x200003c0   Data          68  usart.o(.bss)
    hdma_uart5_rx                            0x20000404   Data          96  usart.o(.bss)
    htim3                                    0x20000464   Data          72  stm32f4xx_hal_timebase_tim.o(.bss)
    xQueueRegistry                           0x200004ac   Data          64  queue.o(.bss)
    ROBOT_CHASSI                             0x20004d80   Data          64  chassis.o(.bss)
    receivesend_buff                         0x20004dc0   Data          13  communication.o(.bss)
    MOTO_REAL_INFO                           0x20004dd0   Data        1248  motor_drive.o(.bss)
    MOTOR_PID_RPM                            0x200052b0   Data         512  motor_drive.o(.bss)
    MOTOR_PID_POS                            0x200054b0   Data         512  motor_drive.o(.bss)
    VESC_MOTO_INFO                           0x200056b0   Data         216  motor_drive.o(.bss)
    R2_CONTROLLER                            0x20005788   Data          92  body_controllers.o(.bss)
    PPM_Databuf                              0x200057f8   Data          20  air_joy.o(.bss)
    __initial_sp                             0x20005c10   Data           0  startup_stm32f407xx.o(STACK)



==============================================================================

Memory Map of the image

  Image Entry point : 0x08000189

  Load Region LR_IROM1 (Base: 0x08000000, Size: 0x0000760c, Max: 0x00100000, ABSOLUTE, COMPRESSED[0x00007474])

    Execution Region ER_IROM1 (Exec base: 0x08000000, Load base: 0x08000000, Size: 0x00007440, Max: 0x00100000, ABSOLUTE)

    Exec Addr    Load Addr    Size         Type   Attr      Idx    E Section Name        Object

    0x08000000   0x08000000   0x00000188   Data   RO            3    RESET               startup_stm32f407xx.o
    0x08000188   0x08000188   0x00000000   Code   RO         6525  * .ARM.Collect$$$$00000000  mc_w.l(entry.o)
    0x08000188   0x08000188   0x00000004   Code   RO         6584    .ARM.Collect$$$$00000001  mc_w.l(entry2.o)
    0x0800018c   0x0800018c   0x00000004   Code   RO         6587    .ARM.Collect$$$$00000004  mc_w.l(entry5.o)
    0x08000190   0x08000190   0x00000000   Code   RO         6589    .ARM.Collect$$$$00000008  mc_w.l(entry7b.o)
    0x08000190   0x08000190   0x00000000   Code   RO         6591    .ARM.Collect$$$$0000000A  mc_w.l(entry8b.o)
    0x08000190   0x08000190   0x00000008   Code   RO         6592    .ARM.Collect$$$$0000000B  mc_w.l(entry9a.o)
    0x08000198   0x08000198   0x00000004   Code   RO         6599    .ARM.Collect$$$$0000000E  mc_w.l(entry12b.o)
    0x0800019c   0x0800019c   0x00000000   Code   RO         6594    .ARM.Collect$$$$0000000F  mc_w.l(entry10a.o)
    0x0800019c   0x0800019c   0x00000000   Code   RO         6596    .ARM.Collect$$$$00000011  mc_w.l(entry11a.o)
    0x0800019c   0x0800019c   0x00000004   Code   RO         6585    .ARM.Collect$$$$00002712  mc_w.l(entry2.o)
    0x080001a0   0x080001a0   0x000000be   Code   RO         5217    .emb_text           port.o
    0x0800025e   0x0800025e   0x00000002   PAD
    0x08000260   0x08000260   0x00000024   Code   RO            4    .text               startup_stm32f407xx.o
    0x08000284   0x08000284   0x00000062   Code   RO         6528    .text               mc_w.l(uldiv.o)
    0x080002e6   0x080002e6   0x00000024   Code   RO         6530    .text               mc_w.l(memcpya.o)
    0x0800030a   0x0800030a   0x00000024   Code   RO         6534    .text               mc_w.l(memseta.o)
    0x0800032e   0x0800032e   0x00000026   Code   RO         6550    .text               mf_w.l(f2d.o)
    0x08000354   0x08000354   0x00000038   Code   RO         6554    .text               mf_w.l(d2f.o)
    0x0800038c   0x0800038c   0x0000001e   Code   RO         6600    .text               mc_w.l(llshl.o)
    0x080003aa   0x080003aa   0x00000020   Code   RO         6602    .text               mc_w.l(llushr.o)
    0x080003ca   0x080003ca   0x00000000   Code   RO         6613    .text               mc_w.l(iusefp.o)
    0x080003ca   0x080003ca   0x0000006e   Code   RO         6614    .text               mf_w.l(fepilogue.o)
    0x08000438   0x08000438   0x000000ba   Code   RO         6616    .text               mf_w.l(depilogue.o)
    0x080004f2   0x080004f2   0x000000a2   Code   RO         6620    .text               mf_w.l(dsqrt.o)
    0x08000594   0x08000594   0x00000024   Code   RO         6632    .text               mc_w.l(init.o)
    0x080005b8   0x080005b8   0x00000056   Code   RO         6644    .text               mc_w.l(__dczerorl2.o)
    0x0800060e   0x0800060e   0x00000002   Code   RO          594    i.BusFault_Handler  stm32f4xx_it.o
    0x08000610   0x08000610   0x0000000c   Code   RO          595    i.CAN1_RX0_IRQHandler  stm32f4xx_it.o
    0x0800061c   0x0800061c   0x0000000c   Code   RO          596    i.CAN1_RX1_IRQHandler  stm32f4xx_it.o
    0x08000628   0x08000628   0x0000000c   Code   RO          597    i.CAN1_SCE_IRQHandler  stm32f4xx_it.o
    0x08000634   0x08000634   0x0000000c   Code   RO          598    i.CAN1_TX_IRQHandler  stm32f4xx_it.o
    0x08000640   0x08000640   0x0000000c   Code   RO          599    i.CAN2_RX0_IRQHandler  stm32f4xx_it.o
    0x0800064c   0x0800064c   0x0000000c   Code   RO          600    i.CAN2_RX1_IRQHandler  stm32f4xx_it.o
    0x08000658   0x08000658   0x0000000c   Code   RO          601    i.CAN2_SCE_IRQHandler  stm32f4xx_it.o
    0x08000664   0x08000664   0x0000000c   Code   RO          602    i.CAN2_TX_IRQHandler  stm32f4xx_it.o
    0x08000670   0x08000670   0x0000009c   Code   RO         5860    i.Claw_PutDown      body_controllers.o
    0x0800070c   0x0800070c   0x0000000c   Code   RO          603    i.DMA1_Stream0_IRQHandler  stm32f4xx_it.o
    0x08000718   0x08000718   0x00000028   Code   RO         1498    i.DMA_CalcBaseAndBitshift  stm32f4xx_hal_dma.o
    0x08000740   0x08000740   0x00000054   Code   RO         1499    i.DMA_CheckFifoParam  stm32f4xx_hal_dma.o
    0x08000794   0x08000794   0x00000002   Code   RO          604    i.DebugMon_Handler  stm32f4xx_it.o
    0x08000796   0x08000796   0x00000006   Code   RO          605    i.EXTI9_5_IRQHandler  stm32f4xx_it.o
    0x0800079c   0x0800079c   0x00000004   Code   RO           13    i.Error_Handler     main.o
    0x080007a0   0x080007a0   0x00000048   Code   RO         6140    i.Fsm32             fsm.o
    0x080007e8   0x080007e8   0x00000208   Code   RO         5861    i.Get_Ball          body_controllers.o
    0x080009f0   0x080009f0   0x00000024   Code   RO          806    i.HAL_CAN_ActivateNotification  stm32f4xx_hal_can.o
    0x08000a14   0x08000a14   0x000000dc   Code   RO          807    i.HAL_CAN_AddTxMessage  stm32f4xx_hal_can.o
    0x08000af0   0x08000af0   0x0000010c   Code   RO          808    i.HAL_CAN_ConfigFilter  stm32f4xx_hal_can.o
    0x08000bfc   0x08000bfc   0x00000002   Code   RO          811    i.HAL_CAN_ErrorCallback  stm32f4xx_hal_can.o
    0x08000bfe   0x08000bfe   0x000000e8   Code   RO          814    i.HAL_CAN_GetRxMessage  stm32f4xx_hal_can.o
    0x08000ce6   0x08000ce6   0x0000002c   Code   RO          816    i.HAL_CAN_GetTxMailboxesFreeLevel  stm32f4xx_hal_can.o
    0x08000d12   0x08000d12   0x000001fc   Code   RO          818    i.HAL_CAN_IRQHandler  stm32f4xx_hal_can.o
    0x08000f0e   0x08000f0e   0x0000011a   Code   RO          819    i.HAL_CAN_Init      stm32f4xx_hal_can.o
    0x08001028   0x08001028   0x0000015c   Code   RO          390    i.HAL_CAN_MspInit   can.o
    0x08001184   0x08001184   0x00000002   Code   RO          826    i.HAL_CAN_RxFifo0FullCallback  stm32f4xx_hal_can.o
    0x08001186   0x08001186   0x00000002   PAD
    0x08001188   0x08001188   0x00000080   Code   RO         5592    i.HAL_CAN_RxFifo0MsgPendingCallback  user_can_init.o
    0x08001208   0x08001208   0x00000002   Code   RO          828    i.HAL_CAN_RxFifo1FullCallback  stm32f4xx_hal_can.o
    0x0800120a   0x0800120a   0x00000002   Code   RO          829    i.HAL_CAN_RxFifo1MsgPendingCallback  stm32f4xx_hal_can.o
    0x0800120c   0x0800120c   0x00000002   Code   RO          830    i.HAL_CAN_SleepCallback  stm32f4xx_hal_can.o
    0x0800120e   0x0800120e   0x00000056   Code   RO          831    i.HAL_CAN_Start     stm32f4xx_hal_can.o
    0x08001264   0x08001264   0x00000002   Code   RO          833    i.HAL_CAN_TxMailbox0AbortCallback  stm32f4xx_hal_can.o
    0x08001266   0x08001266   0x00000002   Code   RO          834    i.HAL_CAN_TxMailbox0CompleteCallback  stm32f4xx_hal_can.o
    0x08001268   0x08001268   0x00000002   Code   RO          835    i.HAL_CAN_TxMailbox1AbortCallback  stm32f4xx_hal_can.o
    0x0800126a   0x0800126a   0x00000002   Code   RO          836    i.HAL_CAN_TxMailbox1CompleteCallback  stm32f4xx_hal_can.o
    0x0800126c   0x0800126c   0x00000002   Code   RO          837    i.HAL_CAN_TxMailbox2AbortCallback  stm32f4xx_hal_can.o
    0x0800126e   0x0800126e   0x00000002   Code   RO          838    i.HAL_CAN_TxMailbox2CompleteCallback  stm32f4xx_hal_can.o
    0x08001270   0x08001270   0x00000002   Code   RO          840    i.HAL_CAN_WakeUpFromRxMsgCallback  stm32f4xx_hal_can.o
    0x08001272   0x08001272   0x00000092   Code   RO         1501    i.HAL_DMA_Abort     stm32f4xx_hal_dma.o
    0x08001304   0x08001304   0x00000024   Code   RO         1502    i.HAL_DMA_Abort_IT  stm32f4xx_hal_dma.o
    0x08001328   0x08001328   0x00000062   Code   RO         1503    i.HAL_DMA_DeInit    stm32f4xx_hal_dma.o
    0x0800138a   0x0800138a   0x00000002   PAD
    0x0800138c   0x0800138c   0x000001a0   Code   RO         1506    i.HAL_DMA_IRQHandler  stm32f4xx_hal_dma.o
    0x0800152c   0x0800152c   0x000000d4   Code   RO         1507    i.HAL_DMA_Init      stm32f4xx_hal_dma.o
    0x08001600   0x08001600   0x00000024   Code   RO         1920    i.HAL_Delay         stm32f4xx_hal.o
    0x08001624   0x08001624   0x00000120   Code   RO         1391    i.HAL_GPIO_DeInit   stm32f4xx_hal_gpio.o
    0x08001744   0x08001744   0x00000088   Code   RO         6098    i.HAL_GPIO_EXTI_Callback  air_joy.o
    0x080017cc   0x080017cc   0x00000018   Code   RO         1393    i.HAL_GPIO_EXTI_IRQHandler  stm32f4xx_hal_gpio.o
    0x080017e4   0x080017e4   0x000001d0   Code   RO         1394    i.HAL_GPIO_Init     stm32f4xx_hal_gpio.o
    0x080019b4   0x080019b4   0x0000000a   Code   RO         1396    i.HAL_GPIO_ReadPin  stm32f4xx_hal_gpio.o
    0x080019be   0x080019be   0x0000000a   Code   RO         1398    i.HAL_GPIO_WritePin  stm32f4xx_hal_gpio.o
    0x080019c8   0x080019c8   0x0000000c   Code   RO         1926    i.HAL_GetTick       stm32f4xx_hal.o
    0x080019d4   0x080019d4   0x00000010   Code   RO         1932    i.HAL_IncTick       stm32f4xx_hal.o
    0x080019e4   0x080019e4   0x00000034   Code   RO         1933    i.HAL_Init          stm32f4xx_hal.o
    0x08001a18   0x08001a18   0x00000098   Code   RO          766    i.HAL_InitTick      stm32f4xx_hal_timebase_tim.o
    0x08001ab0   0x08001ab0   0x00000038   Code   RO          742    i.HAL_MspInit       stm32f4xx_hal_msp.o
    0x08001ae8   0x08001ae8   0x00000022   Code   RO         1782    i.HAL_NVIC_DisableIRQ  stm32f4xx_hal_cortex.o
    0x08001b0a   0x08001b0a   0x0000001a   Code   RO         1783    i.HAL_NVIC_EnableIRQ  stm32f4xx_hal_cortex.o
    0x08001b24   0x08001b24   0x00000040   Code   RO         1789    i.HAL_NVIC_SetPriority  stm32f4xx_hal_cortex.o
    0x08001b64   0x08001b64   0x00000024   Code   RO         1790    i.HAL_NVIC_SetPriorityGrouping  stm32f4xx_hal_cortex.o
    0x08001b88   0x08001b88   0x00000134   Code   RO         1040    i.HAL_RCC_ClockConfig  stm32f4xx_hal_rcc.o
    0x08001cbc   0x08001cbc   0x00000040   Code   RO         1044    i.HAL_RCC_GetClockConfig  stm32f4xx_hal_rcc.o
    0x08001cfc   0x08001cfc   0x00000020   Code   RO         1047    i.HAL_RCC_GetPCLK1Freq  stm32f4xx_hal_rcc.o
    0x08001d1c   0x08001d1c   0x00000020   Code   RO         1048    i.HAL_RCC_GetPCLK2Freq  stm32f4xx_hal_rcc.o
    0x08001d3c   0x08001d3c   0x00000060   Code   RO         1049    i.HAL_RCC_GetSysClockFreq  stm32f4xx_hal_rcc.o
    0x08001d9c   0x08001d9c   0x00000358   Code   RO         1052    i.HAL_RCC_OscConfig  stm32f4xx_hal_rcc.o
    0x080020f4   0x080020f4   0x00000002   Code   RO         2877    i.HAL_TIMEx_BreakCallback  stm32f4xx_hal_tim_ex.o
    0x080020f6   0x080020f6   0x00000002   Code   RO         2878    i.HAL_TIMEx_CommutCallback  stm32f4xx_hal_tim_ex.o
    0x080020f8   0x080020f8   0x00000090   Code   RO         2896    i.HAL_TIMEx_MasterConfigSynchronization  stm32f4xx_hal_tim_ex.o
    0x08002188   0x08002188   0x0000005a   Code   RO         2173    i.HAL_TIM_Base_Init  stm32f4xx_hal_tim.o
    0x080021e2   0x080021e2   0x00000002   PAD
    0x080021e4   0x080021e4   0x0000006c   Code   RO          463    i.HAL_TIM_Base_MspInit  tim.o
    0x08002250   0x08002250   0x00000080   Code   RO         2178    i.HAL_TIM_Base_Start_IT  stm32f4xx_hal_tim.o
    0x080022d0   0x080022d0   0x000000dc   Code   RO         2182    i.HAL_TIM_ConfigClockSource  stm32f4xx_hal_tim.o
    0x080023ac   0x080023ac   0x00000002   Code   RO         2207    i.HAL_TIM_IC_CaptureCallback  stm32f4xx_hal_tim.o
    0x080023ae   0x080023ae   0x00000166   Code   RO         2221    i.HAL_TIM_IRQHandler  stm32f4xx_hal_tim.o
    0x08002514   0x08002514   0x00000054   Code   RO          464    i.HAL_TIM_MspPostInit  tim.o
    0x08002568   0x08002568   0x00000002   Code   RO         2224    i.HAL_TIM_OC_DelayElapsedCallback  stm32f4xx_hal_tim.o
    0x0800256a   0x0800256a   0x000000cc   Code   RO         2245    i.HAL_TIM_PWM_ConfigChannel  stm32f4xx_hal_tim.o
    0x08002636   0x08002636   0x0000005a   Code   RO         2248    i.HAL_TIM_PWM_Init  stm32f4xx_hal_tim.o
    0x08002690   0x08002690   0x00000002   Code   RO         2250    i.HAL_TIM_PWM_MspInit  stm32f4xx_hal_tim.o
    0x08002692   0x08002692   0x00000002   Code   RO         2251    i.HAL_TIM_PWM_PulseFinishedCallback  stm32f4xx_hal_tim.o
    0x08002694   0x08002694   0x000000d0   Code   RO         2253    i.HAL_TIM_PWM_Start  stm32f4xx_hal_tim.o
    0x08002764   0x08002764   0x0000008c   Code   RO           14    i.HAL_TIM_PeriodElapsedCallback  main.o
    0x080027f0   0x080027f0   0x00000002   Code   RO         2264    i.HAL_TIM_TriggerCallback  stm32f4xx_hal_tim.o
    0x080027f2   0x080027f2   0x00000002   Code   RO         3155    i.HAL_UARTEx_RxEventCallback  stm32f4xx_hal_uart.o
    0x080027f4   0x080027f4   0x00000002   Code   RO         3169    i.HAL_UART_ErrorCallback  stm32f4xx_hal_uart.o
    0x080027f6   0x080027f6   0x00000002   PAD
    0x080027f8   0x080027f8   0x00000268   Code   RO         3172    i.HAL_UART_IRQHandler  stm32f4xx_hal_uart.o
    0x08002a60   0x08002a60   0x00000062   Code   RO         3173    i.HAL_UART_Init     stm32f4xx_hal_uart.o
    0x08002ac2   0x08002ac2   0x00000002   PAD
    0x08002ac4   0x08002ac4   0x000000b0   Code   RO          522    i.HAL_UART_MspDeInit  usart.o
    0x08002b74   0x08002b74   0x000001d0   Code   RO          523    i.HAL_UART_MspInit  usart.o
    0x08002d44   0x08002d44   0x0000002a   Code   RO         3178    i.HAL_UART_Receive_IT  stm32f4xx_hal_uart.o
    0x08002d6e   0x08002d6e   0x00000002   PAD
    0x08002d70   0x08002d70   0x000000e0   Code   RO         5332    i.HAL_UART_RxCpltCallback  communication.o
    0x08002e50   0x08002e50   0x00000002   Code   RO         3184    i.HAL_UART_TxCpltCallback  stm32f4xx_hal_uart.o
    0x08002e52   0x08002e52   0x00000002   Code   RO          606    i.HardFault_Handler  stm32f4xx_it.o
    0x08002e54   0x08002e54   0x00000054   Code   RO         5435    i.Homeing_Mode      motor_drive.o
    0x08002ea8   0x08002ea8   0x0000000c   Code   RO          303    i.Huidu_task_f      freertos.o
    0x08002eb4   0x08002eb4   0x000000c4   Code   RO         5631    i.M3508_Send_Currents  rm_motor.o
    0x08002f78   0x08002f78   0x00000048   Code   RO          391    i.MX_CAN1_Init      can.o
    0x08002fc0   0x08002fc0   0x00000048   Code   RO          392    i.MX_CAN2_Init      can.o
    0x08003008   0x08003008   0x0000002c   Code   RO          438    i.MX_DMA_Init       dma.o
    0x08003034   0x08003034   0x000000a4   Code   RO          304    i.MX_FREERTOS_Init  freertos.o
    0x080030d8   0x080030d8   0x000001ec   Code   RO          279    i.MX_GPIO_Init      gpio.o
    0x080032c4   0x080032c4   0x00000068   Code   RO          465    i.MX_TIM13_Init     tim.o
    0x0800332c   0x0800332c   0x00000068   Code   RO          466    i.MX_TIM2_Init      tim.o
    0x08003394   0x08003394   0x00000044   Code   RO          467    i.MX_TIM7_Init      tim.o
    0x080033d8   0x080033d8   0x00000038   Code   RO          524    i.MX_UART4_Init     usart.o
    0x08003410   0x08003410   0x00000038   Code   RO          525    i.MX_UART5_Init     usart.o
    0x08003448   0x08003448   0x00000038   Code   RO          526    i.MX_USART3_UART_Init  usart.o
    0x08003480   0x08003480   0x00000038   Code   RO          527    i.MX_USART6_UART_Init  usart.o
    0x080034b8   0x080034b8   0x00000022   Code   RO         5436    i.Max_Value_Limit   motor_drive.o
    0x080034da   0x080034da   0x00000002   Code   RO          607    i.MemManage_Handler  stm32f4xx_it.o
    0x080034dc   0x080034dc   0x000002b4   Code   RO         5437    i.Motor_Control     motor_drive.o
    0x08003790   0x08003790   0x0000000c   Code   RO          305    i.Motor_Control_Function  freertos.o
    0x0800379c   0x0800379c   0x0000002c   Code   RO         5396    i.Motor_Type_Init   config.o
    0x080037c8   0x080037c8   0x00000002   Code   RO          608    i.NMI_Handler       stm32f4xx_it.o
    0x080037ca   0x080037ca   0x00000022   Code   RO         5538    i.PID_Abs_Limit     pid.o
    0x080037ec   0x080037ec   0x000000b8   Code   RO         5539    i.PID_Incremental_PID_Calculation  pid.o
    0x080038a4   0x080038a4   0x0000003c   Code   RO         5541    i.PID_Parameter_Init  pid.o
    0x080038e0   0x080038e0   0x000000b8   Code   RO         5542    i.PID_Position_Calculate  pid.o
    0x08003998   0x08003998   0x0000025c   Code   RO         5397    i.Pid_Init_All      config.o
    0x08003bf4   0x08003bf4   0x00000054   Code   RO         5439    i.Position_Control  motor_drive.o
    0x08003c48   0x08003c48   0x00000104   Code   RO         5632    i.RM_MOTOR_Angle_Integral  rm_motor.o
    0x08003d4c   0x08003d4c   0x00000058   Code   RO          306    i.ROS_32_Serial_Function  freertos.o
    0x08003da4   0x08003da4   0x00000030   Code   RO         5862    i.ROS_Control       body_controllers.o
    0x08003dd4   0x08003dd4   0x00000078   Code   RO         6141    i.Robot_Control_Mode  fsm.o
    0x08003e4c   0x08003e4c   0x00000158   Code   RO         5333    i.STM32_READ_FROM_ROS  communication.o
    0x08003fa4   0x08003fa4   0x000000b8   Code   RO         6445    i.Servo_Control     servo.o
    0x0800405c   0x0800405c   0x00000012   Code   RO         5440    i.Speed_Control     motor_drive.o
    0x0800406e   0x0800406e   0x00000002   PAD
    0x08004070   0x08004070   0x00000040   Code   RO          307    i.StartDefaultTask  freertos.o
    0x080040b0   0x080040b0   0x0000001a   Code   RO         4649    i.SysTick_Handler   cmsis_os2.o
    0x080040ca   0x080040ca   0x00000002   PAD
    0x080040cc   0x080040cc   0x00000094   Code   RO           15    i.SystemClock_Config  main.o
    0x08004160   0x08004160   0x00000010   Code   RO         3502    i.SystemInit        system_stm32f4xx.o
    0x08004170   0x08004170   0x0000000c   Code   RO          609    i.TIM2_IRQHandler   stm32f4xx_it.o
    0x0800417c   0x0800417c   0x0000000c   Code   RO          610    i.TIM3_IRQHandler   stm32f4xx_it.o
    0x08004188   0x08004188   0x000000c8   Code   RO         2266    i.TIM_Base_SetConfig  stm32f4xx_hal_tim.o
    0x08004250   0x08004250   0x0000001a   Code   RO         2267    i.TIM_CCxChannelCmd  stm32f4xx_hal_tim.o
    0x0800426a   0x0800426a   0x00000014   Code   RO         2277    i.TIM_ETR_SetConfig  stm32f4xx_hal_tim.o
    0x0800427e   0x0800427e   0x00000010   Code   RO         2278    i.TIM_ITRx_SetConfig  stm32f4xx_hal_tim.o
    0x0800428e   0x0800428e   0x00000002   PAD
    0x08004290   0x08004290   0x00000060   Code   RO         2279    i.TIM_OC1_SetConfig  stm32f4xx_hal_tim.o
    0x080042f0   0x080042f0   0x0000006c   Code   RO         2280    i.TIM_OC2_SetConfig  stm32f4xx_hal_tim.o
    0x0800435c   0x0800435c   0x00000068   Code   RO         2281    i.TIM_OC3_SetConfig  stm32f4xx_hal_tim.o
    0x080043c4   0x080043c4   0x00000050   Code   RO         2282    i.TIM_OC4_SetConfig  stm32f4xx_hal_tim.o
    0x08004414   0x08004414   0x00000022   Code   RO         2284    i.TIM_TI1_ConfigInputStage  stm32f4xx_hal_tim.o
    0x08004436   0x08004436   0x00000024   Code   RO         2286    i.TIM_TI2_ConfigInputStage  stm32f4xx_hal_tim.o
    0x0800445a   0x0800445a   0x00000002   PAD
    0x0800445c   0x0800445c   0x00000040   Code   RO          308    i.U8_and_VESC_Function  freertos.o
    0x0800449c   0x0800449c   0x0000000c   Code   RO          611    i.UART4_IRQHandler  stm32f4xx_it.o
    0x080044a8   0x080044a8   0x0000000c   Code   RO          612    i.UART5_IRQHandler  stm32f4xx_it.o
    0x080044b4   0x080044b4   0x00000010   Code   RO         3186    i.UART_DMAAbortOnError  stm32f4xx_hal_uart.o
    0x080044c4   0x080044c4   0x0000004e   Code   RO         3196    i.UART_EndRxTransfer  stm32f4xx_hal_uart.o
    0x08004512   0x08004512   0x000000c0   Code   RO         3198    i.UART_Receive_IT   stm32f4xx_hal_uart.o
    0x080045d2   0x080045d2   0x00000002   PAD
    0x080045d4   0x080045d4   0x00000058   Code   RO         6446    i.UART_Servo        servo.o
    0x0800462c   0x0800462c   0x0000010c   Code   RO         3199    i.UART_SetConfig    stm32f4xx_hal_uart.o
    0x08004738   0x08004738   0x0000003a   Code   RO         3201    i.UART_Start_Receive_IT  stm32f4xx_hal_uart.o
    0x08004772   0x08004772   0x00000002   PAD
    0x08004774   0x08004774   0x00000028   Code   RO         6447    i.USART3_Send_String  servo.o
    0x0800479c   0x0800479c   0x0000000c   Code   RO          613    i.USART6_IRQHandler  stm32f4xx_it.o
    0x080047a8   0x080047a8   0x00000028   Code   RO         5334    i.USART_Send_String  communication.o
    0x080047d0   0x080047d0   0x00000002   Code   RO          614    i.UsageFault_Handler  stm32f4xx_it.o
    0x080047d2   0x080047d2   0x00000002   PAD
    0x080047d4   0x080047d4   0x00000088   Code   RO         5335    i.Usart_Send_Data   communication.o
    0x0800485c   0x0800485c   0x00000060   Code   RO         5593    i.User_Open_Can1    user_can_init.o
    0x080048bc   0x080048bc   0x00000060   Code   RO         5594    i.User_Open_Can2    user_can_init.o
    0x0800491c   0x0800491c   0x00000048   Code   RO         5441    i.VESC_Control      motor_drive.o
    0x08004964   0x08004964   0x0000003c   Code   RO         5398    i.VESC_Init         config.o
    0x080049a0   0x080049a0   0x0000000e   Code   RO         5442    i.Vel_Torque_Control  motor_drive.o
    0x080049ae   0x080049ae   0x00000002   PAD
    0x080049b0   0x080049b0   0x000001f8   Code   RO         5443    i.Velocity_Planning_MODE  motor_drive.o
    0x08004ba8   0x08004ba8   0x0000008c   Code   RO         6176    i.YanSe_Judge       sensor.o
    0x08004c34   0x08004c34   0x00000020   Code   RO         1796    i.__NVIC_SetPriority  stm32f4xx_hal_cortex.o
    0x08004c54   0x08004c54   0x0000007a   Code   RO         6513    i.__hardfp_sqrt     m_wm.l(sqrt.o)
    0x08004cce   0x08004cce   0x0000000e   Code   RO         6638    i.__scatterload_copy  mc_w.l(handlers.o)
    0x08004cdc   0x08004cdc   0x00000002   Code   RO         6639    i.__scatterload_null  mc_w.l(handlers.o)
    0x08004cde   0x08004cde   0x0000000e   Code   RO         6640    i.__scatterload_zeroinit  mc_w.l(handlers.o)
    0x08004cec   0x08004cec   0x0000000c   Code   RO         6608    i.__set_errno       mc_w.l(errno.o)
    0x08004cf8   0x08004cf8   0x00000104   Code   RO         5863    i.ball_judge        body_controllers.o
    0x08004dfc   0x08004dfc   0x0000002a   Code   RO         5678    i.buffer_append_int32  vesc_can.o
    0x08004e26   0x08004e26   0x00000010   Code   RO         5683    i.buffer_get_int16  vesc_can.o
    0x08004e36   0x08004e36   0x00000020   Code   RO         5684    i.buffer_get_int32  vesc_can.o
    0x08004e56   0x08004e56   0x00000020   Code   RO         5686    i.buffer_get_uint32  vesc_can.o
    0x08004e76   0x08004e76   0x00000002   PAD
    0x08004e78   0x08004e78   0x000000e8   Code   RO         5687    i.can_get_data      vesc_can.o
    0x08004f60   0x08004f60   0x00000034   Code   RO         5690    i.comm_can_set_current  vesc_can.o
    0x08004f94   0x08004f94   0x00000034   Code   RO         5694    i.comm_can_set_duty  vesc_can.o
    0x08004fc8   0x08004fc8   0x00000034   Code   RO         5697    i.comm_can_set_pos  vesc_can.o
    0x08004ffc   0x08004ffc   0x00000028   Code   RO         5698    i.comm_can_set_rpm  vesc_can.o
    0x08005024   0x08005024   0x00000044   Code   RO         5699    i.comm_can_transmit_eid  vesc_can.o
    0x08005068   0x08005068   0x0000000c   Code   RO          309    i.debug_safe_printf  freertos.o
    0x08005074   0x08005074   0x0000003c   Code   RO         6292    i.delay_us          sw_i2c.o
    0x080050b0   0x080050b0   0x000000e4   Code   RO         5633    i.get_motor_measure  rm_motor.o
    0x08005194   0x08005194   0x00000002   Code   RO         6181    i.huidu_init        sensor.o
    0x08005196   0x08005196   0x00000002   PAD
    0x08005198   0x08005198   0x000000b0   Code   RO           16    i.main              main.o
    0x08005248   0x08005248   0x0000007c   Code   RO         5864    i.motor_controller  body_controllers.o
    0x080052c4   0x080052c4   0x0000001a   Code   RO         4651    i.osDelay           cmsis_os2.o
    0x080052de   0x080052de   0x00000002   PAD
    0x080052e0   0x080052e0   0x00000024   Code   RO         4665    i.osKernelInitialize  cmsis_os2.o
    0x08005304   0x08005304   0x00000038   Code   RO         4668    i.osKernelStart     cmsis_os2.o
    0x0800533c   0x0800533c   0x00000058   Code   RO         4685    i.osMessageQueueNew  cmsis_os2.o
    0x08005394   0x08005394   0x00000068   Code   RO         4691    i.osMutexNew        cmsis_os2.o
    0x080053fc   0x080053fc   0x00000088   Code   RO         4710    i.osThreadNew       cmsis_os2.o
    0x08005484   0x08005484   0x0000005c   Code   RO         4110    i.prvAddCurrentTaskToDelayedList  tasks.o
    0x080054e0   0x080054e0   0x000000d0   Code   RO         4111    i.prvAddNewTaskToReadyList  tasks.o
    0x080055b0   0x080055b0   0x00000058   Code   RO         4475    i.prvCheckForValidListAndQueue  timers.o
    0x08005608   0x08005608   0x00000026   Code   RO         3707    i.prvCopyDataFromQueue  queue.o
    0x0800562e   0x0800562e   0x0000006c   Code   RO         3708    i.prvCopyDataToQueue  queue.o
    0x0800569a   0x0800569a   0x00000034   Code   RO         4112    i.prvDeleteTCB      tasks.o
    0x080056ce   0x080056ce   0x00000002   PAD
    0x080056d0   0x080056d0   0x0000004c   Code   RO         5162    i.prvHeapInit       heap_4.o
    0x0800571c   0x0800571c   0x0000005c   Code   RO         4113    i.prvIdleTask       tasks.o
    0x08005778   0x08005778   0x00000016   Code   RO         3709    i.prvInitialiseMutex  queue.o
    0x0800578e   0x0800578e   0x00000020   Code   RO         3710    i.prvInitialiseNewQueue  queue.o
    0x080057ae   0x080057ae   0x000000aa   Code   RO         4114    i.prvInitialiseNewTask  tasks.o
    0x08005858   0x08005858   0x0000004c   Code   RO         5163    i.prvInsertBlockIntoFreeList  heap_4.o
    0x080058a4   0x080058a4   0x00000038   Code   RO         4477    i.prvInsertTimerInActiveList  timers.o
    0x080058dc   0x080058dc   0x0000001a   Code   RO         3711    i.prvIsQueueEmpty   queue.o
    0x080058f6   0x080058f6   0x00000002   PAD
    0x080058f8   0x080058f8   0x000000fc   Code   RO         4478    i.prvProcessReceivedCommands  timers.o
    0x080059f4   0x080059f4   0x000000c0   Code   RO         4479    i.prvProcessTimerOrBlockTask  timers.o
    0x08005ab4   0x08005ab4   0x00000020   Code   RO         4116    i.prvResetNextTaskUnblockTime  tasks.o
    0x08005ad4   0x08005ad4   0x00000028   Code   RO         4480    i.prvSampleTimeNow  timers.o
    0x08005afc   0x08005afc   0x0000006c   Code   RO         4481    i.prvSwitchTimerLists  timers.o
    0x08005b68   0x08005b68   0x00000028   Code   RO         5218    i.prvTaskExitError  port.o
    0x08005b90   0x08005b90   0x00000028   Code   RO         4482    i.prvTimerTask      timers.o
    0x08005bb8   0x08005bb8   0x0000006a   Code   RO         3712    i.prvUnlockQueue    queue.o
    0x08005c22   0x08005c22   0x00000002   PAD
    0x08005c24   0x08005c24   0x000000dc   Code   RO         5164    i.pvPortMalloc      heap_4.o
    0x08005d00   0x08005d00   0x0000002c   Code   RO         5219    i.pxPortInitialiseStack  port.o
    0x08005d2c   0x08005d2c   0x0000001c   Code   RO         6294    i.scl_out1          sw_i2c.o
    0x08005d48   0x08005d48   0x0000001c   Code   RO         6295    i.scl_out2          sw_i2c.o
    0x08005d64   0x08005d64   0x0000001c   Code   RO         6296    i.scl_out3          sw_i2c.o
    0x08005d80   0x08005d80   0x0000001c   Code   RO         6297    i.sda_in1           sw_i2c.o
    0x08005d9c   0x08005d9c   0x0000001c   Code   RO         6298    i.sda_in2           sw_i2c.o
    0x08005db8   0x08005db8   0x0000001c   Code   RO         6299    i.sda_in3           sw_i2c.o
    0x08005dd4   0x08005dd4   0x0000001c   Code   RO         6300    i.sda_out1          sw_i2c.o
    0x08005df0   0x08005df0   0x0000001c   Code   RO         6301    i.sda_out2          sw_i2c.o
    0x08005e0c   0x08005e0c   0x0000001c   Code   RO         6302    i.sda_out3          sw_i2c.o
    0x08005e28   0x08005e28   0x0000000c   Code   RO          310    i.sensor_Fun        freertos.o
    0x08005e34   0x08005e34   0x0000002e   Code   RO         5336    i.serial_get_crc8_value  communication.o
    0x08005e62   0x08005e62   0x00000002   PAD
    0x08005e64   0x08005e64   0x00000030   Code   RO         6448    i.servo_init        servo.o
    0x08005e94   0x08005e94   0x00000046   Code   RO         6303    i.sw_i2c_hal_read_byte  sw_i2c.o
    0x08005eda   0x08005eda   0x00000028   Code   RO         6304    i.sw_i2c_hal_start  sw_i2c.o
    0x08005f02   0x08005f02   0x00000020   Code   RO         6305    i.sw_i2c_hal_stop   sw_i2c.o
    0x08005f22   0x08005f22   0x00000022   Code   RO         6306    i.sw_i2c_hal_write_bit  sw_i2c.o
    0x08005f44   0x08005f44   0x00000046   Code   RO         6307    i.sw_i2c_hal_write_byte  sw_i2c.o
    0x08005f8a   0x08005f8a   0x00000040   Code   RO         6308    i.sw_i2c_mem_read   sw_i2c.o
    0x08005fca   0x08005fca   0x00000054   Code   RO         6310    i.sw_i2c_read       sw_i2c.o
    0x0800601e   0x0800601e   0x00000044   Code   RO         6312    i.sw_i2c_write      sw_i2c.o
    0x08006062   0x08006062   0x00000002   PAD
    0x08006064   0x08006064   0x00000190   Code   RO         5865    i.take_ball         body_controllers.o
    0x080061f4   0x080061f4   0x00000018   Code   RO          311    i.upper_control_f   freertos.o
    0x0800620c   0x0800620c   0x000000f4   Code   RO         5866    i.upper_controller  body_controllers.o
    0x08006300   0x08006300   0x00000026   Code   RO         3667    i.uxListRemove      list.o
    0x08006326   0x08006326   0x00000002   PAD
    0x08006328   0x08006328   0x00000014   Code   RO         4722    i.vApplicationGetIdleTaskMemory  cmsis_os2.o
    0x0800633c   0x0800633c   0x00000018   Code   RO         4723    i.vApplicationGetTimerTaskMemory  cmsis_os2.o
    0x08006354   0x08006354   0x00000016   Code   RO         3668    i.vListInitialise   list.o
    0x0800636a   0x0800636a   0x00000006   Code   RO         3669    i.vListInitialiseItem  list.o
    0x08006370   0x08006370   0x00000030   Code   RO         3670    i.vListInsert       list.o
    0x080063a0   0x080063a0   0x00000018   Code   RO         3671    i.vListInsertEnd    list.o
    0x080063b8   0x080063b8   0x00000040   Code   RO         5221    i.vPortEnterCritical  port.o
    0x080063f8   0x080063f8   0x00000028   Code   RO         5222    i.vPortExitCritical  port.o
    0x08006420   0x08006420   0x00000064   Code   RO         5165    i.vPortFree         heap_4.o
    0x08006484   0x08006484   0x00000024   Code   RO         5223    i.vPortSetupTimerInterrupt  port.o
    0x080064a8   0x080064a8   0x00000054   Code   RO         5224    i.vPortValidateInterruptPriority  port.o
    0x080064fc   0x080064fc   0x00000024   Code   RO         3718    i.vQueueAddToRegistry  queue.o
    0x08006520   0x08006520   0x00000044   Code   RO         3722    i.vQueueWaitForMessageRestricted  queue.o
    0x08006564   0x08006564   0x0000004c   Code   RO         4129    i.vTaskDelay        tasks.o
    0x080065b0   0x080065b0   0x00000010   Code   RO         4134    i.vTaskInternalSetTimeOutState  tasks.o
    0x080065c0   0x080065c0   0x0000000c   Code   RO         4135    i.vTaskMissedYield  tasks.o
    0x080065cc   0x080065cc   0x00000030   Code   RO         4137    i.vTaskPlaceOnEventList  tasks.o
    0x080065fc   0x080065fc   0x00000038   Code   RO         4138    i.vTaskPlaceOnEventListRestricted  tasks.o
    0x08006634   0x08006634   0x00000084   Code   RO         4146    i.vTaskStartScheduler  tasks.o
    0x080066b8   0x080066b8   0x00000010   Code   RO         4148    i.vTaskSuspendAll   tasks.o
    0x080066c8   0x080066c8   0x00000064   Code   RO         4149    i.vTaskSwitchContext  tasks.o
    0x0800672c   0x0800672c   0x000000f4   Code   RO         5225    i.xPortStartScheduler  port.o
    0x08006820   0x08006820   0x0000002c   Code   RO         5226    i.xPortSysTickHandler  port.o
    0x0800684c   0x0800684c   0x00000016   Code   RO         3725    i.xQueueCreateMutex  queue.o
    0x08006862   0x08006862   0x0000001a   Code   RO         3726    i.xQueueCreateMutexStatic  queue.o
    0x0800687c   0x0800687c   0x00000042   Code   RO         3727    i.xQueueGenericCreate  queue.o
    0x080068be   0x080068be   0x00000066   Code   RO         3728    i.xQueueGenericCreateStatic  queue.o
    0x08006924   0x08006924   0x00000088   Code   RO         3729    i.xQueueGenericReset  queue.o
    0x080069ac   0x080069ac   0x00000164   Code   RO         3730    i.xQueueGenericSend  queue.o
    0x08006b10   0x08006b10   0x000000be   Code   RO         3731    i.xQueueGenericSendFromISR  queue.o
    0x08006bce   0x08006bce   0x00000002   PAD
    0x08006bd0   0x08006bd0   0x00000138   Code   RO         3740    i.xQueueReceive     queue.o
    0x08006d08   0x08006d08   0x00000074   Code   RO         4151    i.xTaskCheckForTimeOut  tasks.o
    0x08006d7c   0x08006d7c   0x0000005a   Code   RO         4152    i.xTaskCreate       tasks.o
    0x08006dd6   0x08006dd6   0x0000005a   Code   RO         4153    i.xTaskCreateStatic  tasks.o
    0x08006e30   0x08006e30   0x0000001c   Code   RO         4157    i.xTaskGetSchedulerState  tasks.o
    0x08006e4c   0x08006e4c   0x0000000c   Code   RO         4158    i.xTaskGetTickCount  tasks.o
    0x08006e58   0x08006e58   0x000000c8   Code   RO         4160    i.xTaskIncrementTick  tasks.o
    0x08006f20   0x08006f20   0x0000007c   Code   RO         4163    i.xTaskPriorityDisinherit  tasks.o
    0x08006f9c   0x08006f9c   0x00000070   Code   RO         4165    i.xTaskRemoveFromEventList  tasks.o
    0x0800700c   0x0800700c   0x000000c0   Code   RO         4166    i.xTaskResumeAll    tasks.o
    0x080070cc   0x080070cc   0x00000060   Code   RO         4491    i.xTimerCreateTimerTask  timers.o
    0x0800712c   0x0800712c   0x00000064   Code   RO         4492    i.xTimerGenericCommand  timers.o
    0x08007190   0x08007190   0x0000003c   Code   RO         6183    i.yanse_init        sensor.o
    0x080071cc   0x080071cc   0x00000094   Code   RO         6184    i.yanse_read        sensor.o
    0x08007260   0x08007260   0x00000124   Data   RO          312    .constdata          freertos.o
    0x08007384   0x08007384   0x00000008   Data   RO         1513    .constdata          stm32f4xx_hal_dma.o
    0x0800738c   0x0800738c   0x00000010   Data   RO         3503    .constdata          system_stm32f4xx.o
    0x0800739c   0x0800739c   0x00000008   Data   RO         3504    .constdata          system_stm32f4xx.o
    0x080073a4   0x080073a4   0x00000002   Data   RO         5338    .constdata          communication.o
    0x080073a6   0x080073a6   0x00000002   PAD
    0x080073a8   0x080073a8   0x00000076   Data   RO          313    .conststring        freertos.o
    0x0800741e   0x0800741e   0x00000002   PAD
    0x08007420   0x08007420   0x00000020   Data   RO         6636    Region$$Table       anon$$obj.o


    Execution Region RW_IRAM2 (Exec base: 0x10000000, Load base: 0x08007474, Size: 0x00000000, Max: 0x00010000, ABSOLUTE)

    **** No section assigned to this execution region ****


    Execution Region RW_IRAM1 (Exec base: 0x20000000, Load base: 0x08007440, Size: 0x00005c10, Max: 0x00020000, ABSOLUTE, COMPRESSED[0x00000034])

    Exec Addr    Load Addr    Size         Type   Attr      Idx    E Section Name        Object

    0x20000000   COMPRESSED   0x00000030   Data   RW          314    .data               freertos.o
    0x20000030   COMPRESSED   0x00000004   Data   RW          394    .data               can.o
    0x20000034   COMPRESSED   0x0000000c   Data   RW         1940    .data               stm32f4xx_hal.o
    0x20000040   COMPRESSED   0x00000004   Data   RW         3505    .data               system_stm32f4xx.o
    0x20000044   COMPRESSED   0x0000003c   Data   RW         4169    .data               tasks.o
    0x20000080   COMPRESSED   0x00000014   Data   RW         4500    .data               timers.o
    0x20000094   COMPRESSED   0x00000004   Data   RW         4725    .data               cmsis_os2.o
    0x20000098   COMPRESSED   0x00000020   Data   RW         5171    .data               heap_4.o
    0x200000b8   COMPRESSED   0x0000000c   Data   RW         5227    .data               port.o
    0x200000c4   COMPRESSED   0x00000004   Data   RW         5340    .data               communication.o
    0x200000c8   COMPRESSED   0x0000001c   Data   RW         5342    .data               communication.o
    0x200000e4   COMPRESSED   0x00000012   Data   RW         5595    .data               user_can_init.o
    0x200000f6   COMPRESSED   0x00000002   PAD
    0x200000f8   COMPRESSED   0x00000004   Data   RW         5634    .data               rm_motor.o
    0x200000fc   COMPRESSED   0x0000002c   Data   RW         5868    .data               body_controllers.o
    0x20000128   COMPRESSED   0x00000008   Data   RW         6100    .data               air_joy.o
    0x20000130   COMPRESSED   0x00000002   Data   RW         6101    .data               air_joy.o
    0x20000132   COMPRESSED   0x00000002   PAD
    0x20000134   COMPRESSED   0x00000018   Data   RW         6102    .data               air_joy.o
    0x2000014c   COMPRESSED   0x00000004   Data   RW         6103    .data               air_joy.o
    0x20000150   COMPRESSED   0x00000029   Data   RW         6188    .data               sensor.o
    0x20000179   COMPRESSED   0x00000003   PAD
    0x2000017c   COMPRESSED   0x00000010   Data   RW         6314    .data               sw_i2c.o
    0x2000018c   COMPRESSED   0x00000010   Data   RW         6315    .data               sw_i2c.o
    0x2000019c   COMPRESSED   0x00000010   Data   RW         6316    .data               sw_i2c.o
    0x200001ac   COMPRESSED   0x0000001a   Data   RW         6449    .data               servo.o
    0x200001c6   COMPRESSED   0x00000002   PAD
    0x200001c8   COMPRESSED   0x00000004   Data   RW         6609    .data               mc_w.l(errno.o)
    0x200001cc        -       0x00000050   Zero   RW          393    .bss                can.o
    0x2000021c        -       0x000000d8   Zero   RW          468    .bss                tim.o
    0x200002f4        -       0x00000170   Zero   RW          530    .bss                usart.o
    0x20000464        -       0x00000048   Zero   RW          769    .bss                stm32f4xx_hal_timebase_tim.o
    0x200004ac        -       0x00000040   Zero   RW         3744    .bss                queue.o
    0x200004ec        -       0x000004c4   Zero   RW         4168    .bss                tasks.o
    0x200009b0        -       0x00000118   Zero   RW         4499    .bss                timers.o
    0x20000ac8        -       0x000006b8   Zero   RW         4724    .bss                cmsis_os2.o
    0x20001180        -       0x00003c00   Zero   RW         5170    .bss                heap_4.o
    0x20004d80        -       0x00000040   Zero   RW         5298    .bss                chassis.o
    0x20004dc0        -       0x0000000d   Zero   RW         5337    .bss                communication.o
    0x20004dcd   COMPRESSED   0x00000003   PAD
    0x20004dd0        -       0x000008e0   Zero   RW         5445    .bss                motor_drive.o
    0x200056b0        -       0x000000d8   Zero   RW         5446    .bss                motor_drive.o
    0x20005788        -       0x0000005c   Zero   RW         5867    .bss                body_controllers.o
    0x200057e4        -       0x00000028   Zero   RW         6099    .bss                air_joy.o
    0x2000580c   COMPRESSED   0x00000004   PAD
    0x20005810        -       0x00000400   Zero   RW            1    STACK               startup_stm32f407xx.o


==============================================================================

Image component sizes


      Code (inc. data)   RO Data    RW Data    ZI Data      Debug   Object Name

       136         10          0         38         40       1661   air_joy.o
      1752        150          0         44         92      11508   body_controllers.o
       492         44          0          4         80       2646   can.o
         0          0          0          0         64       1284   chassis.o
       516         22          0          4       1720      67464   cmsis_os2.o
       790         96          2         32         13       6817   communication.o
       708        102          0          0          0       1629   config.o
        44          4          0          0          0        818   dma.o
         0          0          0          0          0      19548   event_groups.o
       452         86        410         48          0       6812   freertos.o
       192         18          0          0          0       1121   fsm.o
       492         24          0          0          0       1259   gpio.o
       472         24          0         32      15360       5067   heap_4.o
       138          0          0          0          0       3666   list.o
       468         68          0          0          0     720874   main.o
      1502         58          0          0       2488       7417   motor_drive.o
       462         14          0          0          0       3148   pid.o
       786         80          0         12          0      11745   port.o
      1646         18          0          0         64      20796   queue.o
       684         44          0          4          0       2848   rm_motor.o
       350         32          0         41          0       6536   sensor.o
       360         42          0         26          0       3262   servo.o
        36          8        392          0       1024        852   startup_stm32f407xx.o
       116         18          0         12          0       8870   stm32f4xx_hal.o
      1700          6          0          0          0      15773   stm32f4xx_hal_can.o
       192         14          0          0          0      33948   stm32f4xx_hal_cortex.o
      1032         16          8          0          0       6544   stm32f4xx_hal_dma.o
       796         94          0          0          0       4700   stm32f4xx_hal_gpio.o
        56          4          0          0          0        910   stm32f4xx_hal_msp.o
      1388         82          0          0          0       6181   stm32f4xx_hal_rcc.o
      2028        138          0          0          0      18046   stm32f4xx_hal_tim.o
       148         28          0          0          0       2621   stm32f4xx_hal_tim_ex.o
       152         20          0          0         72       1543   stm32f4xx_hal_timebase_tim.o
      1374         16          0          0          0       9568   stm32f4xx_hal_uart.o
       186         84          0          0          0      10280   stm32f4xx_it.o
         0          0          0          0          0        384   stream_buffer.o
       774         58          0         48          0      12717   sw_i2c.o
        16          4         24          4          0       1187   system_stm32f4xx.o
      2066        160          0         60       1220      27508   tasks.o
       468         50          0          0        216       3800   tim.o
       972         82          0         20        280      32519   timers.o
       864        114          0          0        368       4840   usart.o
       320         28          0         18          0       2651   user_can_init.o
       618         34          0          0          0       7526   vesc_can.o

    ----------------------------------------------------------------------
     27794       1994        872        456      23108    1120894   Object Totals
         0          0         32          0          0          0   (incl. Generated)
        50          0          4          9          7          0   (incl. Padding)

    ----------------------------------------------------------------------

      Code (inc. data)   RO Data    RW Data    ZI Data      Debug   Library Member Name

       122          0          0          0          0        148   sqrt.o
        86          0          0          0          0          0   __dczerorl2.o
         0          0          0          0          0          0   entry.o
         0          0          0          0          0          0   entry10a.o
         0          0          0          0          0          0   entry11a.o
         4          0          0          0          0          0   entry12b.o
         8          4          0          0          0          0   entry2.o
         4          0          0          0          0          0   entry5.o
         0          0          0          0          0          0   entry7b.o
         0          0          0          0          0          0   entry8b.o
         8          4          0          0          0          0   entry9a.o
        12          6          0          4          0         68   errno.o
        30          0          0          0          0          0   handlers.o
        36          8          0          0          0         68   init.o
         0          0          0          0          0          0   iusefp.o
        30          0          0          0          0         68   llshl.o
        32          0          0          0          0         68   llushr.o
        36          0          0          0          0         68   memcpya.o
        36          0          0          0          0        108   memseta.o
        98          0          0          0          0         92   uldiv.o
        56          0          0          0          0         88   d2f.o
       186          0          0          0          0        176   depilogue.o
       162          0          0          0          0        100   dsqrt.o
        38          0          0          0          0         68   f2d.o
       110          0          0          0          0        168   fepilogue.o

    ----------------------------------------------------------------------
      1094         22          0          4          0       1288   Library Totals
         0          0          0          0          0          0   (incl. Padding)

    ----------------------------------------------------------------------

      Code (inc. data)   RO Data    RW Data    ZI Data      Debug   Library Name

       122          0          0          0          0        148   m_wm.l
       420         22          0          4          0        540   mc_w.l
       552          0          0          0          0        600   mf_w.l

    ----------------------------------------------------------------------
      1094         22          0          4          0       1288   Library Totals

    ----------------------------------------------------------------------

==============================================================================


      Code (inc. data)   RO Data    RW Data    ZI Data      Debug   

     28888       2016        872        460      23108    1095298   Grand Totals
     28888       2016        872         52      23108    1095298   ELF Image Totals (compressed)
     28888       2016        872         52          0          0   ROM Totals

==============================================================================

    Total RO  Size (Code + RO Data)                29760 (  29.06kB)
    Total RW  Size (RW Data + ZI Data)             23568 (  23.02kB)
    Total ROM Size (Code + RO Data + RW Data)      29812 (  29.11kB)

==============================================================================

